Archive member included to satisfy reference by file (symbol)

/Applications/STM32CubeIDE.app/Contents/Eclipse/plugins/com.st.stm32cube.ide.mcu.externaltools.gnu-tools-for-stm32.13.3.rel1.macos64_1.0.0.202411102158/tools/bin/../lib/gcc/arm-none-eabi/13.3.1/../../../../arm-none-eabi/lib/thumb/v7e-m+fp/hard/libc_nano.a(libc_a-exit.o)
                              /Applications/STM32CubeIDE.app/Contents/Eclipse/plugins/com.st.stm32cube.ide.mcu.externaltools.gnu-tools-for-stm32.13.3.rel1.macos64_1.0.0.202411102158/tools/bin/../lib/gcc/arm-none-eabi/13.3.1/../../../../arm-none-eabi/lib/thumb/v7e-m+fp/hard/crt0.o (exit)
/Applications/STM32CubeIDE.app/Contents/Eclipse/plugins/com.st.stm32cube.ide.mcu.externaltools.gnu-tools-for-stm32.13.3.rel1.macos64_1.0.0.202411102158/tools/bin/../lib/gcc/arm-none-eabi/13.3.1/../../../../arm-none-eabi/lib/thumb/v7e-m+fp/hard/libc_nano.a(libc_a-findfp.o)
                              /Applications/STM32CubeIDE.app/Contents/Eclipse/plugins/com.st.stm32cube.ide.mcu.externaltools.gnu-tools-for-stm32.13.3.rel1.macos64_1.0.0.202411102158/tools/bin/../lib/gcc/arm-none-eabi/13.3.1/../../../../arm-none-eabi/lib/thumb/v7e-m+fp/hard/libc_nano.a(libc_a-exit.o) (__stdio_exit_handler)
/Applications/STM32CubeIDE.app/Contents/Eclipse/plugins/com.st.stm32cube.ide.mcu.externaltools.gnu-tools-for-stm32.13.3.rel1.macos64_1.0.0.202411102158/tools/bin/../lib/gcc/arm-none-eabi/13.3.1/../../../../arm-none-eabi/lib/thumb/v7e-m+fp/hard/libc_nano.a(libc_a-fwalk.o)
                              /Applications/STM32CubeIDE.app/Contents/Eclipse/plugins/com.st.stm32cube.ide.mcu.externaltools.gnu-tools-for-stm32.13.3.rel1.macos64_1.0.0.202411102158/tools/bin/../lib/gcc/arm-none-eabi/13.3.1/../../../../arm-none-eabi/lib/thumb/v7e-m+fp/hard/libc_nano.a(libc_a-findfp.o) (_fwalk_sglue)
/Applications/STM32CubeIDE.app/Contents/Eclipse/plugins/com.st.stm32cube.ide.mcu.externaltools.gnu-tools-for-stm32.13.3.rel1.macos64_1.0.0.202411102158/tools/bin/../lib/gcc/arm-none-eabi/13.3.1/../../../../arm-none-eabi/lib/thumb/v7e-m+fp/hard/libc_nano.a(libc_a-memset.o)
                              /Applications/STM32CubeIDE.app/Contents/Eclipse/plugins/com.st.stm32cube.ide.mcu.externaltools.gnu-tools-for-stm32.13.3.rel1.macos64_1.0.0.202411102158/tools/bin/../lib/gcc/arm-none-eabi/13.3.1/../../../../arm-none-eabi/lib/thumb/v7e-m+fp/hard/crt0.o (memset)
/Applications/STM32CubeIDE.app/Contents/Eclipse/plugins/com.st.stm32cube.ide.mcu.externaltools.gnu-tools-for-stm32.13.3.rel1.macos64_1.0.0.202411102158/tools/bin/../lib/gcc/arm-none-eabi/13.3.1/../../../../arm-none-eabi/lib/thumb/v7e-m+fp/hard/libc_nano.a(libc_a-errno.o)
                              ./Core/Src/syscalls.o (__errno)
/Applications/STM32CubeIDE.app/Contents/Eclipse/plugins/com.st.stm32cube.ide.mcu.externaltools.gnu-tools-for-stm32.13.3.rel1.macos64_1.0.0.202411102158/tools/bin/../lib/gcc/arm-none-eabi/13.3.1/../../../../arm-none-eabi/lib/thumb/v7e-m+fp/hard/libc_nano.a(libc_a-init.o)
                              /Applications/STM32CubeIDE.app/Contents/Eclipse/plugins/com.st.stm32cube.ide.mcu.externaltools.gnu-tools-for-stm32.13.3.rel1.macos64_1.0.0.202411102158/tools/bin/../lib/gcc/arm-none-eabi/13.3.1/../../../../arm-none-eabi/lib/thumb/v7e-m+fp/hard/crt0.o (__libc_init_array)
/Applications/STM32CubeIDE.app/Contents/Eclipse/plugins/com.st.stm32cube.ide.mcu.externaltools.gnu-tools-for-stm32.13.3.rel1.macos64_1.0.0.202411102158/tools/bin/../lib/gcc/arm-none-eabi/13.3.1/../../../../arm-none-eabi/lib/thumb/v7e-m+fp/hard/libc_nano.a(libc_a-lock.o)
                              /Applications/STM32CubeIDE.app/Contents/Eclipse/plugins/com.st.stm32cube.ide.mcu.externaltools.gnu-tools-for-stm32.13.3.rel1.macos64_1.0.0.202411102158/tools/bin/../lib/gcc/arm-none-eabi/13.3.1/../../../../arm-none-eabi/lib/thumb/v7e-m+fp/hard/libc_nano.a(libc_a-findfp.o) (__retarget_lock_init_recursive)
/Applications/STM32CubeIDE.app/Contents/Eclipse/plugins/com.st.stm32cube.ide.mcu.externaltools.gnu-tools-for-stm32.13.3.rel1.macos64_1.0.0.202411102158/tools/bin/../lib/gcc/arm-none-eabi/13.3.1/../../../../arm-none-eabi/lib/thumb/v7e-m+fp/hard/libc_nano.a(libc_a-impure.o)
                              /Applications/STM32CubeIDE.app/Contents/Eclipse/plugins/com.st.stm32cube.ide.mcu.externaltools.gnu-tools-for-stm32.13.3.rel1.macos64_1.0.0.202411102158/tools/bin/../lib/gcc/arm-none-eabi/13.3.1/../../../../arm-none-eabi/lib/thumb/v7e-m+fp/hard/libc_nano.a(libc_a-errno.o) (_impure_ptr)
/Applications/STM32CubeIDE.app/Contents/Eclipse/plugins/com.st.stm32cube.ide.mcu.externaltools.gnu-tools-for-stm32.13.3.rel1.macos64_1.0.0.202411102158/tools/bin/../lib/gcc/arm-none-eabi/13.3.1/../../../../arm-none-eabi/lib/thumb/v7e-m+fp/hard/libc_nano.a(libc_a-mallocr.o)
[...]
Memory Configuration

Name             Origin             Length             Attributes
RAM              0x20000000         0x00008000         xrw
FLASH            0x08000000         0x0001c000         xr
*default*        0x00000000         0xffffffff

Linker script and memory map

LOAD /Applications/STM32CubeIDE.app/Contents/Eclipse/plugins/com.st.stm32cube.ide.mcu.externaltools.gnu-tools-for-stm32.13.3.rel1.macos64_1.0.0.202411102158/tools/bin/../lib/gcc/arm-none-eabi/13.3.1/thumb/v7e-m+fp/hard/crti.o
LOAD /Applications/STM32CubeIDE.app/Contents/Eclipse/plugins/com.st.stm32cube.ide.mcu.externaltools.gnu-tools-for-stm32.13.3.rel1.macos64_1.0.0.202411102158/tools/bin/../lib/gcc/arm-none-eabi/13.3.1/thumb/v7e-m+fp/hard/crtbegin.o
LOAD /Applications/STM32CubeIDE.app/Contents/Eclipse/plugins/com.st.stm32cube.ide.mcu.externaltools.gnu-tools-for-stm32.13.3.rel1.macos64_1.0.0.202411102158/tools/bin/../lib/gcc/arm-none-eabi/13.3.1/../../../../arm-none-eabi/lib/thumb/v7e-m+fp/hard/crt0.o
LOAD ./Core/Src/communication.o
LOAD ./Core/Src/control.o
LOAD ./Core/Src/current_measurement.o
LOAD ./Core/Src/encoder.o
LOAD ./Core/Src/foc.o
LOAD ./Core/Src/foc_math.o
LOAD ./Core/Src/main.o
LOAD ./Core/Src/observer.o
LOAD ./Core/Src/overcurrent_overvoltage_protection.o
LOAD ./Core/Src/stm32g4xx_hal_msp.o
LOAD ./Core/Src/stm32g4xx_it.o
LOAD ./Core/Src/svm.o
LOAD ./Core/Src/syscalls.o
LOAD ./Core/Src/sysmem.o
LOAD ./Core/Src/system_stm32g4xx.o
LOAD ./Core/Src/task.o
LOAD ./Core/Startup/startup_stm32g431cbux.o
LOAD ./Drivers/STM32G4xx_HAL_Driver/Src/stm32g4xx_hal.o
LOAD ./Drivers/STM32G4xx_HAL_Driver/Src/stm32g4xx_hal_adc.o
LOAD ./Drivers/STM32G4xx_HAL_Driver/Src/stm32g4xx_hal_adc_ex.o
LOAD ./Drivers/STM32G4xx_HAL_Driver/Src/stm32g4xx_hal_comp.o
LOAD ./Drivers/STM32G4xx_HAL_Driver/Src/stm32g4xx_hal_cortex.o
LOAD ./Drivers/STM32G4xx_HAL_Driver/Src/stm32g4xx_hal_dac.o
LOAD ./Drivers/STM32G4xx_HAL_Driver/Src/stm32g4xx_hal_dac_ex.o
LOAD ./Drivers/STM32G4xx_HAL_Driver/Src/stm32g4xx_hal_dma.o
LOAD ./Drivers/STM32G4xx_HAL_Driver/Src/stm32g4xx_hal_dma_ex.o
LOAD ./Drivers/STM32G4xx_HAL_Driver/Src/stm32g4xx_hal_exti.o
LOAD ./Drivers/STM32G4xx_HAL_Driver/Src/stm32g4xx_hal_flash.o
LOAD ./Drivers/STM32G4xx_HAL_Driver/Src/stm32g4xx_hal_flash_ex.o
LOAD ./Drivers/STM32G4xx_HAL_Driver/Src/stm32g4xx_hal_flash_ramfunc.o
LOAD ./Drivers/STM32G4xx_HAL_Driver/Src/stm32g4xx_hal_gpio.o
LOAD ./Drivers/STM32G4xx_HAL_Driver/Src/stm32g4xx_hal_opamp.o
LOAD ./Drivers/STM32G4xx_HAL_Driver/Src/stm32g4xx_hal_opamp_ex.o
LOAD ./Drivers/STM32G4xx_HAL_Driver/Src/stm32g4xx_hal_pwr.o
LOAD ./Drivers/STM32G4xx_HAL_Driver/Src/stm32g4xx_hal_pwr_ex.o
LOAD ./Drivers/STM32G4xx_HAL_Driver/Src/stm32g4xx_hal_rcc.o
LOAD ./Drivers/STM32G4xx_HAL_Driver/Src/stm32g4xx_hal_rcc_ex.o
LOAD ./Drivers/STM32G4xx_HAL_Driver/Src/stm32g4xx_hal_tim.o
LOAD ./Drivers/STM32G4xx_HAL_Driver/Src/stm32g4xx_hal_tim_ex.o
LOAD ./Drivers/STM32G4xx_HAL_Driver/Src/stm32g4xx_hal_uart.o
LOAD ./Drivers/STM32G4xx_HAL_Driver/Src/stm32g4xx_hal_uart_ex.o
LOAD ./Drivers/STM32G4xx_HAL_Driver/Src/stm32g4xx_ll_adc.o
START GROUP
LOAD /Applications/STM32CubeIDE.app/Contents/Eclipse/plugins/com.st.stm32cube.ide.mcu.externaltools.gnu-tools-for-stm32.13.3.rel1.macos64_1.0.0.202411102158/tools/bin/../lib/gcc/arm-none-eabi/13.3.1/../../../../arm-none-eabi/lib/thumb/v7e-m+fp/hard/libc_nano.a
LOAD /Applications/STM32CubeIDE.app/Contents/Eclipse/plugins/com.st.stm32cube.ide.mcu.externaltools.gnu-tools-for-stm32.13.3.rel1.macos64_1.0.0.202411102158/tools/bin/../lib/gcc/arm-none-eabi/13.3.1/../../../../arm-none-eabi/lib/thumb/v7e-m+fp/hard/libm.a
END GROUP
START GROUP
LOAD /Applications/STM32CubeIDE.app/Contents/Eclipse/plugins/com.st.stm32cube.ide.mcu.externaltools.gnu-tools-for-stm32.13.3.rel1.macos64_1.0.0.202411102158/tools/bin/../lib/gcc/arm-none-eabi/13.3.1/thumb/v7e-m+fp/hard/libgcc.a
LOAD /Applications/STM32CubeIDE.app/Contents/Eclipse/plugins/com.st.stm32cube.ide.mcu.externaltools.gnu-tools-for-stm32.13.3.rel1.macos64_1.0.0.202411102158/tools/bin/../lib/gcc/arm-none-eabi/13.3.1/../../../../arm-none-eabi/lib/thumb/v7e-m+fp/hard/libc_nano.a
END GROUP
START GROUP
LOAD /Applications/STM32CubeIDE.app/Contents/Eclipse/plugins/com.st.stm32cube.ide.mcu.externaltools.gnu-tools-for-stm32.13.3.rel1.macos64_1.0.0.202411102158/tools/bin/../lib/gcc/arm-none-eabi/13.3.1/thumb/v7e-m+fp/hard/libgcc.a
LOAD /Applications/STM32CubeIDE.app/Contents/Eclipse/plugins/com.st.stm32cube.ide.mcu.externaltools.gnu-tools-for-stm32.13.3.rel1.macos64_1.0.0.202411102158/tools/bin/../lib/gcc/arm-none-eabi/13.3.1/../../../../arm-none-eabi/lib/thumb/v7e-m+fp/hard/libc_nano.a
LOAD /Applications/STM32CubeIDE.app/Contents/Eclipse/plugins/com.st.stm32cube.ide.mcu.externaltools.gnu-tools-for-stm32.13.3.rel1.macos64_1.0.0.202411102158/tools/bin/../lib/gcc/arm-none-eabi/13.3.1/../../../../arm-none-eabi/lib/thumb/v7e-m+fp/hard/libnosys.a
END GROUP
START GROUP
LOAD /Applications/STM32CubeIDE.app/Contents/Eclipse/plugins/com.st.stm32cube.ide.mcu.externaltools.gnu-tools-for-stm32.13.3.rel1.macos64_1.0.0.202411102158/tools/bin/../lib/gcc/arm-none-eabi/13.3.1/thumb/v7e-m+fp/hard/libgcc.a
LOAD /Applications/STM32CubeIDE.app/Contents/Eclipse/plugins/com.st.stm32cube.ide.mcu.externaltools.gnu-tools-for-stm32.13.3.rel1.macos64_1.0.0.202411102158/tools/bin/../lib/gcc/arm-none-eabi/13.3.1/../../../../arm-none-eabi/lib/thumb/v7e-m+fp/hard/libc_nano.a
LOAD /Applications/STM32CubeIDE.app/Contents/Eclipse/plugins/com.st.stm32cube.ide.mcu.externaltools.gnu-tools-for-stm32.13.3.rel1.macos64_1.0.0.202411102158/tools/bin/../lib/gcc/arm-none-eabi/13.3.1/../../../../arm-none-eabi/lib/thumb/v7e-m+fp/hard/libnosys.a
END GROUP
LOAD /Applications/STM32CubeIDE.app/Contents/Eclipse/plugins/com.st.stm32cube.ide.mcu.externaltools.gnu-tools-for-stm32.13.3.rel1.macos64_1.0.0.202411102158/tools/bin/../lib/gcc/arm-none-eabi/13.3.1/thumb/v7e-m+fp/hard/crtend.o
LOAD /Applications/STM32CubeIDE.app/Contents/Eclipse/plugins/com.st.stm32cube.ide.mcu.externaltools.gnu-tools-for-stm32.13.3.rel1.macos64_1.0.0.202411102158/tools/bin/../lib/gcc/arm-none-eabi/13.3.1/thumb/v7e-m+fp/hard/crtn.o
                0x20008000                        _estack = (ORIGIN (RAM) + LENGTH (RAM))
                0x00000200                        _Min_Heap_Size = 0x200
                0x00000400                        _Min_Stack_Size = 0x400

.isr_vector     0x08000000      0x1d8
                0x08000000                        . = ALIGN (0x4)
 *(.isr_vector)
 .isr_vector    0x08000000      0x1d8 ./Core/Startup/startup_stm32g431cbux.o
                0x08000000                g_pfnVectors
                0x080001d8                        . = ALIGN (0x4)

.text           0x080001d8     0xd1b4
                0x080001d8                        . = ALIGN (0x4)
 *(.text)
 .text          0x080001d8       0x40 /Applications/STM32CubeIDE.app/Contents/Eclipse/plugins/com.st.stm32cube.ide.mcu.externaltools.gnu-tools-for-stm32.13.3.rel1.macos64_1.0.0.202411102158/tools/bin/../lib/gcc/arm-none-eabi/13.3.1/thumb/v7e-m+fp/hard/crtbegin.o
 .text          0x08000218      0x378 /Applications/STM32CubeIDE.app/Contents/Eclipse/plugins/com.st.stm32cube.ide.mcu.externaltools.gnu-tools-for-stm32.13.3.rel1.macos64_1.0.0.202411102158/tools/bin/../lib/gcc/arm-none-eabi/13.3.1/thumb/v7e-m+fp/hard/libgcc.a(_arm_addsubdf3.o)
                0x08000218                __aeabi_drsub
                0x08000220                __subdf3
                0x08000220                __aeabi_dsub
                0x08000224                __aeabi_dadd
                0x08000224                __adddf3
                0x0800049c                __aeabi_ui2d
                0x0800049c                __floatunsidf
                0x080004bc                __floatsidf
                0x080004bc                __aeabi_i2d
                0x080004e0                __extendsfdf2
                0x080004e0                __aeabi_f2d
                0x08000524                __aeabi_ul2d
                0x08000524                __floatundidf
                0x08000534                __aeabi_l2d
                0x08000534                __floatdidf
 .text          0x08000590      0x424 /Applications/STM32CubeIDE.app/Contents/Eclipse/plugins/com.st.stm32cube.ide.mcu.externaltools.gnu-tools-for-stm32.13.3.rel1.macos64_1.0.0.202411102158/tools/bin/../lib/gcc/arm-none-eabi/13.3.1/thumb/v7e-m+fp/hard/libgcc.a(_arm_muldivdf3.o)
                0x08000590                __aeabi_dmul
                0x08000590                __muldf3
                0x080007e4                __aeabi_ddiv
                0x080007e4                __divdf3
 .text          0x080009b4       0xa0 /Applications/STM32CubeIDE.app/Contents/Eclipse/plugins/com.st.stm32cube.ide.mcu.externaltools.gnu-tools-for-stm32.13.3.rel1.macos64_1.0.0.202411102158/tools/bin/../lib/gcc/arm-none-eabi/13.3.1/thumb/v7e-m+fp/hard/libgcc.a(_arm_truncdfsf2.o)
                0x080009b4                __aeabi_d2f
                0x080009b4                __truncdfsf2
 .text          0x08000a54       0x30 /Applications/STM32CubeIDE.app/Contents/Eclipse/plugins/com.st.stm32cube.ide.mcu.externaltools.gnu-tools-for-stm32.13.3.rel1.macos64_1.0.0.202411102158/tools/bin/../lib/gcc/arm-none-eabi/13.3.1/thumb/v7e-m+fp/hard/libgcc.a(_aeabi_uldivmod.o)
                0x08000a54                __aeabi_uldivmod
 .text          0x08000a84      0x2f8 /Applications/STM32CubeIDE.app/Contents/Eclipse/plugins/com.st.stm32cube.ide.mcu.externaltools.gnu-tools-for-stm32.13.3.rel1.macos64_1.0.0.202411102158/tools/bin/../lib/gcc/arm-none-eabi/13.3.1/thumb/v7e-m+fp/hard/libgcc.a(_udivmoddi4.o)
                0x08000a84                __udivmoddi4
 .text          0x08000d7c        0x4 /Applications/STM32CubeIDE.app/Contents/Eclipse/plugins/com.st.stm32cube.ide.mcu.externaltools.gnu-tools-for-stm32.13.3.rel1.macos64_1.0.0.202411102158/tools/bin/../lib/gcc/arm-none-eabi/13.3.1/thumb/v7e-m+fp/hard/libgcc.a(_dvmd_tls.o)
                0x08000d7c                __aeabi_ldiv0
                0x08000d7c                __aeabi_idiv0
 *(.text*)
 .text.init_communication
                0x08000d80       0xa4 ./Core/Src/communication.o
                0x08000d80                init_communication
 .text.HAL_UART_RxCpltCallback
                0x08000e24       0xe0 ./Core/Src/communication.o
                0x08000e24                HAL_UART_RxCpltCallback
 .text.automatic_switch_off
                0x08000f04       0x20 ./Core/Src/communication.o
                0x08000f04                automatic_switch_off
 .text.init_control_functions
                0x08000f24       0xb8 ./Core/Src/control.o
                0x08000f24                init_control_functions
 .text.clear_control_parameter
                0x08000fdc       0x88 ./Core/Src/control.o
                0x08000fdc                clear_control_parameter
 .text.update_PI_parameter
                0x08001064       0xe0 ./Core/Src/control.o
                0x08001064                update_PI_parameter
 .text.PI_iq    0x08001144      0x134 ./Core/Src/control.o
                0x08001144                PI_iq
 .text.PI_id    0x08001278      0x120 ./Core/Src/control.o
                0x08001278                PI_id
 .text.PI_id_iq
                0x08001398      0x168 ./Core/Src/control.o
                0x08001398                PI_id_iq
 .text.PI_speed
                0x08001500      0x19c ./Core/Src/control.o
                0x08001500                PI_speed
 .text.reset_pi_integrator
                0x0800169c       0x40 ./Core/Src/control.o
                0x0800169c                reset_pi_integrator
 .text.init_current_measurement
                0x080016dc       0x88 ./Core/Src/current_measurement.o
                0x080016dc                init_current_measurement
 *fill*         0x08001764        0x4 
 .text.execute_current_measurement
                0x08001768      0x39c ./Core/Src/current_measurement.o
                0x08001768                execute_current_measurement
 .text.get_realCurrent
                0x08001b04       0x44 ./Core/Src/current_measurement.o
                0x08001b04                get_realCurrent
 .text.execute_voltage_measurement
                0x08001b48       0x1c ./Core/Src/current_measurement.o
                0x08001b48                execute_voltage_measurement
 .text.get_voltage_value
                0x08001b64       0x1c ./Core/Src/current_measurement.o
                0x08001b64                get_voltage_value
 .text.HAL_ADC_ConvCpltCallback
                0x08001b80       0x3c ./Core/Src/current_measurement.o
                0x08001b80                HAL_ADC_ConvCpltCallback
 .text.init_encoder
                0x08001bbc       0x44 ./Core/Src/encoder.o
                0x08001bbc                init_encoder
 .text.set_encoder_to_zero
                0x08001c00       0x24 ./Core/Src/encoder.o
                0x08001c00                set_encoder_to_zero
 .text.calc_speed_and_position
                0x08001c24      0x10c ./Core/Src/encoder.o
                0x08001c24                calc_speed_and_position
 .text.get_el_angle
                0x08001d30       0x94 ./Core/Src/encoder.o
                0x08001d30                get_el_angle
 .text.speed_calculation
                0x08001dc4       0x16 ./Core/Src/encoder.o
                0x08001dc4                speed_calculation
 *fill*         0x08001dda        0x2 
 .text.init_foc
                0x08001ddc       0x98 ./Core/Src/foc.o
                0x08001ddc                init_foc
 .text.clear_foc
                0x08001e74       0x78 ./Core/Src/foc.o
                0x08001e74                clear_foc
 .text.execute_FOC
                0x08001eec      0x508 ./Core/Src/foc.o
                0x08001eec                execute_FOC
 .text.goto_position
                0x080023f4       0xf2 ./Core/Src/foc.o
                0x080023f4                goto_position
 *fill*         0x080024e6        0x2 
 .text.clark_transformation
                0x080024e8       0x80 ./Core/Src/foc.o
                0x080024e8                clark_transformation
 .text.park_transformation
                0x08002568       0x98 ./Core/Src/foc.o
                0x08002568                park_transformation
 .text.inverse_park_transformation
                0x08002600       0x94 ./Core/Src/foc.o
                0x08002600                inverse_park_transformation
 *fill*         0x08002694        0x4 
 .text.inverse_clark_transformation
                0x08002698      0x108 ./Core/Src/foc.o
                0x08002698                inverse_clark_transformation
 .text.generate_openloop
                0x080027a0       0x80 ./Core/Src/foc.o
                0x080027a0                generate_openloop
 .text.init_math
                0x08002820       0xc4 ./Core/Src/foc_math.o
                0x08002820                init_math
 .text.getSineValue_360
                0x080028e4       0x6c ./Core/Src/foc_math.o
                0x080028e4                getSineValue_360
 .text.getCosValue_360
                0x08002950       0x78 ./Core/Src/foc_math.o
                0x08002950                getCosValue_360
 .text.IIR_LP_filter_dq
                0x080029c8      0x10c ./Core/Src/foc_math.o
                0x080029c8                IIR_LP_filter_dq
 .text.circle_limiter_maxVoltage
                0x08002ad4      0x114 ./Core/Src/foc_math.o
                0x08002ad4                circle_limiter_maxVoltage
 .text.eucl_norm2_approx
                0x08002be8      0x12e ./Core/Src/foc_math.o
                0x08002be8                eucl_norm2_approx
 *fill*         0x08002d16        0x2 
 .text.main     0x08002d18      0x190 ./Core/Src/main.o
                0x08002d18                main
 .text.SystemClock_Config
                0x08002ea8       0x92 ./Core/Src/main.o
                0x08002ea8                SystemClock_Config
 *fill*         0x08002f3a        0x2 
 .text.MX_ADC1_Init
                0x08002f3c      0x108 ./Core/Src/main.o
 .text.MX_ADC2_Init
                0x08003044      0x130 ./Core/Src/main.o
 .text.MX_COMP1_Init
                0x08003174       0x4c ./Core/Src/main.o
 .text.MX_COMP2_Init
                0x080031c0       0x4c ./Core/Src/main.o
 .text.MX_COMP4_Init
                0x0800320c       0x4c ./Core/Src/main.o
 .text.MX_DAC1_Init
                0x08003258       0x88 ./Core/Src/main.o
 .text.MX_DAC3_Init
                0x080032e0       0x74 ./Core/Src/main.o
 .text.MX_OPAMP1_Init
                0x08003354       0x5c ./Core/Src/main.o
 .text.MX_OPAMP2_Init
                0x080033b0       0x5c ./Core/Src/main.o
 .text.MX_OPAMP3_Init
                0x0800340c       0x5c ./Core/Src/main.o
 .text.MX_TIM1_Init
                0x08003468      0x1b0 ./Core/Src/main.o
 .text.MX_TIM2_Init
                0x08003618       0xe8 ./Core/Src/main.o
 .text.MX_TIM4_Init
                0x08003700       0xac ./Core/Src/main.o
 .text.MX_USART2_UART_Init
                0x080037ac       0x98 ./Core/Src/main.o
 .text.MX_DMA_Init
                0x08003844       0x8c ./Core/Src/main.o
 .text.MX_GPIO_Init
                0x080038d0       0xe0 ./Core/Src/main.o
 .text.Error_Handler
                0x080039b0        0xc ./Core/Src/main.o
                0x080039b0                Error_Handler
 .text.init_observer
                0x080039bc       0xe0 ./Core/Src/observer.o
                0x080039bc                init_observer
 .text.state_observer_reset
                0x08003a9c       0x44 ./Core/Src/observer.o
                0x08003a9c                state_observer_reset
 .text.state_observer_speed
                0x08003ae0      0x158 ./Core/Src/observer.o
                0x08003ae0                state_observer_speed
 .text.start_time_measurement
                0x08003c38       0x14 ./Core/Src/observer.o
                0x08003c38                start_time_measurement
 .text.stopp_time_measurement
                0x08003c4c       0x28 ./Core/Src/observer.o
                0x08003c4c                stopp_time_measurement
 .text.HAL_MspInit
                0x08003c74       0x48 ./Core/Src/stm32g4xx_hal_msp.o
                0x08003c74                HAL_MspInit
 .text.HAL_ADC_MspInit
                0x08003cbc      0x1fc ./Core/Src/stm32g4xx_hal_msp.o
                0x08003cbc                HAL_ADC_MspInit
 .text.HAL_COMP_MspInit
                0x08003eb8      0x11c ./Core/Src/stm32g4xx_hal_msp.o
                0x08003eb8                HAL_COMP_MspInit
 .text.HAL_DAC_MspInit
                0x08003fd4       0x84 ./Core/Src/stm32g4xx_hal_msp.o
                0x08003fd4                HAL_DAC_MspInit
 .text.HAL_OPAMP_MspInit
                0x08004058       0xec ./Core/Src/stm32g4xx_hal_msp.o
                0x08004058                HAL_OPAMP_MspInit
 .text.HAL_TIM_Base_MspInit
                0x08004144       0x64 ./Core/Src/stm32g4xx_hal_msp.o
                0x08004144                HAL_TIM_Base_MspInit
 .text.HAL_TIM_Encoder_MspInit
                0x080041a8       0x98 ./Core/Src/stm32g4xx_hal_msp.o
                0x080041a8                HAL_TIM_Encoder_MspInit
 .text.HAL_TIM_MspPostInit
                0x08004240       0xec ./Core/Src/stm32g4xx_hal_msp.o
                0x08004240                HAL_TIM_MspPostInit
 .text.HAL_UART_MspInit
                0x0800432c      0x16c ./Core/Src/stm32g4xx_hal_msp.o
                0x0800432c                HAL_UART_MspInit
 .text.NMI_Handler
                0x08004498        0x8 ./Core/Src/stm32g4xx_it.o
                0x08004498                NMI_Handler
 .text.HardFault_Handler
                0x080044a0        0x8 ./Core/Src/stm32g4xx_it.o
                0x080044a0                HardFault_Handler
 .text.MemManage_Handler
                0x080044a8        0x8 ./Core/Src/stm32g4xx_it.o
                0x080044a8                MemManage_Handler
 .text.BusFault_Handler
                0x080044b0        0x8 ./Core/Src/stm32g4xx_it.o
                0x080044b0                BusFault_Handler
 .text.UsageFault_Handler
                0x080044b8        0x8 ./Core/Src/stm32g4xx_it.o
                0x080044b8                UsageFault_Handler
 .text.SVC_Handler
                0x080044c0        0xe ./Core/Src/stm32g4xx_it.o
                0x080044c0                SVC_Handler
 .text.DebugMon_Handler
                0x080044ce        0xe ./Core/Src/stm32g4xx_it.o
                0x080044ce                DebugMon_Handler
 .text.PendSV_Handler
                0x080044dc        0xe ./Core/Src/stm32g4xx_it.o
                0x080044dc                PendSV_Handler
 .text.SysTick_Handler
                0x080044ea        0xc ./Core/Src/stm32g4xx_it.o
                0x080044ea                SysTick_Handler
 *fill*         0x080044f6        0x2 
 .text.DMA1_Channel1_IRQHandler
                0x080044f8       0x14 ./Core/Src/stm32g4xx_it.o
                0x080044f8                DMA1_Channel1_IRQHandler
 .text.DMA1_Channel2_IRQHandler
                0x0800450c       0x14 ./Core/Src/stm32g4xx_it.o
                0x0800450c                DMA1_Channel2_IRQHandler
 .text.ADC1_2_IRQHandler
                0x08004520       0x24 ./Core/Src/stm32g4xx_it.o
                0x08004520                ADC1_2_IRQHandler
 .text.EXTI9_5_IRQHandler
                0x08004544       0x10 ./Core/Src/stm32g4xx_it.o
                0x08004544                EXTI9_5_IRQHandler
 .text.TIM4_IRQHandler
                0x08004554       0x14 ./Core/Src/stm32g4xx_it.o
                0x08004554                TIM4_IRQHandler
 .text.TIM6_DAC_IRQHandler
                0x08004568       0x1c ./Core/Src/stm32g4xx_it.o
                0x08004568                TIM6_DAC_IRQHandler
 .text.DMA2_Channel1_IRQHandler
                0x08004584       0x14 ./Core/Src/stm32g4xx_it.o
                0x08004584                DMA2_Channel1_IRQHandler
 .text.COMP1_2_3_IRQHandler
                0x08004598       0x1c ./Core/Src/stm32g4xx_it.o
                0x08004598                COMP1_2_3_IRQHandler
 .text.COMP4_IRQHandler
                0x080045b4       0x14 ./Core/Src/stm32g4xx_it.o
                0x080045b4                COMP4_IRQHandler
 .text.init_SVM
                0x080045c8       0x24 ./Core/Src/svm.o
                0x080045c8                init_SVM
 .text.execute_SVM_matlab
                0x080045ec      0x2ac ./Core/Src/svm.o
                0x080045ec                execute_SVM_matlab
 .text.SVM_input_Va_Vb_Vc
                0x08004898      0x1c8 ./Core/Src/svm.o
                0x08004898                SVM_input_Va_Vb_Vc
 .text.Sinus_Va_Vb_Vc
                0x08004a60       0x60 ./Core/Src/svm.o
                0x08004a60                Sinus_Va_Vb_Vc
 .text.set_output_to_zero
                0x08004ac0       0x24 ./Core/Src/svm.o
                0x08004ac0                set_output_to_zero
 .text.SystemInit
                0x08004ae4       0x24 ./Core/Src/system_stm32g4xx.o
                0x08004ae4                SystemInit
 .text.init_task
                0x08004b08      0x12c ./Core/Src/task.o
                0x08004b08                init_task
 .text.time_management
                0x08004c34       0x3c ./Core/Src/task.o
                0x08004c34                time_management
 .text.engine_mode_observer
                0x08004c70       0x34 ./Core/Src/task.o
                0x08004c70                engine_mode_observer
 .text.switch_state_observer
                0x08004ca4       0x40 ./Core/Src/task.o
                0x08004ca4                switch_state_observer
 .text.engine_start_function
                0x08004ce4       0x18 ./Core/Src/task.o
                0x08004ce4                engine_start_function
 .text.engine_stopp_function
                0x08004cfc       0x18 ./Core/Src/task.o
                0x08004cfc                engine_stopp_function
 .text.engine_init_function
                0x08004d14       0x18 ./Core/Src/task.o
                0x08004d14                engine_init_function
 .text.highspeed_task
                0x08004d2c      0x41c ./Core/Src/task.o
                0x08004d2c                highspeed_task
 .text.middlespeed_task
                0x08005148       0xc0 ./Core/Src/task.o
                0x08005148                middlespeed_task
 .text.lowspeed_task
                0x08005208       0x44 ./Core/Src/task.o
                0x08005208                lowspeed_task
 .text.test_function_speed
                0x0800524c       0xd4 ./Core/Src/task.o
                0x0800524c                test_function_speed
 .text.Reset_Handler
                0x08005320       0x50 ./Core/Startup/startup_stm32g431cbux.o
                0x08005320                Reset_Handler
 .text.Default_Handler
                0x08005370        0x2 ./Core/Startup/startup_stm32g431cbux.o
                0x08005370                TIM1_BRK_TIM15_IRQHandler
                0x08005370                EXTI2_IRQHandler
                0x08005370                TIM8_TRG_COM_IRQHandler
                0x08005370                TIM8_CC_IRQHandler
                0x08005370                TIM1_CC_IRQHandler
                0x08005370                USB_HP_IRQHandler
                0x08005370                CORDIC_IRQHandler
                0x08005370                EXTI3_IRQHandler
                0x08005370                I2C3_ER_IRQHandler
                0x08005370                EXTI0_IRQHandler
                0x08005370                I2C2_EV_IRQHandler
                0x08005370                FPU_IRQHandler
                0x08005370                FDCAN1_IT1_IRQHandler
                0x08005370                TIM1_UP_TIM16_IRQHandler
                0x08005370                SPI1_IRQHandler
                0x08005370                TIM8_UP_IRQHandler
                0x08005370                DMA2_Channel2_IRQHandler
                0x08005370                DMA1_Channel4_IRQHandler
                0x08005370                USART3_IRQHandler
                0x08005370                I2C1_EV_IRQHandler
                0x08005370                DMA1_Channel6_IRQHandler
                0x08005370                UART4_IRQHandler
                0x08005370                DMA2_Channel4_IRQHandler
                0x08005370                TIM3_IRQHandler
                0x08005370                RCC_IRQHandler
                0x08005370                Default_Handler
                0x08005370                RTC_TAMP_LSECSS_IRQHandler
                0x08005370                FMAC_IRQHandler
                0x08005370                EXTI15_10_IRQHandler
                0x08005370                TIM7_IRQHandler
                0x08005370                UCPD1_IRQHandler
                0x08005370                I2C3_EV_IRQHandler
                0x08005370                RTC_WKUP_IRQHandler
                0x08005370                PVD_PVM_IRQHandler
                0x08005370                SPI2_IRQHandler
                0x08005370                DMA2_Channel5_IRQHandler
                0x08005370                CRS_IRQHandler
                0x08005370                DMA1_Channel5_IRQHandler
                0x08005370                USB_LP_IRQHandler
                0x08005370                EXTI4_IRQHandler
                0x08005370                RNG_IRQHandler
                0x08005370                TIM1_TRG_COM_TIM17_IRQHandler
                0x08005370                DMA1_Channel3_IRQHandler
                0x08005370                WWDG_IRQHandler
                0x08005370                LPUART1_IRQHandler
                0x08005370                DMA2_Channel6_IRQHandler
                0x08005370                FDCAN1_IT0_IRQHandler
                0x08005370                TIM2_IRQHandler
                0x08005370                EXTI1_IRQHandler
                0x08005370                USART2_IRQHandler
                0x08005370                I2C2_ER_IRQHandler
                0x08005370                TIM8_BRK_IRQHandler
                0x08005370                FLASH_IRQHandler
                0x08005370                USART1_IRQHandler
                0x08005370                SPI3_IRQHandler
                0x08005370                I2C1_ER_IRQHandler
                0x08005370                LPTIM1_IRQHandler
                0x08005370                DMAMUX_OVR_IRQHandler
                0x08005370                USBWakeUp_IRQHandler
                0x08005370                SAI1_IRQHandler
                0x08005370                DMA2_Channel3_IRQHandler
                0x08005370                RTC_Alarm_IRQHandler
 .text.HAL_Init
                0x08005372       0x30 ./Drivers/STM32G4xx_HAL_Driver/Src/stm32g4xx_hal.o
                0x08005372                HAL_Init
 *fill*         0x080053a2        0x2 
 .text.HAL_InitTick
                0x080053a4       0x74 ./Drivers/STM32G4xx_HAL_Driver/Src/stm32g4xx_hal.o
                0x080053a4                HAL_InitTick
 .text.HAL_IncTick
                0x08005418       0x24 ./Drivers/STM32G4xx_HAL_Driver/Src/stm32g4xx_hal.o
                0x08005418                HAL_IncTick
 .text.HAL_GetTick
                0x0800543c       0x18 ./Drivers/STM32G4xx_HAL_Driver/Src/stm32g4xx_hal.o
                0x0800543c                HAL_GetTick
 .text.HAL_Delay
                0x08005454       0x44 ./Drivers/STM32G4xx_HAL_Driver/Src/stm32g4xx_hal.o
                0x08005454                HAL_Delay
 .text.LL_ADC_SetCommonClock
                0x08005498       0x26 ./Drivers/STM32G4xx_HAL_Driver/Src/stm32g4xx_hal_adc.o
 .text.LL_ADC_SetCommonPathInternalCh
                0x080054be       0x26 ./Drivers/STM32G4xx_HAL_Driver/Src/stm32g4xx_hal_adc.o
 .text.LL_ADC_GetCommonPathInternalCh
                0x080054e4       0x1c ./Drivers/STM32G4xx_HAL_Driver/Src/stm32g4xx_hal_adc.o
 .text.LL_ADC_SetOffset
                0x08005500       0x48 ./Drivers/STM32G4xx_HAL_Driver/Src/stm32g4xx_hal_adc.o
 .text.LL_ADC_GetOffsetChannel
                0x08005548       0x2c ./Drivers/STM32G4xx_HAL_Driver/Src/stm32g4xx_hal_adc.o
 .text.LL_ADC_SetOffsetState
                0x08005574       0x36 ./Drivers/STM32G4xx_HAL_Driver/Src/stm32g4xx_hal_adc.o
 .text.LL_ADC_SetOffsetSign
                0x080055aa       0x36 ./Drivers/STM32G4xx_HAL_Driver/Src/stm32g4xx_hal_adc.o
 .text.LL_ADC_SetOffsetSaturation
                0x080055e0       0x36 ./Drivers/STM32G4xx_HAL_Driver/Src/stm32g4xx_hal_adc.o
 .text.LL_ADC_SetSamplingTimeCommonConfig
                0x08005616       0x26 ./Drivers/STM32G4xx_HAL_Driver/Src/stm32g4xx_hal_adc.o
 .text.LL_ADC_REG_IsTriggerSourceSWStart
                0x0800563c       0x26 ./Drivers/STM32G4xx_HAL_Driver/Src/stm32g4xx_hal_adc.o
 .text.LL_ADC_REG_SetSequencerRanks
                0x08005662       0x58 ./Drivers/STM32G4xx_HAL_Driver/Src/stm32g4xx_hal_adc.o
 .text.LL_ADC_INJ_IsTriggerSourceSWStart
                0x080056ba       0x26 ./Drivers/STM32G4xx_HAL_Driver/Src/stm32g4xx_hal_adc.o
 .text.LL_ADC_SetChannelSamplingTime
                0x080056e0       0x56 ./Drivers/STM32G4xx_HAL_Driver/Src/stm32g4xx_hal_adc.o
 *fill*         0x08005736        0x2 
 .text.LL_ADC_SetChannelSingleDiff
                0x08005738       0x48 ./Drivers/STM32G4xx_HAL_Driver/Src/stm32g4xx_hal_adc.o
 .text.LL_ADC_GetMultimode
                0x08005780       0x1c ./Drivers/STM32G4xx_HAL_Driver/Src/stm32g4xx_hal_adc.o
 .text.LL_ADC_GetMultiDMATransfer
                0x0800579c       0x1c ./Drivers/STM32G4xx_HAL_Driver/Src/stm32g4xx_hal_adc.o
 .text.LL_ADC_DisableDeepPowerDown
                0x080057b8       0x24 ./Drivers/STM32G4xx_HAL_Driver/Src/stm32g4xx_hal_adc.o
 .text.LL_ADC_IsDeepPowerDownEnabled
                0x080057dc       0x28 ./Drivers/STM32G4xx_HAL_Driver/Src/stm32g4xx_hal_adc.o
 .text.LL_ADC_EnableInternalRegulator
                0x08005804       0x28 ./Drivers/STM32G4xx_HAL_Driver/Src/stm32g4xx_hal_adc.o
 .text.LL_ADC_IsInternalRegulatorEnabled
                0x0800582c       0x28 ./Drivers/STM32G4xx_HAL_Driver/Src/stm32g4xx_hal_adc.o
 .text.LL_ADC_Enable
                0x08005854       0x28 ./Drivers/STM32G4xx_HAL_Driver/Src/stm32g4xx_hal_adc.o
 .text.LL_ADC_Disable
                0x0800587c       0x28 ./Drivers/STM32G4xx_HAL_Driver/Src/stm32g4xx_hal_adc.o
 .text.LL_ADC_IsEnabled
                0x080058a4       0x26 ./Drivers/STM32G4xx_HAL_Driver/Src/stm32g4xx_hal_adc.o
 .text.LL_ADC_IsDisableOngoing
                0x080058ca       0x26 ./Drivers/STM32G4xx_HAL_Driver/Src/stm32g4xx_hal_adc.o
 .text.LL_ADC_REG_StartConversion
                0x080058f0       0x28 ./Drivers/STM32G4xx_HAL_Driver/Src/stm32g4xx_hal_adc.o
 .text.LL_ADC_REG_IsConversionOngoing
                0x08005918       0x26 ./Drivers/STM32G4xx_HAL_Driver/Src/stm32g4xx_hal_adc.o
 .text.LL_ADC_INJ_IsConversionOngoing
                0x0800593e       0x26 ./Drivers/STM32G4xx_HAL_Driver/Src/stm32g4xx_hal_adc.o
 .text.HAL_ADC_Init
                0x08005964      0x308 ./Drivers/STM32G4xx_HAL_Driver/Src/stm32g4xx_hal_adc.o
                0x08005964                HAL_ADC_Init
 .text.HAL_ADC_Start_DMA
                0x08005c6c      0x168 ./Drivers/STM32G4xx_HAL_Driver/Src/stm32g4xx_hal_adc.o
                0x08005c6c                HAL_ADC_Start_DMA
 .text.HAL_ADC_IRQHandler
                0x08005dd4      0x434 ./Drivers/STM32G4xx_HAL_Driver/Src/stm32g4xx_hal_adc.o
                0x08005dd4                HAL_ADC_IRQHandler
 .text.HAL_ADC_ConvHalfCpltCallback
                0x08006208       0x14 ./Drivers/STM32G4xx_HAL_Driver/Src/stm32g4xx_hal_adc.o
                0x08006208                HAL_ADC_ConvHalfCpltCallback
 .text.HAL_ADC_LevelOutOfWindowCallback
                0x0800621c       0x14 ./Drivers/STM32G4xx_HAL_Driver/Src/stm32g4xx_hal_adc.o
                0x0800621c                HAL_ADC_LevelOutOfWindowCallback
 .text.HAL_ADC_ErrorCallback
                0x08006230       0x14 ./Drivers/STM32G4xx_HAL_Driver/Src/stm32g4xx_hal_adc.o
                0x08006230                HAL_ADC_ErrorCallback
 .text.HAL_ADC_ConfigChannel
                0x08006244      0x7e0 ./Drivers/STM32G4xx_HAL_Driver/Src/stm32g4xx_hal_adc.o
                0x08006244                HAL_ADC_ConfigChannel
 .text.ADC_Enable
                0x08006a24      0x10c ./Drivers/STM32G4xx_HAL_Driver/Src/stm32g4xx_hal_adc.o
                0x08006a24                ADC_Enable
 .text.ADC_Disable
                0x08006b30       0xbe ./Drivers/STM32G4xx_HAL_Driver/Src/stm32g4xx_hal_adc.o
                0x08006b30                ADC_Disable
 .text.ADC_DMAConvCplt
                0x08006bee       0xd8 ./Drivers/STM32G4xx_HAL_Driver/Src/stm32g4xx_hal_adc.o
                0x08006bee                ADC_DMAConvCplt
 .text.ADC_DMAHalfConvCplt
                0x08006cc6       0x1c ./Drivers/STM32G4xx_HAL_Driver/Src/stm32g4xx_hal_adc.o
                0x08006cc6                ADC_DMAHalfConvCplt
 .text.ADC_DMAError
                0x08006ce2       0x34 ./Drivers/STM32G4xx_HAL_Driver/Src/stm32g4xx_hal_adc.o
                0x08006ce2                ADC_DMAError
 .text.LL_ADC_SetCommonPathInternalCh
                0x08006d16       0x26 ./Drivers/STM32G4xx_HAL_Driver/Src/stm32g4xx_hal_adc_ex.o
 .text.LL_ADC_GetCommonPathInternalCh
                0x08006d3c       0x1c ./Drivers/STM32G4xx_HAL_Driver/Src/stm32g4xx_hal_adc_ex.o
 .text.LL_ADC_SetOffset
                0x08006d58       0x48 ./Drivers/STM32G4xx_HAL_Driver/Src/stm32g4xx_hal_adc_ex.o
 .text.LL_ADC_GetOffsetChannel
                0x08006da0       0x2c ./Drivers/STM32G4xx_HAL_Driver/Src/stm32g4xx_hal_adc_ex.o
 .text.LL_ADC_SetOffsetState
                0x08006dcc       0x36 ./Drivers/STM32G4xx_HAL_Driver/Src/stm32g4xx_hal_adc_ex.o
 .text.LL_ADC_SetOffsetSign
                0x08006e02       0x36 ./Drivers/STM32G4xx_HAL_Driver/Src/stm32g4xx_hal_adc_ex.o
 .text.LL_ADC_SetOffsetSaturation
                0x08006e38       0x36 ./Drivers/STM32G4xx_HAL_Driver/Src/stm32g4xx_hal_adc_ex.o
 .text.LL_ADC_SetSamplingTimeCommonConfig
                0x08006e6e       0x26 ./Drivers/STM32G4xx_HAL_Driver/Src/stm32g4xx_hal_adc_ex.o
 .text.LL_ADC_INJ_GetTrigAuto
                0x08006e94       0x1c ./Drivers/STM32G4xx_HAL_Driver/Src/stm32g4xx_hal_adc_ex.o
 .text.LL_ADC_SetChannelSamplingTime
                0x08006eb0       0x56 ./Drivers/STM32G4xx_HAL_Driver/Src/stm32g4xx_hal_adc_ex.o
 *fill*         0x08006f06        0x2 
 .text.LL_ADC_SetChannelSingleDiff
                0x08006f08       0x48 ./Drivers/STM32G4xx_HAL_Driver/Src/stm32g4xx_hal_adc_ex.o
 .text.LL_ADC_GetMultimode
                0x08006f50       0x1c ./Drivers/STM32G4xx_HAL_Driver/Src/stm32g4xx_hal_adc_ex.o
 .text.LL_ADC_IsEnabled
                0x08006f6c       0x26 ./Drivers/STM32G4xx_HAL_Driver/Src/stm32g4xx_hal_adc_ex.o
 .text.LL_ADC_StartCalibration
                0x08006f92       0x32 ./Drivers/STM32G4xx_HAL_Driver/Src/stm32g4xx_hal_adc_ex.o
 .text.LL_ADC_IsCalibrationOnGoing
                0x08006fc4       0x28 ./Drivers/STM32G4xx_HAL_Driver/Src/stm32g4xx_hal_adc_ex.o
 .text.LL_ADC_REG_IsConversionOngoing
                0x08006fec       0x26 ./Drivers/STM32G4xx_HAL_Driver/Src/stm32g4xx_hal_adc_ex.o
 .text.LL_ADC_INJ_StartConversion
                0x08007012       0x28 ./Drivers/STM32G4xx_HAL_Driver/Src/stm32g4xx_hal_adc_ex.o
 .text.LL_ADC_INJ_IsConversionOngoing
                0x0800703a       0x26 ./Drivers/STM32G4xx_HAL_Driver/Src/stm32g4xx_hal_adc_ex.o
 .text.HAL_ADCEx_Calibration_Start
                0x08007060       0xc4 ./Drivers/STM32G4xx_HAL_Driver/Src/stm32g4xx_hal_adc_ex.o
                0x08007060                HAL_ADCEx_Calibration_Start
 .text.HAL_ADCEx_InjectedStart_IT
                0x08007124      0x1cc ./Drivers/STM32G4xx_HAL_Driver/Src/stm32g4xx_hal_adc_ex.o
                0x08007124                HAL_ADCEx_InjectedStart_IT
 .text.HAL_ADCEx_InjectedGetValue
                0x080072f0       0x70 ./Drivers/STM32G4xx_HAL_Driver/Src/stm32g4xx_hal_adc_ex.o
                0x080072f0                HAL_ADCEx_InjectedGetValue
 .text.HAL_ADCEx_InjectedConvCpltCallback
                0x08007360       0x14 ./Drivers/STM32G4xx_HAL_Driver/Src/stm32g4xx_hal_adc_ex.o
                0x08007360                HAL_ADCEx_InjectedConvCpltCallback
 .text.HAL_ADCEx_InjectedQueueOverflowCallback
                0x08007374       0x14 ./Drivers/STM32G4xx_HAL_Driver/Src/stm32g4xx_hal_adc_ex.o
                0x08007374                HAL_ADCEx_InjectedQueueOverflowCallback
 .text.HAL_ADCEx_LevelOutOfWindow2Callback
                0x08007388       0x14 ./Drivers/STM32G4xx_HAL_Driver/Src/stm32g4xx_hal_adc_ex.o
                0x08007388                HAL_ADCEx_LevelOutOfWindow2Callback
 .text.HAL_ADCEx_LevelOutOfWindow3Callback
                0x0800739c       0x14 ./Drivers/STM32G4xx_HAL_Driver/Src/stm32g4xx_hal_adc_ex.o
                0x0800739c                HAL_ADCEx_LevelOutOfWindow3Callback
 .text.HAL_ADCEx_EndOfSamplingCallback
                0x080073b0       0x14 ./Drivers/STM32G4xx_HAL_Driver/Src/stm32g4xx_hal_adc_ex.o
                0x080073b0                HAL_ADCEx_EndOfSamplingCallback
 .text.HAL_ADCEx_InjectedConfigChannel
                0x080073c4      0x9c0 ./Drivers/STM32G4xx_HAL_Driver/Src/stm32g4xx_hal_adc_ex.o
                0x080073c4                HAL_ADCEx_InjectedConfigChannel
 .text.HAL_ADCEx_MultiModeConfigChannel
                0x08007d84      0x148 ./Drivers/STM32G4xx_HAL_Driver/Src/stm32g4xx_hal_adc_ex.o
                0x08007d84                HAL_ADCEx_MultiModeConfigChannel
 .text.LL_EXTI_EnableIT_0_31
                0x08007ecc       0x24 ./Drivers/STM32G4xx_HAL_Driver/Src/stm32g4xx_hal_comp.o
 .text.LL_EXTI_DisableIT_0_31
                0x08007ef0       0x28 ./Drivers/STM32G4xx_HAL_Driver/Src/stm32g4xx_hal_comp.o
 .text.LL_EXTI_EnableEvent_0_31
                0x08007f18       0x24 ./Drivers/STM32G4xx_HAL_Driver/Src/stm32g4xx_hal_comp.o
 .text.LL_EXTI_DisableEvent_0_31
                0x08007f3c       0x28 ./Drivers/STM32G4xx_HAL_Driver/Src/stm32g4xx_hal_comp.o
 .text.LL_EXTI_EnableRisingTrig_0_31
                0x08007f64       0x24 ./Drivers/STM32G4xx_HAL_Driver/Src/stm32g4xx_hal_comp.o
 .text.LL_EXTI_DisableRisingTrig_0_31
                0x08007f88       0x28 ./Drivers/STM32G4xx_HAL_Driver/Src/stm32g4xx_hal_comp.o
 .text.LL_EXTI_EnableFallingTrig_0_31
                0x08007fb0       0x24 ./Drivers/STM32G4xx_HAL_Driver/Src/stm32g4xx_hal_comp.o
 .text.LL_EXTI_DisableFallingTrig_0_31
                0x08007fd4       0x28 ./Drivers/STM32G4xx_HAL_Driver/Src/stm32g4xx_hal_comp.o
 .text.LL_EXTI_IsActiveFlag_0_31
                0x08007ffc       0x2c ./Drivers/STM32G4xx_HAL_Driver/Src/stm32g4xx_hal_comp.o
 .text.LL_EXTI_ClearFlag_0_31
                0x08008028       0x20 ./Drivers/STM32G4xx_HAL_Driver/Src/stm32g4xx_hal_comp.o
 .text.HAL_COMP_Init
                0x08008048      0x1b8 ./Drivers/STM32G4xx_HAL_Driver/Src/stm32g4xx_hal_comp.o
                0x08008048                HAL_COMP_Init
 .text.HAL_COMP_IRQHandler
                0x08008200       0x78 ./Drivers/STM32G4xx_HAL_Driver/Src/stm32g4xx_hal_comp.o
                0x08008200                HAL_COMP_IRQHandler
 .text.HAL_COMP_TriggerCallback
                0x08008278       0x14 ./Drivers/STM32G4xx_HAL_Driver/Src/stm32g4xx_hal_comp.o
                0x08008278                HAL_COMP_TriggerCallback
 .text.__NVIC_SetPriorityGrouping
                0x0800828c       0x48 ./Drivers/STM32G4xx_HAL_Driver/Src/stm32g4xx_hal_cortex.o
 .text.__NVIC_GetPriorityGrouping
                0x080082d4       0x1c ./Drivers/STM32G4xx_HAL_Driver/Src/stm32g4xx_hal_cortex.o
 .text.__NVIC_EnableIRQ
                0x080082f0       0x3c ./Drivers/STM32G4xx_HAL_Driver/Src/stm32g4xx_hal_cortex.o
 .text.__NVIC_SetPriority
                0x0800832c       0x54 ./Drivers/STM32G4xx_HAL_Driver/Src/stm32g4xx_hal_cortex.o
 .text.NVIC_EncodePriority
                0x08008380       0x66 ./Drivers/STM32G4xx_HAL_Driver/Src/stm32g4xx_hal_cortex.o
 *fill*         0x080083e6        0x2 
 .text.SysTick_Config
                0x080083e8       0x44 ./Drivers/STM32G4xx_HAL_Driver/Src/stm32g4xx_hal_cortex.o
 .text.HAL_NVIC_SetPriorityGrouping
                0x0800842c       0x16 ./Drivers/STM32G4xx_HAL_Driver/Src/stm32g4xx_hal_cortex.o
                0x0800842c                HAL_NVIC_SetPriorityGrouping
 .text.HAL_NVIC_SetPriority
                0x08008442       0x34 ./Drivers/STM32G4xx_HAL_Driver/Src/stm32g4xx_hal_cortex.o
                0x08008442                HAL_NVIC_SetPriority
 .text.HAL_NVIC_EnableIRQ
                0x08008476       0x1c ./Drivers/STM32G4xx_HAL_Driver/Src/stm32g4xx_hal_cortex.o
                0x08008476                HAL_NVIC_EnableIRQ
 .text.HAL_SYSTICK_Config
                0x08008492       0x18 ./Drivers/STM32G4xx_HAL_Driver/Src/stm32g4xx_hal_cortex.o
                0x08008492                HAL_SYSTICK_Config
 .text.HAL_DAC_Init
                0x080084aa       0x44 ./Drivers/STM32G4xx_HAL_Driver/Src/stm32g4xx_hal_dac.o
                0x080084aa                HAL_DAC_Init
 *fill*         0x080084ee        0x2 
 .text.HAL_DAC_Start
                0x080084f0       0xd8 ./Drivers/STM32G4xx_HAL_Driver/Src/stm32g4xx_hal_dac.o
                0x080084f0                HAL_DAC_Start
 .text.HAL_DAC_IRQHandler
                0x080085c8       0xac ./Drivers/STM32G4xx_HAL_Driver/Src/stm32g4xx_hal_dac.o
                0x080085c8                HAL_DAC_IRQHandler
 .text.HAL_DAC_SetValue
                0x08008674       0x5a ./Drivers/STM32G4xx_HAL_Driver/Src/stm32g4xx_hal_dac.o
                0x08008674                HAL_DAC_SetValue
 .text.HAL_DAC_DMAUnderrunCallbackCh1
                0x080086ce       0x14 ./Drivers/STM32G4xx_HAL_Driver/Src/stm32g4xx_hal_dac.o
                0x080086ce                HAL_DAC_DMAUnderrunCallbackCh1
 *fill*         0x080086e2        0x2 
 .text.HAL_DAC_ConfigChannel
                0x080086e4      0x374 ./Drivers/STM32G4xx_HAL_Driver/Src/stm32g4xx_hal_dac.o
                0x080086e4                HAL_DAC_ConfigChannel
 .text.HAL_DACEx_DMAUnderrunCallbackCh2
                0x08008a58       0x14 ./Drivers/STM32G4xx_HAL_Driver/Src/stm32g4xx_hal_dac_ex.o
                0x08008a58                HAL_DACEx_DMAUnderrunCallbackCh2
 .text.HAL_DMA_Init
                0x08008a6c      0x150 ./Drivers/STM32G4xx_HAL_Driver/Src/stm32g4xx_hal_dma.o
                0x08008a6c                HAL_DMA_Init
 .text.HAL_DMA_Start_IT
                0x08008bbc       0xf6 ./Drivers/STM32G4xx_HAL_Driver/Src/stm32g4xx_hal_dma.o
                0x08008bbc                HAL_DMA_Start_IT
 .text.HAL_DMA_IRQHandler
                0x08008cb2      0x15e ./Drivers/STM32G4xx_HAL_Driver/Src/stm32g4xx_hal_dma.o
                0x08008cb2                HAL_DMA_IRQHandler
 .text.DMA_SetConfig
                0x08008e10       0x7c ./Drivers/STM32G4xx_HAL_Driver/Src/stm32g4xx_hal_dma.o
 .text.DMA_CalcDMAMUXChannelBaseAndMask
                0x08008e8c       0x7c ./Drivers/STM32G4xx_HAL_Driver/Src/stm32g4xx_hal_dma.o
 .text.DMA_CalcDMAMUXRequestGenBaseAndMask
                0x08008f08       0x48 ./Drivers/STM32G4xx_HAL_Driver/Src/stm32g4xx_hal_dma.o
 .text.HAL_GPIO_Init
                0x08008f50      0x304 ./Drivers/STM32G4xx_HAL_Driver/Src/stm32g4xx_hal_gpio.o
                0x08008f50                HAL_GPIO_Init
 .text.HAL_GPIO_WritePin
                0x08009254       0x30 ./Drivers/STM32G4xx_HAL_Driver/Src/stm32g4xx_hal_gpio.o
                0x08009254                HAL_GPIO_WritePin
 .text.HAL_GPIO_EXTI_IRQHandler
                0x08009284       0x30 ./Drivers/STM32G4xx_HAL_Driver/Src/stm32g4xx_hal_gpio.o
                0x08009284                HAL_GPIO_EXTI_IRQHandler
 .text.HAL_GPIO_EXTI_Callback
                0x080092b4       0x16 ./Drivers/STM32G4xx_HAL_Driver/Src/stm32g4xx_hal_gpio.o
                0x080092b4                HAL_GPIO_EXTI_Callback
 *fill*         0x080092ca        0x2 
 .text.HAL_OPAMP_Init
                0x080092cc      0x1a0 ./Drivers/STM32G4xx_HAL_Driver/Src/stm32g4xx_hal_opamp.o
                0x080092cc                HAL_OPAMP_Init
 .text.HAL_OPAMP_Start
                0x0800946c       0x62 ./Drivers/STM32G4xx_HAL_Driver/Src/stm32g4xx_hal_opamp.o
                0x0800946c                HAL_OPAMP_Start
 *fill*         0x080094ce        0x2 
 .text.HAL_PWREx_ControlVoltageScaling
                0x080094d0      0x148 ./Drivers/STM32G4xx_HAL_Driver/Src/stm32g4xx_hal_pwr_ex.o
                0x080094d0                HAL_PWREx_ControlVoltageScaling
 .text.HAL_PWREx_DisableUCPDDeadBattery
                0x08009618       0x20 ./Drivers/STM32G4xx_HAL_Driver/Src/stm32g4xx_hal_pwr_ex.o
                0x08009618                HAL_PWREx_DisableUCPDDeadBattery
 .text.HAL_RCC_OscConfig
                0x08009638      0x624 ./Drivers/STM32G4xx_HAL_Driver/Src/stm32g4xx_hal_rcc.o
                0x08009638                HAL_RCC_OscConfig
 .text.HAL_RCC_ClockConfig
                0x08009c5c      0x278 ./Drivers/STM32G4xx_HAL_Driver/Src/stm32g4xx_hal_rcc.o
                0x08009c5c                HAL_RCC_ClockConfig
 .text.HAL_RCC_GetSysClockFreq
                0x08009ed4       0xc4 ./Drivers/STM32G4xx_HAL_Driver/Src/stm32g4xx_hal_rcc.o
                0x08009ed4                HAL_RCC_GetSysClockFreq
 .text.HAL_RCC_GetHCLKFreq
                0x08009f98       0x18 ./Drivers/STM32G4xx_HAL_Driver/Src/stm32g4xx_hal_rcc.o
                0x08009f98                HAL_RCC_GetHCLKFreq
 .text.HAL_RCC_GetPCLK1Freq
                0x08009fb0       0x2c ./Drivers/STM32G4xx_HAL_Driver/Src/stm32g4xx_hal_rcc.o
                0x08009fb0                HAL_RCC_GetPCLK1Freq
 .text.HAL_RCC_GetPCLK2Freq
                0x08009fdc       0x2c ./Drivers/STM32G4xx_HAL_Driver/Src/stm32g4xx_hal_rcc.o
                0x08009fdc                HAL_RCC_GetPCLK2Freq
 .text.RCC_GetSysClockFreqFromPLLSource
                0x0800a008       0x8c ./Drivers/STM32G4xx_HAL_Driver/Src/stm32g4xx_hal_rcc.o
 .text.HAL_RCCEx_PeriphCLKConfig
                0x0800a094      0x3e0 ./Drivers/STM32G4xx_HAL_Driver/Src/stm32g4xx_hal_rcc_ex.o
                0x0800a094                HAL_RCCEx_PeriphCLKConfig
 .text.HAL_TIM_Base_Init
                0x0800a474       0xae ./Drivers/STM32G4xx_HAL_Driver/Src/stm32g4xx_hal_tim.o
                0x0800a474                HAL_TIM_Base_Init
 *fill*         0x0800a522        0x2 
 .text.HAL_TIM_Base_Start
                0x0800a524       0xc4 ./Drivers/STM32G4xx_HAL_Driver/Src/stm32g4xx_hal_tim.o
                0x0800a524                HAL_TIM_Base_Start
 .text.HAL_TIM_Base_Start_IT
                0x0800a5e8       0xd4 ./Drivers/STM32G4xx_HAL_Driver/Src/stm32g4xx_hal_tim.o
                0x0800a5e8                HAL_TIM_Base_Start_IT
 .text.HAL_TIM_OC_Start
                0x0800a6bc      0x200 ./Drivers/STM32G4xx_HAL_Driver/Src/stm32g4xx_hal_tim.o
                0x0800a6bc                HAL_TIM_OC_Start
 .text.HAL_TIM_PWM_Init
                0x0800a8bc       0xae ./Drivers/STM32G4xx_HAL_Driver/Src/stm32g4xx_hal_tim.o
                0x0800a8bc                HAL_TIM_PWM_Init
 .text.HAL_TIM_PWM_MspInit
                0x0800a96a       0x14 ./Drivers/STM32G4xx_HAL_Driver/Src/stm32g4xx_hal_tim.o
                0x0800a96a                HAL_TIM_PWM_MspInit
 *fill*         0x0800a97e        0x2 
 .text.HAL_TIM_PWM_Start
                0x0800a980      0x200 ./Drivers/STM32G4xx_HAL_Driver/Src/stm32g4xx_hal_tim.o
                0x0800a980                HAL_TIM_PWM_Start
 .text.HAL_TIM_Encoder_Init
                0x0800ab80      0x14c ./Drivers/STM32G4xx_HAL_Driver/Src/stm32g4xx_hal_tim.o
                0x0800ab80                HAL_TIM_Encoder_Init
 .text.HAL_TIM_Encoder_Start
                0x0800accc      0x11c ./Drivers/STM32G4xx_HAL_Driver/Src/stm32g4xx_hal_tim.o
                0x0800accc                HAL_TIM_Encoder_Start
 .text.HAL_TIM_IRQHandler
                0x0800ade8      0x29e ./Drivers/STM32G4xx_HAL_Driver/Src/stm32g4xx_hal_tim.o
                0x0800ade8                HAL_TIM_IRQHandler
 *fill*         0x0800b086        0x2 
 .text.HAL_TIM_PWM_ConfigChannel
                0x0800b088      0x228 ./Drivers/STM32G4xx_HAL_Driver/Src/stm32g4xx_hal_tim.o
                0x0800b088                HAL_TIM_PWM_ConfigChannel
 .text.HAL_TIM_ConfigClockSource
                0x0800b2b0      0x1f4 ./Drivers/STM32G4xx_HAL_Driver/Src/stm32g4xx_hal_tim.o
                0x0800b2b0                HAL_TIM_ConfigClockSource
 .text.HAL_TIM_PeriodElapsedCallback
                0x0800b4a4       0x14 ./Drivers/STM32G4xx_HAL_Driver/Src/stm32g4xx_hal_tim.o
                0x0800b4a4                HAL_TIM_PeriodElapsedCallback
 .text.HAL_TIM_OC_DelayElapsedCallback
                0x0800b4b8       0x14 ./Drivers/STM32G4xx_HAL_Driver/Src/stm32g4xx_hal_tim.o
                0x0800b4b8                HAL_TIM_OC_DelayElapsedCallback
 .text.HAL_TIM_IC_CaptureCallback
                0x0800b4cc       0x14 ./Drivers/STM32G4xx_HAL_Driver/Src/stm32g4xx_hal_tim.o
                0x0800b4cc                HAL_TIM_IC_CaptureCallback
 .text.HAL_TIM_PWM_PulseFinishedCallback
                0x0800b4e0       0x14 ./Drivers/STM32G4xx_HAL_Driver/Src/stm32g4xx_hal_tim.o
                0x0800b4e0                HAL_TIM_PWM_PulseFinishedCallback
 .text.HAL_TIM_TriggerCallback
                0x0800b4f4       0x14 ./Drivers/STM32G4xx_HAL_Driver/Src/stm32g4xx_hal_tim.o
                0x0800b4f4                HAL_TIM_TriggerCallback
 .text.TIM_Base_SetConfig
                0x0800b508      0x138 ./Drivers/STM32G4xx_HAL_Driver/Src/stm32g4xx_hal_tim.o
                0x0800b508                TIM_Base_SetConfig
 .text.TIM_OC1_SetConfig
                0x0800b640      0x120 ./Drivers/STM32G4xx_HAL_Driver/Src/stm32g4xx_hal_tim.o
 .text.TIM_OC2_SetConfig
                0x0800b760      0x114 ./Drivers/STM32G4xx_HAL_Driver/Src/stm32g4xx_hal_tim.o
                0x0800b760                TIM_OC2_SetConfig
 .text.TIM_OC3_SetConfig
                0x0800b874      0x110 ./Drivers/STM32G4xx_HAL_Driver/Src/stm32g4xx_hal_tim.o
 .text.TIM_OC4_SetConfig
                0x0800b984      0x114 ./Drivers/STM32G4xx_HAL_Driver/Src/stm32g4xx_hal_tim.o
 .text.TIM_OC5_SetConfig
                0x0800ba98       0xc8 ./Drivers/STM32G4xx_HAL_Driver/Src/stm32g4xx_hal_tim.o
 .text.TIM_OC6_SetConfig
                0x0800bb60       0xcc ./Drivers/STM32G4xx_HAL_Driver/Src/stm32g4xx_hal_tim.o
 .text.TIM_TI1_ConfigInputStage
                0x0800bc2c       0x5e ./Drivers/STM32G4xx_HAL_Driver/Src/stm32g4xx_hal_tim.o
 .text.TIM_TI2_ConfigInputStage
                0x0800bc8a       0x60 ./Drivers/STM32G4xx_HAL_Driver/Src/stm32g4xx_hal_tim.o
 .text.TIM_ITRx_SetConfig
                0x0800bcea       0x3a ./Drivers/STM32G4xx_HAL_Driver/Src/stm32g4xx_hal_tim.o
 .text.TIM_ETR_SetConfig
                0x0800bd24       0x40 ./Drivers/STM32G4xx_HAL_Driver/Src/stm32g4xx_hal_tim.o
                0x0800bd24                TIM_ETR_SetConfig
 .text.TIM_CCxChannelCmd
                0x0800bd64       0x4a ./Drivers/STM32G4xx_HAL_Driver/Src/stm32g4xx_hal_tim.o
                0x0800bd64                TIM_CCxChannelCmd
 *fill*         0x0800bdae        0x2 
 .text.HAL_TIMEx_PWMN_Start
                0x0800bdb0      0x168 ./Drivers/STM32G4xx_HAL_Driver/Src/stm32g4xx_hal_tim_ex.o
                0x0800bdb0                HAL_TIMEx_PWMN_Start
 .text.HAL_TIMEx_MasterConfigSynchronization
                0x0800bf18      0x104 ./Drivers/STM32G4xx_HAL_Driver/Src/stm32g4xx_hal_tim_ex.o
                0x0800bf18                HAL_TIMEx_MasterConfigSynchronization
 .text.HAL_TIMEx_ConfigBreakDeadTime
                0x0800c01c      0x118 ./Drivers/STM32G4xx_HAL_Driver/Src/stm32g4xx_hal_tim_ex.o
                0x0800c01c                HAL_TIMEx_ConfigBreakDeadTime
 .text.HAL_TIMEx_CommutCallback
                0x0800c134       0x14 ./Drivers/STM32G4xx_HAL_Driver/Src/stm32g4xx_hal_tim_ex.o
                0x0800c134                HAL_TIMEx_CommutCallback
 .text.HAL_TIMEx_BreakCallback
                0x0800c148       0x14 ./Drivers/STM32G4xx_HAL_Driver/Src/stm32g4xx_hal_tim_ex.o
                0x0800c148                HAL_TIMEx_BreakCallback
 .text.HAL_TIMEx_Break2Callback
                0x0800c15c       0x14 ./Drivers/STM32G4xx_HAL_Driver/Src/stm32g4xx_hal_tim_ex.o
                0x0800c15c                HAL_TIMEx_Break2Callback
 .text.HAL_TIMEx_EncoderIndexCallback
                0x0800c170       0x14 ./Drivers/STM32G4xx_HAL_Driver/Src/stm32g4xx_hal_tim_ex.o
                0x0800c170                HAL_TIMEx_EncoderIndexCallback
 .text.HAL_TIMEx_DirectionChangeCallback
                0x0800c184       0x14 ./Drivers/STM32G4xx_HAL_Driver/Src/stm32g4xx_hal_tim_ex.o
                0x0800c184                HAL_TIMEx_DirectionChangeCallback
 .text.HAL_TIMEx_IndexErrorCallback
                0x0800c198       0x14 ./Drivers/STM32G4xx_HAL_Driver/Src/stm32g4xx_hal_tim_ex.o
                0x0800c198                HAL_TIMEx_IndexErrorCallback
 .text.HAL_TIMEx_TransitionErrorCallback
                0x0800c1ac       0x14 ./Drivers/STM32G4xx_HAL_Driver/Src/stm32g4xx_hal_tim_ex.o
                0x0800c1ac                HAL_TIMEx_TransitionErrorCallback
 .text.TIM_CCxNChannelCmd
                0x0800c1c0       0x4a ./Drivers/STM32G4xx_HAL_Driver/Src/stm32g4xx_hal_tim_ex.o
 .text.HAL_UART_Init
                0x0800c20a       0xa0 ./Drivers/STM32G4xx_HAL_Driver/Src/stm32g4xx_hal_uart.o
                0x0800c20a                HAL_UART_Init
 *fill*         0x0800c2aa        0x2 
 .text.HAL_UART_Receive_DMA
                0x0800c2ac       0x98 ./Drivers/STM32G4xx_HAL_Driver/Src/stm32g4xx_hal_uart.o
                0x0800c2ac                HAL_UART_Receive_DMA
 .text.HAL_UART_RxHalfCpltCallback
                0x0800c344       0x14 ./Drivers/STM32G4xx_HAL_Driver/Src/stm32g4xx_hal_uart.o
                0x0800c344                HAL_UART_RxHalfCpltCallback
 .text.HAL_UART_ErrorCallback
                0x0800c358       0x14 ./Drivers/STM32G4xx_HAL_Driver/Src/stm32g4xx_hal_uart.o
                0x0800c358                HAL_UART_ErrorCallback
 .text.HAL_UARTEx_RxEventCallback
                0x0800c36c       0x18 ./Drivers/STM32G4xx_HAL_Driver/Src/stm32g4xx_hal_uart.o
                0x0800c36c                HAL_UARTEx_RxEventCallback
 .text.UART_SetConfig
                0x0800c384      0x598 ./Drivers/STM32G4xx_HAL_Driver/Src/stm32g4xx_hal_uart.o
                0x0800c384                UART_SetConfig
 .text.UART_AdvFeatureConfig
                0x0800c91c      0x144 ./Drivers/STM32G4xx_HAL_Driver/Src/stm32g4xx_hal_uart.o
                0x0800c91c                UART_AdvFeatureConfig
 .text.UART_CheckIdleState
                0x0800ca60      0x154 ./Drivers/STM32G4xx_HAL_Driver/Src/stm32g4xx_hal_uart.o
                0x0800ca60                UART_CheckIdleState
 .text.UART_WaitOnFlagUntilTimeout
                0x0800cbb4       0xda ./Drivers/STM32G4xx_HAL_Driver/Src/stm32g4xx_hal_uart.o
                0x0800cbb4                UART_WaitOnFlagUntilTimeout
 *fill*         0x0800cc8e        0x2 
 .text.UART_Start_Receive_DMA
                0x0800cc90      0x14c ./Drivers/STM32G4xx_HAL_Driver/Src/stm32g4xx_hal_uart.o
                0x0800cc90                UART_Start_Receive_DMA
 .text.UART_EndTxTransfer
                0x0800cddc       0x82 ./Drivers/STM32G4xx_HAL_Driver/Src/stm32g4xx_hal_uart.o
 .text.UART_EndRxTransfer
                0x0800ce5e       0xcc ./Drivers/STM32G4xx_HAL_Driver/Src/stm32g4xx_hal_uart.o
 .text.UART_DMAReceiveCplt
                0x0800cf2a      0x12c ./Drivers/STM32G4xx_HAL_Driver/Src/stm32g4xx_hal_uart.o
 .text.UART_DMARxHalfCplt
                0x0800d056       0x3e ./Drivers/STM32G4xx_HAL_Driver/Src/stm32g4xx_hal_uart.o
 .text.UART_DMAError
                0x0800d094       0x80 ./Drivers/STM32G4xx_HAL_Driver/Src/stm32g4xx_hal_uart.o
 .text.HAL_UARTEx_DisableFifoMode
                0x0800d114       0x72 ./Drivers/STM32G4xx_HAL_Driver/Src/stm32g4xx_hal_uart_ex.o
                0x0800d114                HAL_UARTEx_DisableFifoMode
 .text.HAL_UARTEx_SetTxFifoThreshold
                0x0800d186       0x7c ./Drivers/STM32G4xx_HAL_Driver/Src/stm32g4xx_hal_uart_ex.o
                0x0800d186                HAL_UARTEx_SetTxFifoThreshold
 .text.HAL_UARTEx_SetRxFifoThreshold
                0x0800d202       0x7c ./Drivers/STM32G4xx_HAL_Driver/Src/stm32g4xx_hal_uart_ex.o
                0x0800d202                HAL_UARTEx_SetRxFifoThreshold
 *fill*         0x0800d27e        0x2 
 .text.UARTEx_SetNbDataToProcess
                0x0800d280       0x9c ./Drivers/STM32G4xx_HAL_Driver/Src/stm32g4xx_hal_uart_ex.o
 .text.memset   0x0800d31c       0x10 /Applications/STM32CubeIDE.app/Contents/Eclipse/plugins/com.st.stm32cube.ide.mcu.externaltools.gnu-tools-for-stm32.13.3.rel1.macos64_1.0.0.202411102158/tools/bin/../lib/gcc/arm-none-eabi/13.3.1/../../../../arm-none-eabi/lib/thumb/v7e-m+fp/hard/libc_nano.a(libc_a-memset.o)
                0x0800d31c                memset
 .text.__libc_init_array
                0x0800d32c       0x48 /Applications/STM32CubeIDE.app/Contents/Eclipse/plugins/com.st.stm32cube.ide.mcu.externaltools.gnu-tools-for-stm32.13.3.rel1.macos64_1.0.0.202411102158/tools/bin/../lib/gcc/arm-none-eabi/13.3.1/../../../../arm-none-eabi/lib/thumb/v7e-m+fp/hard/libc_nano.a(libc_a-init.o)
                0x0800d32c                __libc_init_array
 *(.glue_7)
 .glue_7        0x0800d374        0x0 linker stubs
 *(.glue_7t)
 .glue_7t       0x0800d374        0x0 linker stubs
 *(.eh_frame)
 .eh_frame      0x0800d374        0x0 /Applications/STM32CubeIDE.app/Contents/Eclipse/plugins/com.st.stm32cube.ide.mcu.externaltools.gnu-tools-for-stm32.13.3.rel1.macos64_1.0.0.202411102158/tools/bin/../lib/gcc/arm-none-eabi/13.3.1/thumb/v7e-m+fp/hard/crtbegin.o
 *(.init)
 .init          0x0800d374        0x4 /Applications/STM32CubeIDE.app/Contents/Eclipse/plugins/com.st.stm32cube.ide.mcu.externaltools.gnu-tools-for-stm32.13.3.rel1.macos64_1.0.0.202411102158/tools/bin/../lib/gcc/arm-none-eabi/13.3.1/thumb/v7e-m+fp/hard/crti.o
                0x0800d374                _init
 .init          0x0800d378        0x8 /Applications/STM32CubeIDE.app/Contents/Eclipse/plugins/com.st.stm32cube.ide.mcu.externaltools.gnu-tools-for-stm32.13.3.rel1.macos64_1.0.0.202411102158/tools/bin/../lib/gcc/arm-none-eabi/13.3.1/thumb/v7e-m+fp/hard/crtn.o
 *(.fini)
 .fini          0x0800d380        0x4 /Applications/STM32CubeIDE.app/Contents/Eclipse/plugins/com.st.stm32cube.ide.mcu.externaltools.gnu-tools-for-stm32.13.3.rel1.macos64_1.0.0.202411102158/tools/bin/../lib/gcc/arm-none-eabi/13.3.1/thumb/v7e-m+fp/hard/crti.o
                0x0800d380                _fini
 .fini          0x0800d384        0x8 /Applications/STM32CubeIDE.app/Contents/Eclipse/plugins/com.st.stm32cube.ide.mcu.externaltools.gnu-tools-for-stm32.13.3.rel1.macos64_1.0.0.202411102158/tools/bin/../lib/gcc/arm-none-eabi/13.3.1/thumb/v7e-m+fp/hard/crtn.o
                0x0800d38c                        . = ALIGN (0x4)
                0x0800d38c                        _etext = .

.vfp11_veneer   0x0800d38c        0x0
 .vfp11_veneer  0x0800d38c        0x0 linker stubs

.v4_bx          0x0800d38c        0x0
 .v4_bx         0x0800d38c        0x0 linker stubs

.iplt           0x0800d38c        0x0
 .iplt          0x0800d38c        0x0 /Applications/STM32CubeIDE.app/Contents/Eclipse/plugins/com.st.stm32cube.ide.mcu.externaltools.gnu-tools-for-stm32.13.3.rel1.macos64_1.0.0.202411102158/tools/bin/../lib/gcc/arm-none-eabi/13.3.1/thumb/v7e-m+fp/hard/crtbegin.o

.rodata         0x0800d38c      0x840
                0x0800d38c                        . = ALIGN (0x4)
 *(.rodata)
 *(.rodata*)
 .rodata.sineLookupTable
                0x0800d38c      0x800 ./Core/Src/foc_math.o
                0x0800d38c                sineLookupTable
 .rodata.AHBPrescTable
                0x0800db8c       0x10 ./Core/Src/system_stm32g4xx.o
                0x0800db8c                AHBPrescTable
 .rodata.APBPrescTable
                0x0800db9c        0x8 ./Core/Src/system_stm32g4xx.o
                0x0800db9c                APBPrescTable
 .rodata.UARTPrescTable
                0x0800dba4       0x18 ./Drivers/STM32G4xx_HAL_Driver/Src/stm32g4xx_hal_uart.o
                0x0800dba4                UARTPrescTable
 .rodata.numerator.1
                0x0800dbbc        0x8 ./Drivers/STM32G4xx_HAL_Driver/Src/stm32g4xx_hal_uart_ex.o
 .rodata.denominator.0
                0x0800dbc4        0x8 ./Drivers/STM32G4xx_HAL_Driver/Src/stm32g4xx_hal_uart_ex.o
                0x0800dbcc                        . = ALIGN (0x4)

.ARM.extab      0x0800dbcc        0x0
                0x0800dbcc                        . = ALIGN (0x4)
 *(.ARM.extab* .gnu.linkonce.armextab.*)
                0x0800dbcc                        . = ALIGN (0x4)

.ARM            0x0800dbcc        0x8
                0x0800dbcc                        . = ALIGN (0x4)
                0x0800dbcc                        __exidx_start = .
 *(.ARM.exidx*)
 .ARM.exidx     0x0800dbcc        0x8 /Applications/STM32CubeIDE.app/Contents/Eclipse/plugins/com.st.stm32cube.ide.mcu.externaltools.gnu-tools-for-stm32.13.3.rel1.macos64_1.0.0.202411102158/tools/bin/../lib/gcc/arm-none-eabi/13.3.1/thumb/v7e-m+fp/hard/libgcc.a(_udivmoddi4.o)
                0x0800dbd4                        __exidx_end = .
                0x0800dbd4                        . = ALIGN (0x4)

.preinit_array  0x0800dbd4        0x0
                0x0800dbd4                        . = ALIGN (0x4)
                0x0800dbd4                        PROVIDE (__preinit_array_start = .)
 *(.preinit_array*)
                0x0800dbd4                        PROVIDE (__preinit_array_end = .)
                0x0800dbd4                        . = ALIGN (0x4)

.init_array     0x0800dbd4        0x4
                0x0800dbd4                        . = ALIGN (0x4)
                0x0800dbd4                        PROVIDE (__init_array_start = .)
 *(SORT_BY_NAME(.init_array.*))
 *(.init_array*)
 .init_array    0x0800dbd4        0x4 /Applications/STM32CubeIDE.app/Contents/Eclipse/plugins/com.st.stm32cube.ide.mcu.externaltools.gnu-tools-for-stm32.13.3.rel1.macos64_1.0.0.202411102158/tools/bin/../lib/gcc/arm-none-eabi/13.3.1/thumb/v7e-m+fp/hard/crtbegin.o
                0x0800dbd8                        PROVIDE (__init_array_end = .)
                0x0800dbd8                        . = ALIGN (0x4)

.fini_array     0x0800dbd8        0x4
                0x0800dbd8                        . = ALIGN (0x4)
                [!provide]                        PROVIDE (__fini_array_start = .)
 *(SORT_BY_NAME(.fini_array.*))
 *(.fini_array*)
 .fini_array    0x0800dbd8        0x4 /Applications/STM32CubeIDE.app/Contents/Eclipse/plugins/com.st.stm32cube.ide.mcu.externaltools.gnu-tools-for-stm32.13.3.rel1.macos64_1.0.0.202411102158/tools/bin/../lib/gcc/arm-none-eabi/13.3.1/thumb/v7e-m+fp/hard/crtbegin.o
                [!provide]                        PROVIDE (__fini_array_end = .)
                0x0800dbdc                        . = ALIGN (0x4)
                0x0800dbdc                        _sidata = LOADADDR (.data)

.rel.dyn        0x0800dbdc        0x0
 .rel.iplt      0x0800dbdc        0x0 /Applications/STM32CubeIDE.app/Contents/Eclipse/plugins/com.st.stm32cube.ide.mcu.externaltools.gnu-tools-for-stm32.13.3.rel1.macos64_1.0.0.202411102158/tools/bin/../lib/gcc/arm-none-eabi/13.3.1/thumb/v7e-m+fp/hard/crtbegin.o

.data           0x20000000        0xc load address 0x0800dbdc
                0x20000000                        . = ALIGN (0x4)
                0x20000000                        _sdata = .
 *(.data)
 *(.data*)
 .data.SystemCoreClock
                0x20000000        0x4 ./Core/Src/system_stm32g4xx.o
                0x20000000                SystemCoreClock
 .data.uwTickPrio
                0x20000004        0x4 ./Drivers/STM32G4xx_HAL_Driver/Src/stm32g4xx_hal.o
                0x20000004                uwTickPrio
 .data.uwTickFreq
                0x20000008        0x4 ./Drivers/STM32G4xx_HAL_Driver/Src/stm32g4xx_hal.o
                0x20000008                uwTickFreq
 *(.RamFunc)
 *(.RamFunc*)
                0x2000000c                        . = ALIGN (0x4)
                0x2000000c                        _edata = .

.igot.plt       0x2000000c        0x0 load address 0x0800dbe8
 .igot.plt      0x2000000c        0x0 /Applications/STM32CubeIDE.app/Contents/Eclipse/plugins/com.st.stm32cube.ide.mcu.externaltools.gnu-tools-for-stm32.13.3.rel1.macos64_1.0.0.202411102158/tools/bin/../lib/gcc/arm-none-eabi/13.3.1/thumb/v7e-m+fp/hard/crtbegin.o
                0x2000000c                        . = ALIGN (0x4)

.bss            0x20000010      0x7e8 load address 0x0800dbe8
                0x20000010                        _sbss = .
                0x20000010                        __bss_start__ = _sbss
 *(.bss)
 .bss           0x20000010       0x1c /Applications/STM32CubeIDE.app/Contents/Eclipse/plugins/com.st.stm32cube.ide.mcu.externaltools.gnu-tools-for-stm32.13.3.rel1.macos64_1.0.0.202411102158/tools/bin/../lib/gcc/arm-none-eabi/13.3.1/thumb/v7e-m+fp/hard/crtbegin.o
 *(.bss*)
 .bss.communication
                0x2000002c        0x4 ./Core/Src/communication.o
                0x2000002c                communication
 .bss.RxData    0x20000030        0x4 ./Core/Src/communication.o
                0x20000030                RxData
 .bss.com_counter
                0x20000034        0x2 ./Core/Src/communication.o
                0x20000034                com_counter
 .bss.cap_counter
                0x20000036        0x2 ./Core/Src/communication.o
                0x20000036                cap_counter
 .bss.hundert_counter
                0x20000038        0x1 ./Core/Src/communication.o
                0x20000038                hundert_counter
 *fill*         0x20000039        0x1 
 .bss.fivehundert_counter
                0x2000003a        0x2 ./Core/Src/communication.o
                0x2000003a                fivehundert_counter
 .bss.cap_flag  0x2000003c        0x1 ./Core/Src/communication.o
                0x2000003c                cap_flag
 .bss.half_speed_flag
                0x2000003d        0x1 ./Core/Src/communication.o
                0x2000003d                half_speed_flag
 .bss.half_speed_counter
                0x2000003e        0x1 ./Core/Src/communication.o
                0x2000003e                half_speed_counter
 .bss.buffer_flag
                0x2000003f        0x1 ./Core/Src/communication.o
                0x2000003f                buffer_flag
 .bss.Pi_d_buffer
                0x20000040        0x4 ./Core/Src/control.o
                0x20000040                Pi_d_buffer
 .bss.Pi_d_windup
                0x20000044        0x4 ./Core/Src/control.o
                0x20000044                Pi_d_windup
 .bss.Pi_q_buffer
                0x20000048        0x4 ./Core/Src/control.o
                0x20000048                Pi_q_buffer
 .bss.Pi_q_windup
                0x2000004c        0x4 ./Core/Src/control.o
                0x2000004c                Pi_q_windup
 .bss.Pi_speed_buffer
                0x20000050        0x4 ./Core/Src/control.o
                0x20000050                Pi_speed_buffer
 .bss.Pi_pos_buffer
                0x20000054        0x4 ./Core/Src/control.o
                0x20000054                Pi_pos_buffer
 .bss.Kp        0x20000058        0x4 ./Core/Src/control.o
                0x20000058                Kp
 .bss.Ki        0x2000005c        0x4 ./Core/Src/control.o
                0x2000005c                Ki
 .bss.Ki_speed  0x20000060        0x4 ./Core/Src/control.o
                0x20000060                Ki_speed
 .bss.Kp_speed  0x20000064        0x4 ./Core/Src/control.o
                0x20000064                Kp_speed
 .bss.Kd_speed  0x20000068        0x4 ./Core/Src/control.o
                0x20000068                Kd_speed
 .bss.alpha_speed
                0x2000006c        0x4 ./Core/Src/control.o
                0x2000006c                alpha_speed
 .bss.Kd_buffer
                0x20000070        0x4 ./Core/Src/control.o
                0x20000070                Kd_buffer
 .bss.max_torque
                0x20000074        0x4 ./Core/Src/control.o
                0x20000074                max_torque
 .bss.cutoff_freq_div
                0x20000078        0x4 ./Core/Src/control.o
                0x20000078                cutoff_freq_div
 .bss.bandwidth_speed
                0x2000007c        0x2 ./Core/Src/control.o
                0x2000007c                bandwidth_speed
 .bss.bandwidth_current
                0x2000007e        0x2 ./Core/Src/control.o
                0x2000007e                bandwidth_current
 .bss.debug_Te  0x20000080        0x4 ./Core/Src/control.o
                0x20000080                debug_Te
 .bss.debug_P   0x20000084        0x4 ./Core/Src/control.o
                0x20000084                debug_P
 .bss.adc_buffer_voltage
                0x20000088        0x4 ./Core/Src/current_measurement.o
                0x20000088                adc_buffer_voltage
 .bss.adc_value
                0x2000008c        0x4 ./Core/Src/current_measurement.o
                0x2000008c                adc_value
 .bss.current_value_t
                0x20000090        0x8 ./Core/Src/current_measurement.o
                0x20000090                current_value_t
 .bss.current_value_dc_t
                0x20000098        0x8 ./Core/Src/current_measurement.o
                0x20000098                current_value_dc_t
 .bss.ADC1_value
                0x200000a0        0x8 ./Core/Src/current_measurement.o
                0x200000a0                ADC1_value
 .bss.ADC2_value
                0x200000a8        0x4 ./Core/Src/current_measurement.o
                0x200000a8                ADC2_value
 .bss.current_values
                0x200000ac        0x8 ./Core/Src/current_measurement.o
                0x200000ac                current_values
 .bss.dc_value  0x200000b4        0x8 ./Core/Src/current_measurement.o
                0x200000b4                dc_value
 .bss.lp_z_memory
                0x200000bc        0x8 ./Core/Src/current_measurement.o
                0x200000bc                lp_z_memory
 .bss.current_int
                0x200000c4        0x4 ./Core/Src/current_measurement.o
                0x200000c4                current_int
 .bss.current_int_old
                0x200000c8        0x4 ./Core/Src/current_measurement.o
                0x200000c8                current_int_old
 .bss.current_averange
                0x200000cc        0x4 ./Core/Src/current_measurement.o
                0x200000cc                current_averange
 .bss.offset    0x200000d0        0x4 ./Core/Src/current_measurement.o
                0x200000d0                offset
 .bss.I_buffer  0x200000d4        0x4 ./Core/Src/current_measurement.o
                0x200000d4                I_buffer
 .bss.offset_counter
                0x200000d8        0x2 ./Core/Src/current_measurement.o
                0x200000d8                offset_counter
 *fill*         0x200000da        0x2 
 .bss.offset_val
                0x200000dc        0x8 ./Core/Src/current_measurement.o
                0x200000dc                offset_val
 .bss.debug_current
                0x200000e4        0x4 ./Core/Src/current_measurement.o
                0x200000e4                debug_current
 .bss.IIR_DC_FILTER_A
                0x200000e8        0x2 ./Core/Src/current_measurement.o
                0x200000e8                IIR_DC_FILTER_A
 .bss.encoder_count
                0x200000ea        0x2 ./Core/Src/encoder.o
                0x200000ea                encoder_count
 .bss.encoder_count_mech
                0x200000ec        0x2 ./Core/Src/encoder.o
                0x200000ec                encoder_count_mech
 .bss.encoder_angle_last_value
                0x200000ee        0x2 ./Core/Src/encoder.o
                0x200000ee                encoder_angle_last_value
 .bss.init_angle_encoder
                0x200000f0        0x2 ./Core/Src/encoder.o
                0x200000f0                init_angle_encoder
 .bss.encoder_speed_last_value
                0x200000f2        0x2 ./Core/Src/encoder.o
                0x200000f2                encoder_speed_last_value
 .bss.iir_a_speed
                0x200000f4        0x2 ./Core/Src/encoder.o
                0x200000f4                iir_a_speed
 .bss.speed_last_value
                0x200000f6        0x2 ./Core/Src/encoder.o
                0x200000f6                speed_last_value
 .bss.counter   0x200000f8        0x1 ./Core/Src/encoder.o
                0x200000f8                counter
 *fill*         0x200000f9        0x3 
 .bss.speed_rad_memory
                0x200000fc        0x4 ./Core/Src/encoder.o
                0x200000fc                speed_rad_memory
 .bss.speed_t   0x20000100        0x2 ./Core/Src/encoder.o
                0x20000100                speed_t
 .bss.encoder_count_uint
                0x20000102        0x2 ./Core/Src/encoder.o
                0x20000102                encoder_count_uint
 .bss.encoder_angle
                0x20000104        0x2 ./Core/Src/encoder.o
                0x20000104                encoder_angle
 .bss.encoder_debug
                0x20000106        0x2 ./Core/Src/encoder.o
                0x20000106                encoder_debug
 .bss.Vdq       0x20000108        0x8 ./Core/Src/foc.o
                0x20000108                Vdq
 .bss.pll       0x20000110        0x8 ./Core/Src/foc.o
                0x20000110                pll
 .bss.angle_old
                0x20000118        0x2 ./Core/Src/foc.o
                0x20000118                angle_old
 *fill*         0x2000011a        0x2 
 .bss.Vdq_openloop
                0x2000011c        0x8 ./Core/Src/foc.o
                0x2000011c                Vdq_openloop
 .bss.debug_output_Vq
                0x20000124        0x4 ./Core/Src/foc.o
                0x20000124                debug_output_Vq
 .bss.switch_to_observer
                0x20000128        0x1 ./Core/Src/foc.o
                0x20000128                switch_to_observer
 *fill*         0x20000129        0x3 
 .bss.IIR_LP    0x2000012c       0x10 ./Core/Src/foc_math.o
                0x2000012c                IIR_LP
 .bss.IIR_LP_t  0x2000013c       0x10 ./Core/Src/foc_math.o
                0x2000013c                IIR_LP_t
 .bss.IIR_vLP   0x2000014c       0x10 ./Core/Src/foc_math.o
                0x2000014c                IIR_vLP
 .bss.IIR_sLP   0x2000015c       0x10 ./Core/Src/foc_math.o
                0x2000015c                IIR_sLP
 .bss.memory_iq
                0x2000016c        0x4 ./Core/Src/foc_math.o
                0x2000016c                memory_iq
 .bss.IIR_LP_a_t
                0x20000170        0x4 ./Core/Src/foc_math.o
                0x20000170                IIR_LP_a_t
 .bss.IIR_LP_speed_a
                0x20000174        0x4 ./Core/Src/foc_math.o
                0x20000174                IIR_LP_speed_a
 .bss.IIR_LP_speed_a_f
                0x20000178        0x4 ./Core/Src/foc_math.o
                0x20000178                IIR_LP_speed_a_f
 .bss.hadc1     0x2000017c       0x6c ./Core/Src/main.o
                0x2000017c                hadc1
 .bss.hadc2     0x200001e8       0x6c ./Core/Src/main.o
                0x200001e8                hadc2
 .bss.hdma_adc2
                0x20000254       0x60 ./Core/Src/main.o
                0x20000254                hdma_adc2
 .bss.hcomp1    0x200002b4       0x24 ./Core/Src/main.o
                0x200002b4                hcomp1
 .bss.hcomp2    0x200002d8       0x24 ./Core/Src/main.o
                0x200002d8                hcomp2
 .bss.hcomp4    0x200002fc       0x24 ./Core/Src/main.o
                0x200002fc                hcomp4
 .bss.hdac1     0x20000320       0x14 ./Core/Src/main.o
                0x20000320                hdac1
 .bss.hdac3     0x20000334       0x14 ./Core/Src/main.o
                0x20000334                hdac3
 .bss.hopamp1   0x20000348       0x3c ./Core/Src/main.o
                0x20000348                hopamp1
 .bss.hopamp2   0x20000384       0x3c ./Core/Src/main.o
                0x20000384                hopamp2
 .bss.hopamp3   0x200003c0       0x3c ./Core/Src/main.o
                0x200003c0                hopamp3
 .bss.htim1     0x200003fc       0x4c ./Core/Src/main.o
                0x200003fc                htim1
 .bss.htim2     0x20000448       0x4c ./Core/Src/main.o
                0x20000448                htim2
 .bss.htim4     0x20000494       0x4c ./Core/Src/main.o
                0x20000494                htim4
 .bss.huart2    0x200004e0       0x94 ./Core/Src/main.o
                0x200004e0                huart2
 .bss.hdma_usart2_rx
                0x20000574       0x60 ./Core/Src/main.o
                0x20000574                hdma_usart2_rx
 .bss.hdma_usart2_tx
                0x200005d4       0x60 ./Core/Src/main.o
                0x200005d4                hdma_usart2_tx
 .bss.outliers_flag
                0x20000634        0x1 ./Core/Src/observer.o
                0x20000634                outliers_flag
 *fill*         0x20000635        0x3 
 .bss.constant_one_div_J
                0x20000638        0x4 ./Core/Src/observer.o
                0x20000638                constant_one_div_J
 .bss.constant_B_div_J
                0x2000063c        0x4 ./Core/Src/observer.o
                0x2000063c                constant_B_div_J
 .bss.do_observer
                0x20000640       0x38 ./Core/Src/observer.o
                0x20000640                do_observer
 .bss.sp_observer
                0x20000678       0x38 ./Core/Src/observer.o
                0x20000678                sp_observer
 .bss.w_rm_2    0x200006b0        0x4 ./Core/Src/observer.o
                0x200006b0                w_rm_2
 .bss.observer_TL
                0x200006b4        0x4 ./Core/Src/observer.o
                0x200006b4                observer_TL
 .bss.observer_angle
                0x200006b8        0x8 ./Core/Src/observer.o
                0x200006b8                observer_angle
 .bss.observer_speed
                0x200006c0        0x8 ./Core/Src/observer.o
                0x200006c0                observer_speed
 .bss.debug_theta_int16
                0x200006c8        0x2 ./Core/Src/observer.o
                0x200006c8                debug_theta_int16
 .bss.ob_theta_old
                0x200006ca        0x2 ./Core/Src/observer.o
                0x200006ca                ob_theta_old
 .bss.est_theta
                0x200006cc        0x2 ./Core/Src/observer.o
                0x200006cc                est_theta
 .bss.debug_counter
                0x200006ce        0x1 ./Core/Src/observer.o
                0x200006ce                debug_counter
 *fill*         0x200006cf        0x1 
 .bss.debug_current_value_mean
                0x200006d0        0x4 ./Core/Src/observer.o
                0x200006d0                debug_current_value_mean
 .bss.angle_old_int16
                0x200006d4        0x2 ./Core/Src/observer.o
                0x200006d4                angle_old_int16
 *fill*         0x200006d6        0x2 
 .bss.smo_alpha
                0x200006d8        0x4 ./Core/Src/observer.o
                0x200006d8                smo_alpha
 .bss.smo_k     0x200006dc        0x4 ./Core/Src/observer.o
                0x200006dc                smo_k
 .bss.e_bmf     0x200006e0        0x8 ./Core/Src/observer.o
                0x200006e0                e_bmf
 .bss.i_est     0x200006e8        0x8 ./Core/Src/observer.o
                0x200006e8                i_est
 .bss.HAL_RCC_ADC12_CLK_ENABLED
                0x200006f0        0x4 ./Core/Src/stm32g4xx_hal_msp.o
 .bss.pwm_output
                0x200006f4        0xc ./Core/Src/svm.o
                0x200006f4                pwm_output
 .bss.voltage   0x20000700        0xc ./Core/Src/svm.o
                0x20000700                voltage
 .bss.ENGINE_MODE
                0x2000070c        0x1 ./Core/Src/task.o
                0x2000070c                ENGINE_MODE
 *fill*         0x2000070d        0x3 
 .bss.speed_reference
                0x20000710        0x4 ./Core/Src/task.o
                0x20000710                speed_reference
 .bss.position_reference
                0x20000714        0x4 ./Core/Src/task.o
                0x20000714                position_reference
 .bss.middlespeed_task_counter
                0x20000718        0x1 ./Core/Src/task.o
                0x20000718                middlespeed_task_counter
 *fill*         0x20000719        0x1 
 .bss.lowspeed_task_counter
                0x2000071a        0x2 ./Core/Src/task.o
                0x2000071a                lowspeed_task_counter
 .bss.foc_values
                0x2000071c       0x74 ./Core/Src/task.o
                0x2000071c                foc_values
 .bss.observer_values
                0x20000790       0x2c ./Core/Src/task.o
                0x20000790                observer_values
 .bss.count_1   0x200007bc        0x2 ./Core/Src/task.o
                0x200007bc                count_1
 .bss.count_2   0x200007be        0x2 ./Core/Src/task.o
                0x200007be                count_2
 .bss.observer_counter
                0x200007c0        0x2 ./Core/Src/task.o
                0x200007c0                observer_counter
 .bss.wait_counter
                0x200007c2        0x2 ./Core/Src/task.o
                0x200007c2                wait_counter
 .bss.automatic_counter
                0x200007c4        0x2 ./Core/Src/task.o
                0x200007c4                automatic_counter
 .bss.openloop_counter
                0x200007c6        0x2 ./Core/Src/task.o
                0x200007c6                openloop_counter
 .bss.test_function_counter
                0x200007c8        0x4 ./Core/Src/task.o
                0x200007c8                test_function_counter
 .bss.test_function_flag
                0x200007cc        0x1 ./Core/Src/task.o
                0x200007cc                test_function_flag
 *fill*         0x200007cd        0x3 
 .bss.speed_rate_memory
                0x200007d0        0x4 ./Core/Src/task.o
                0x200007d0                speed_rate_memory
 .bss.system_state
                0x200007d4        0x1 ./Core/Src/task.o
                0x200007d4                system_state
 .bss.old_system_state
                0x200007d5        0x1 ./Core/Src/task.o
                0x200007d5                old_system_state
 *fill*         0x200007d6        0x2 
 .bss.open_loop_speed_rpm
                0x200007d8        0x4 ./Core/Src/task.o
                0x200007d8                open_loop_speed_rpm
 .bss.state_encoder
                0x200007dc        0x1 ./Core/Src/task.o
                0x200007dc                state_encoder
 *fill*         0x200007dd        0x3 
 .bss.Iq_set    0x200007e0        0x4 ./Core/Src/task.o
                0x200007e0                Iq_set
 .bss.debug_signal_1
                0x200007e4        0x2 ./Core/Src/task.o
                0x200007e4                debug_signal_1
 .bss.debug_signal_2
                0x200007e6        0x2 ./Core/Src/task.o
                0x200007e6                debug_signal_2
 .bss.debug_signal_3
                0x200007e8        0x2 ./Core/Src/task.o
                0x200007e8                debug_signal_3
 .bss.debug_signal_4
                0x200007ea        0x2 ./Core/Src/task.o
                0x200007ea                debug_signal_4
 .bss.debug_counter_smo
                0x200007ec        0x2 ./Core/Src/task.o
                0x200007ec                debug_counter_smo
 .bss.closed_loop_token
                0x200007ee        0x1 ./Core/Src/task.o
                0x200007ee                closed_loop_token
 *fill*         0x200007ef        0x1 
 .bss.operation_time_us
                0x200007f0        0x4 ./Core/Src/task.o
                0x200007f0                operation_time_us
 .bss.uwTick    0x200007f4        0x4 ./Drivers/STM32G4xx_HAL_Driver/Src/stm32g4xx_hal.o
                0x200007f4                uwTick
 *(COMMON)
                0x200007f8                        . = ALIGN (0x4)
                0x200007f8                        _ebss = .
                0x200007f8                        __bss_end__ = _ebss

._user_heap_stack
                0x200007f8      0x600 load address 0x0800dbe8
                0x200007f8                        . = ALIGN (0x8)
                [!provide]                        PROVIDE (end = .)
                0x200007f8                        PROVIDE (_end = .)
                0x200009f8                        . = (. + _Min_Heap_Size)
 *fill*         0x200007f8      0x200 
                0x20000df8                        . = (. + _Min_Stack_Size)
 *fill*         0x200009f8      0x400 
                0x20000df8                        . = ALIGN (0x8)

/DISCARD/
 libc.a(*)
 libm.a(*)
 libgcc.a(*)

.ARM.attributes
                0x00000000       0x30
 *(.ARM.attributes)
 .ARM.attributes
                0x00000000       0x22 /Applications/STM32CubeIDE.app/Contents/Eclipse/plugins/com.st.stm32cube.ide.mcu.externaltools.gnu-tools-for-stm32.13.3.rel1.macos64_1.0.0.202411102158/tools/bin/../lib/gcc/arm-none-eabi/13.3.1/thumb/v7e-m+fp/hard/crti.o
 .ARM.attributes
                0x00000022       0x34 /Applications/STM32CubeIDE.app/Contents/Eclipse/plugins/com.st.stm32cube.ide.mcu.externaltools.gnu-tools-for-stm32.13.3.rel1.macos64_1.0.0.202411102158/tools/bin/../lib/gcc/arm-none-eabi/13.3.1/thumb/v7e-m+fp/hard/crtbegin.o
 .ARM.attributes
                0x00000056       0x34 ./Core/Src/communication.o
 .ARM.attributes
                0x0000008a       0x34 ./Core/Src/control.o
 .ARM.attributes
                0x000000be       0x34 ./Core/Src/current_measurement.o
 .ARM.attributes
                0x000000f2       0x34 ./Core/Src/encoder.o
 .ARM.attributes
                0x00000126       0x34 ./Core/Src/foc.o
 .ARM.attributes
                0x0000015a       0x34 ./Core/Src/foc_math.o
 .ARM.attributes
                0x0000018e       0x34 ./Core/Src/main.o
 .ARM.attributes
                0x000001c2       0x30 ./Core/Src/observer.o
 .ARM.attributes
                0x000001f2       0x34 ./Core/Src/stm32g4xx_hal_msp.o
 .ARM.attributes
                0x00000226       0x34 ./Core/Src/stm32g4xx_it.o
 .ARM.attributes
                0x0000025a       0x34 ./Core/Src/svm.o
 .ARM.attributes
                0x0000028e       0x34 ./Core/Src/system_stm32g4xx.o
 .ARM.attributes
                0x000002c2       0x34 ./Core/Src/task.o
 .ARM.attributes
                0x000002f6       0x21 ./Core/Startup/startup_stm32g431cbux.o
 .ARM.attributes
                0x00000317       0x34 ./Drivers/STM32G4xx_HAL_Driver/Src/stm32g4xx_hal.o
 .ARM.attributes
                0x0000034b       0x34 ./Drivers/STM32G4xx_HAL_Driver/Src/stm32g4xx_hal_adc.o
 .ARM.attributes
                0x0000037f       0x34 ./Drivers/STM32G4xx_HAL_Driver/Src/stm32g4xx_hal_adc_ex.o
 .ARM.attributes
                0x000003b3       0x34 ./Drivers/STM32G4xx_HAL_Driver/Src/stm32g4xx_hal_comp.o
 .ARM.attributes
                0x000003e7       0x34 ./Drivers/STM32G4xx_HAL_Driver/Src/stm32g4xx_hal_cortex.o
 .ARM.attributes
                0x0000041b       0x34 ./Drivers/STM32G4xx_HAL_Driver/Src/stm32g4xx_hal_dac.o
 .ARM.attributes
                0x0000044f       0x34 ./Drivers/STM32G4xx_HAL_Driver/Src/stm32g4xx_hal_dac_ex.o
 .ARM.attributes
                0x00000483       0x34 ./Drivers/STM32G4xx_HAL_Driver/Src/stm32g4xx_hal_dma.o
 .ARM.attributes
                0x000004b7       0x34 ./Drivers/STM32G4xx_HAL_Driver/Src/stm32g4xx_hal_gpio.o
 .ARM.attributes
                0x000004eb       0x34 ./Drivers/STM32G4xx_HAL_Driver/Src/stm32g4xx_hal_opamp.o
 .ARM.attributes
                0x0000051f       0x34 ./Drivers/STM32G4xx_HAL_Driver/Src/stm32g4xx_hal_pwr_ex.o
 .ARM.attributes
                0x00000553       0x34 ./Drivers/STM32G4xx_HAL_Driver/Src/stm32g4xx_hal_rcc.o
 .ARM.attributes
                0x00000587       0x34 ./Drivers/STM32G4xx_HAL_Driver/Src/stm32g4xx_hal_rcc_ex.o
 .ARM.attributes
                0x000005bb       0x34 ./Drivers/STM32G4xx_HAL_Driver/Src/stm32g4xx_hal_tim.o
 .ARM.attributes
                0x000005ef       0x34 ./Drivers/STM32G4xx_HAL_Driver/Src/stm32g4xx_hal_tim_ex.o
 .ARM.attributes
                0x00000623       0x34 ./Drivers/STM32G4xx_HAL_Driver/Src/stm32g4xx_hal_uart.o
 .ARM.attributes
                0x00000657       0x34 ./Drivers/STM32G4xx_HAL_Driver/Src/stm32g4xx_hal_uart_ex.o
 .ARM.attributes
                0x0000068b       0x34 /Applications/STM32CubeIDE.app/Contents/Eclipse/plugins/com.st.stm32cube.ide.mcu.externaltools.gnu-tools-for-stm32.13.3.rel1.macos64_1.0.0.202411102158/tools/bin/../lib/gcc/arm-none-eabi/13.3.1/../../../../arm-none-eabi/lib/thumb/v7e-m+fp/hard/libc_nano.a(libc_a-memset.o)
 .ARM.attributes
                0x000006bf       0x34 /Applications/STM32CubeIDE.app/Contents/Eclipse/plugins/com.st.stm32cube.ide.mcu.externaltools.gnu-tools-for-stm32.13.3.rel1.macos64_1.0.0.202411102158/tools/bin/../lib/gcc/arm-none-eabi/13.3.1/../../../../arm-none-eabi/lib/thumb/v7e-m+fp/hard/libc_nano.a(libc_a-init.o)
 .ARM.attributes
                0x000006f3       0x22 /Applications/STM32CubeIDE.app/Contents/Eclipse/plugins/com.st.stm32cube.ide.mcu.externaltools.gnu-tools-for-stm32.13.3.rel1.macos64_1.0.0.202411102158/tools/bin/../lib/gcc/arm-none-eabi/13.3.1/thumb/v7e-m+fp/hard/libgcc.a(_arm_addsubdf3.o)
 .ARM.attributes
                0x00000715       0x22 /Applications/STM32CubeIDE.app/Contents/Eclipse/plugins/com.st.stm32cube.ide.mcu.externaltools.gnu-tools-for-stm32.13.3.rel1.macos64_1.0.0.202411102158/tools/bin/../lib/gcc/arm-none-eabi/13.3.1/thumb/v7e-m+fp/hard/libgcc.a(_arm_muldivdf3.o)
 .ARM.attributes
                0x00000737       0x22 /Applications/STM32CubeIDE.app/Contents/Eclipse/plugins/com.st.stm32cube.ide.mcu.externaltools.gnu-tools-for-stm32.13.3.rel1.macos64_1.0.0.202411102158/tools/bin/../lib/gcc/arm-none-eabi/13.3.1/thumb/v7e-m+fp/hard/libgcc.a(_arm_truncdfsf2.o)
 .ARM.attributes
                0x00000759       0x22 /Applications/STM32CubeIDE.app/Contents/Eclipse/plugins/com.st.stm32cube.ide.mcu.externaltools.gnu-tools-for-stm32.13.3.rel1.macos64_1.0.0.202411102158/tools/bin/../lib/gcc/arm-none-eabi/13.3.1/thumb/v7e-m+fp/hard/libgcc.a(_aeabi_uldivmod.o)
 .ARM.attributes
                0x0000077b       0x34 /Applications/STM32CubeIDE.app/Contents/Eclipse/plugins/com.st.stm32cube.ide.mcu.externaltools.gnu-tools-for-stm32.13.3.rel1.macos64_1.0.0.202411102158/tools/bin/../lib/gcc/arm-none-eabi/13.3.1/thumb/v7e-m+fp/hard/libgcc.a(_udivmoddi4.o)
 .ARM.attributes
                0x000007af       0x22 /Applications/STM32CubeIDE.app/Contents/Eclipse/plugins/com.st.stm32cube.ide.mcu.externaltools.gnu-tools-for-stm32.13.3.rel1.macos64_1.0.0.202411102158/tools/bin/../lib/gcc/arm-none-eabi/13.3.1/thumb/v7e-m+fp/hard/libgcc.a(_dvmd_tls.o)
 .ARM.attributes
                0x000007d1       0x22 /Applications/STM32CubeIDE.app/Contents/Eclipse/plugins/com.st.stm32cube.ide.mcu.externaltools.gnu-tools-for-stm32.13.3.rel1.macos64_1.0.0.202411102158/tools/bin/../lib/gcc/arm-none-eabi/13.3.1/thumb/v7e-m+fp/hard/crtn.o
OUTPUT(B-G431B-ESC1.elf elf32-littlearm)
LOAD linker stubs
LOAD /Applications/STM32CubeIDE.app/Contents/Eclipse/plugins/com.st.stm32cube.ide.mcu.externaltools.gnu-tools-for-stm32.13.3.rel1.macos64_1.0.0.202411102158/tools/bin/../lib/gcc/arm-none-eabi/13.3.1/../../../../arm-none-eabi/lib/thumb/v7e-m+fp/hard/libc.a
LOAD /Applications/STM32CubeIDE.app/Contents/Eclipse/plugins/com.st.stm32cube.ide.mcu.externaltools.gnu-tools-for-stm32.13.3.rel1.macos64_1.0.0.202411102158/tools/bin/../lib/gcc/arm-none-eabi/13.3.1/../../../../arm-none-eabi/lib/thumb/v7e-m+fp/hard/libm.a
LOAD /Applications/STM32CubeIDE.app/Contents/Eclipse/plugins/com.st.stm32cube.ide.mcu.externaltools.gnu-tools-for-stm32.13.3.rel1.macos64_1.0.0.202411102158/tools/bin/../lib/gcc/arm-none-eabi/13.3.1/thumb/v7e-m+fp/hard/libgcc.a

.debug_info     0x00000000    0x21152
 .debug_info    0x00000000      0xb63 ./Core/Src/communication.o
 .debug_info    0x00000b63      0x6fa ./Core/Src/control.o
 .debug_info    0x0000125d      0xc58 ./Core/Src/current_measurement.o
 .debug_info    0x00001eb5      0xc55 ./Core/Src/encoder.o
 .debug_info    0x00002b0a      0x82d ./Core/Src/foc.o
 .debug_info    0x00003337      0x809 ./Core/Src/foc_math.o
 .debug_info    0x00003b40     0x29c5 ./Core/Src/main.o
 .debug_info    0x00006505     0x10f0 ./Core/Src/observer.o
 .debug_info    0x000075f5     0x214e ./Core/Src/stm32g4xx_hal_msp.o
 .debug_info    0x00009743     0x11da ./Core/Src/stm32g4xx_it.o
 .debug_info    0x0000a91d      0x44f ./Core/Src/svm.o
 .debug_info    0x0000ad6c      0x58e ./Core/Src/system_stm32g4xx.o
 .debug_info    0x0000b2fa      0xd24 ./Core/Src/task.o