Archive member included to satisfy reference by file (symbol)

/Users/gerrygeyer/Library/Application Support/stm32cube/bundles/gnu-tools-for-stm32/14.3.1+st.2/bin/../lib/gcc/arm-none-eabi/14.3.1/../../../../arm-none-eabi/lib/thumb/v7e-m+fp/hard/libc_nano.a(libc_a-exit.o)
                              /Users/gerrygeyer/Library/Application Support/stm32cube/bundles/gnu-tools-for-stm32/14.3.1+st.2/bin/../lib/gcc/arm-none-eabi/14.3.1/../../../../arm-none-eabi/lib/thumb/v7e-m+fp/hard/crt0.o (exit)
/Users/gerrygeyer/Library/Application Support/stm32cube/bundles/gnu-tools-for-stm32/14.3.1+st.2/bin/../lib/gcc/arm-none-eabi/14.3.1/../../../../arm-none-eabi/lib/thumb/v7e-m+fp/hard/libc_nano.a(libc_a-findfp.o)
                              /Users/gerrygeyer/Library/Application Support/stm32cube/bundles/gnu-tools-for-stm32/14.3.1+st.2/bin/../lib/gcc/arm-none-eabi/14.3.1/../../../../arm-none-eabi/lib/thumb/v7e-m+fp/hard/libc_nano.a(libc_a-exit.o) (__stdio_exit_handler)
/Users/gerrygeyer/Library/Application Support/stm32cube/bundles/gnu-tools-for-stm32/14.3.1+st.2/bin/../lib/gcc/arm-none-eabi/14.3.1/../../../../arm-none-eabi/lib/thumb/v7e-m+fp/hard/libc_nano.a(libc_a-fwalk.o)
                              /Users/gerrygeyer/Library/Application Support/stm32cube/bundles/gnu-tools-for-stm32/14.3.1+st.2/bin/../lib/gcc/arm-none-eabi/14.3.1/../../../../arm-none-eabi/lib/thumb/v7e-m+fp/hard/libc_nano.a(libc_a-findfp.o) (_fwalk_sglue)
/Users/gerrygeyer/Library/Application Support/stm32cube/bundles/gnu-tools-for-stm32/14.3.1+st.2/bin/../lib/gcc/arm-none-eabi/14.3.1/../../../../arm-none-eabi/lib/thumb/v7e-m+fp/hard/libc_nano.a(libc_a-memset.o)
                              /Users/gerrygeyer/Library/Application Support/stm32cube/bundles/gnu-tools-for-stm32/14.3.1+st.2/bin/../lib/gcc/arm-none-eabi/14.3.1/../../../../arm-none-eabi/lib/thumb/v7e-m+fp/hard/crt0.o (memset)
/Users/gerrygeyer/Library/Application Support/stm32cube/bundles/gnu-tools-for-stm32/14.3.1+st.2/bin/../lib/gcc/arm-none-eabi/14.3.1/../../../../arm-none-eabi/lib/thumb/v7e-m+fp/hard/libc_nano.a(libc_a-errno.o)
                              ./Core/Src/syscalls.o (__errno)
/Users/gerrygeyer/Library/Application Support/stm32cube/bundles/gnu-tools-for-stm32/14.3.1+st.2/bin/../lib/gcc/arm-none-eabi/14.3.1/../../../../arm-none-eabi/lib/thumb/v7e-m+fp/hard/libc_nano.a(libc_a-init.o)
                              /Users/gerrygeyer/Library/Application Support/stm32cube/bundles/gnu-tools-for-stm32/14.3.1+st.2/bin/../lib/gcc/arm-none-eabi/14.3.1/../../../../arm-none-eabi/lib/thumb/v7e-m+fp/hard/crt0.o (__libc_init_array)
/Users/gerrygeyer/Library/Application Support/stm32cube/bundles/gnu-tools-for-stm32/14.3.1+st.2/bin/../lib/gcc/arm-none-eabi/14.3.1/../../../../arm-none-eabi/lib/thumb/v7e-m+fp/hard/libc_nano.a(libc_a-lock.o)
                              /Users/gerrygeyer/Library/Application Support/stm32cube/bundles/gnu-tools-for-stm32/14.3.1+st.2/bin/../lib/gcc/arm-none-eabi/14.3.1/../../../../arm-none-eabi/lib/thumb/v7e-m+fp/hard/libc_nano.a(libc_a-findfp.o) (__retarget_lock_init_recursive)
/Users/gerrygeyer/Library/Application Support/stm32cube/bundles/gnu-tools-for-stm32/14.3.1+st.2/bin/../lib/gcc/arm-none-eabi/14.3.1/../../../../arm-none-eabi/lib/thumb/v7e-m+fp/hard/libc_nano.a(libc_a-impure.o)
                              /Users/gerrygeyer/Library/Application Support/stm32cube/bundles/gnu-tools-for-stm32/14.3.1+st.2/bin/../lib/gcc/arm-none-eabi/14.3.1/../../../../arm-none-eabi/lib/thumb/v7e-m+fp/hard/libc_nano.a(libc_a-errno.o) (_impure_ptr)
/Users/gerrygeyer/Library/Application Support/stm32cube/bundles/gnu-tools-for-stm32/14.3.1+st.2/bin/../lib/gcc/arm-none-eabi/14.3.1/../../../../arm-none-eabi/lib/thumb/v7e-m+fp/hard/libc_nano.a(libc_a-mallocr.o)
                              /Users/gerrygeyer/Library/Application Support/stm32cube/bundles/gnu-tools-for-stm32/14.3.1+st.2/bin/../lib/gcc/arm-none-eabi/14.3.1/../../../../arm-none-eabi/lib/thumb/v7e-m+fp/hard/libc_nano.a(libc_a-findfp.o) (_malloc_r)
/Users/gerrygeyer/Library/Application Support/stm32cube/bundles/gnu-tools-for-stm32/14.3.1+st.2/bin/../lib/gcc/arm-none-eabi/14.3.1/../../../../arm-none-eabi/lib/thumb/v7e-m+fp/hard/libc_nano.a(libc_a-fflush.o)
                              /Users/gerrygeyer/Library/Application Support/stm32cube/bundles/gnu-tools-for-stm32/14.3.1+st.2/bin/../lib/gcc/arm-none-eabi/14.3.1/../../../../arm-none-eabi/lib/thumb/v7e-m+fp/hard/libc_nano.a(libc_a-findfp.o) (_fflush_r)
/Users/gerrygeyer/Library/Application Support/stm32cube/bundles/gnu-tools-for-stm32/14.3.1+st.2/bin/../lib/gcc/arm-none-eabi/14.3.1/../../../../arm-none-eabi/lib/thumb/v7e-m+fp/hard/libc_nano.a(libc_a-mlock.o)
                              /Users/gerrygeyer/Library/Application Support/stm32cube/bundles/gnu-tools-for-stm32/14.3.1+st.2/bin/../lib/gcc/arm-none-eabi/14.3.1/../../../../arm-none-eabi/lib/thumb/v7e-m+fp/hard/libc_nano.a(libc_a-mallocr.o) (__malloc_lock)
[...]
Memory Configuration

Name             Origin             Length             Attributes
RAM              0x20000000         0x00008000         xrw
FLASH            0x08000000         0x0001c000         xr
*default*        0x00000000         0xffffffff

Linker script and memory map

LOAD /Users/gerrygeyer/Library/Application Support/stm32cube/bundles/gnu-tools-for-stm32/14.3.1+st.2/bin/../lib/gcc/arm-none-eabi/14.3.1/thumb/v7e-m+fp/hard/crti.o
LOAD /Users/gerrygeyer/Library/Application Support/stm32cube/bundles/gnu-tools-for-stm32/14.3.1+st.2/bin/../lib/gcc/arm-none-eabi/14.3.1/thumb/v7e-m+fp/hard/crtbegin.o
LOAD /Users/gerrygeyer/Library/Application Support/stm32cube/bundles/gnu-tools-for-stm32/14.3.1+st.2/bin/../lib/gcc/arm-none-eabi/14.3.1/../../../../arm-none-eabi/lib/thumb/v7e-m+fp/hard/crt0.o
LOAD ./Core/Src/communication.o
LOAD ./Core/Src/control.o
LOAD ./Core/Src/current_measurement.o
LOAD ./Core/Src/encoder.o
LOAD ./Core/Src/foc.o
LOAD ./Core/Src/foc_math.o
LOAD ./Core/Src/main.o
LOAD ./Core/Src/observer.o
LOAD ./Core/Src/overcurrent_overvoltage_protection.o
LOAD ./Core/Src/stm32g4xx_hal_msp.o
LOAD ./Core/Src/stm32g4xx_it.o
LOAD ./Core/Src/svm.o
LOAD ./Core/Src/syscalls.o
LOAD ./Core/Src/sysmem.o
LOAD ./Core/Src/system_stm32g4xx.o
LOAD ./Core/Src/task.o
LOAD ./Core/Startup/startup_stm32g431cbux.o
LOAD ./Drivers/STM32G4xx_HAL_Driver/Src/stm32g4xx_hal.o
LOAD ./Drivers/STM32G4xx_HAL_Driver/Src/stm32g4xx_hal_adc.o
LOAD ./Drivers/STM32G4xx_HAL_Driver/Src/stm32g4xx_hal_adc_ex.o
LOAD ./Drivers/STM32G4xx_HAL_Driver/Src/stm32g4xx_hal_comp.o
LOAD ./Drivers/STM32G4xx_HAL_Driver/Src/stm32g4xx_hal_cortex.o
LOAD ./Drivers/STM32G4xx_HAL_Driver/Src/stm32g4xx_hal_dac.o
LOAD ./Drivers/STM32G4xx_HAL_Driver/Src/stm32g4xx_hal_dac_ex.o
LOAD ./Drivers/STM32G4xx_HAL_Driver/Src/stm32g4xx_hal_dma.o
LOAD ./Drivers/STM32G4xx_HAL_Driver/Src/stm32g4xx_hal_dma_ex.o
LOAD ./Drivers/STM32G4xx_HAL_Driver/Src/stm32g4xx_hal_exti.o
LOAD ./Drivers/STM32G4xx_HAL_Driver/Src/stm32g4xx_hal_flash.o
LOAD ./Drivers/STM32G4xx_HAL_Driver/Src/stm32g4xx_hal_flash_ex.o
LOAD ./Drivers/STM32G4xx_HAL_Driver/Src/stm32g4xx_hal_flash_ramfunc.o
LOAD ./Drivers/STM32G4xx_HAL_Driver/Src/stm32g4xx_hal_gpio.o
LOAD ./Drivers/STM32G4xx_HAL_Driver/Src/stm32g4xx_hal_opamp.o
LOAD ./Drivers/STM32G4xx_HAL_Driver/Src/stm32g4xx_hal_opamp_ex.o
LOAD ./Drivers/STM32G4xx_HAL_Driver/Src/stm32g4xx_hal_pwr.o
LOAD ./Drivers/STM32G4xx_HAL_Driver/Src/stm32g4xx_hal_pwr_ex.o
LOAD ./Drivers/STM32G4xx_HAL_Driver/Src/stm32g4xx_hal_rcc.o
LOAD ./Drivers/STM32G4xx_HAL_Driver/Src/stm32g4xx_hal_rcc_ex.o
LOAD ./Drivers/STM32G4xx_HAL_Driver/Src/stm32g4xx_hal_tim.o
LOAD ./Drivers/STM32G4xx_HAL_Driver/Src/stm32g4xx_hal_tim_ex.o
LOAD ./Drivers/STM32G4xx_HAL_Driver/Src/stm32g4xx_hal_uart.o
LOAD ./Drivers/STM32G4xx_HAL_Driver/Src/stm32g4xx_hal_uart_ex.o
LOAD ./Drivers/STM32G4xx_HAL_Driver/Src/stm32g4xx_ll_adc.o
START GROUP
LOAD /Users/gerrygeyer/Library/Application Support/stm32cube/bundles/gnu-tools-for-stm32/14.3.1+st.2/bin/../lib/gcc/arm-none-eabi/14.3.1/../../../../arm-none-eabi/lib/thumb/v7e-m+fp/hard/libc_nano.a
LOAD /Users/gerrygeyer/Library/Application Support/stm32cube/bundles/gnu-tools-for-stm32/14.3.1+st.2/bin/../lib/gcc/arm-none-eabi/14.3.1/../../../../arm-none-eabi/lib/thumb/v7e-m+fp/hard/libm.a
END GROUP
START GROUP
LOAD /Users/gerrygeyer/Library/Application Support/stm32cube/bundles/gnu-tools-for-stm32/14.3.1+st.2/bin/../lib/gcc/arm-none-eabi/14.3.1/thumb/v7e-m+fp/hard/libgcc.a
LOAD /Users/gerrygeyer/Library/Application Support/stm32cube/bundles/gnu-tools-for-stm32/14.3.1+st.2/bin/../lib/gcc/arm-none-eabi/14.3.1/../../../../arm-none-eabi/lib/thumb/v7e-m+fp/hard/libc_nano.a
END GROUP
START GROUP
LOAD /Users/gerrygeyer/Library/Application Support/stm32cube/bundles/gnu-tools-for-stm32/14.3.1+st.2/bin/../lib/gcc/arm-none-eabi/14.3.1/thumb/v7e-m+fp/hard/libgcc.a
LOAD /Users/gerrygeyer/Library/Application Support/stm32cube/bundles/gnu-tools-for-stm32/14.3.1+st.2/bin/../lib/gcc/arm-none-eabi/14.3.1/../../../../arm-none-eabi/lib/thumb/v7e-m+fp/hard/libc_nano.a
LOAD /Users/gerrygeyer/Library/Application Support/stm32cube/bundles/gnu-tools-for-stm32/14.3.1+st.2/bin/../lib/gcc/arm-none-eabi/14.3.1/../../../../arm-none-eabi/lib/thumb/v7e-m+fp/hard/libnosys.a
END GROUP
START GROUP
LOAD /Users/gerrygeyer/Library/Application Support/stm32cube/bundles/gnu-tools-for-stm32/14.3.1+st.2/bin/../lib/gcc/arm-none-eabi/14.3.1/thumb/v7e-m+fp/hard/libgcc.a
LOAD /Users/gerrygeyer/Library/Application Support/stm32cube/bundles/gnu-tools-for-stm32/14.3.1+st.2/bin/../lib/gcc/arm-none-eabi/14.3.1/../../../../arm-none-eabi/lib/thumb/v7e-m+fp/hard/libc_nano.a
LOAD /Users/gerrygeyer/Library/Application Support/stm32cube/bundles/gnu-tools-for-stm32/14.3.1+st.2/bin/../lib/gcc/arm-none-eabi/14.3.1/../../../../arm-none-eabi/lib/thumb/v7e-m+fp/hard/libnosys.a
END GROUP
LOAD /Users/gerrygeyer/Library/Application Support/stm32cube/bundles/gnu-tools-for-stm32/14.3.1+st.2/bin/../lib/gcc/arm-none-eabi/14.3.1/thumb/v7e-m+fp/hard/crtend.o
LOAD /Users/gerrygeyer/Library/Application Support/stm32cube/bundles/gnu-tools-for-stm32/14.3.1+st.2/bin/../lib/gcc/arm-none-eabi/14.3.1/thumb/v7e-m+fp/hard/crtn.o
                0x20008000                        _estack = (ORIGIN (RAM) + LENGTH (RAM))
                0x00000200                        _Min_Heap_Size = 0x200
                0x00000400                        _Min_Stack_Size = 0x400

.isr_vector     0x08000000      0x1d8
                0x08000000                        . = ALIGN (0x4)
 *(.isr_vector)
 .isr_vector    0x08000000      0x1d8 ./Core/Startup/startup_stm32g431cbux.o
                0x08000000                g_pfnVectors
                0x080001d8                        . = ALIGN (0x4)

.text           0x080001d8     0xdaa0
                0x080001d8                        . = ALIGN (0x4)
 *(.text)
 .text          0x080001d8       0x40 /Users/gerrygeyer/Library/Application Support/stm32cube/bundles/gnu-tools-for-stm32/14.3.1+st.2/bin/../lib/gcc/arm-none-eabi/14.3.1/thumb/v7e-m+fp/hard/crtbegin.o
 .text          0x08000218      0x378 /Users/gerrygeyer/Library/Application Support/stm32cube/bundles/gnu-tools-for-stm32/14.3.1+st.2/bin/../lib/gcc/arm-none-eabi/14.3.1/thumb/v7e-m+fp/hard/libgcc.a(_arm_addsubdf3.o)
                0x08000218                __aeabi_drsub
                0x08000220                __subdf3
                0x08000220                __aeabi_dsub
                0x08000224                __aeabi_dadd
                0x08000224                __adddf3
                0x0800049c                __aeabi_ui2d
                0x0800049c                __floatunsidf
                0x080004bc                __floatsidf
                0x080004bc                __aeabi_i2d
                0x080004e0                __extendsfdf2
                0x080004e0                __aeabi_f2d
                0x08000524                __aeabi_ul2d
                0x08000524                __floatundidf
                0x08000534                __aeabi_l2d
                0x08000534                __floatdidf
 .text          0x08000590      0x424 /Users/gerrygeyer/Library/Application Support/stm32cube/bundles/gnu-tools-for-stm32/14.3.1+st.2/bin/../lib/gcc/arm-none-eabi/14.3.1/thumb/v7e-m+fp/hard/libgcc.a(_arm_muldivdf3.o)
                0x08000590                __aeabi_dmul
                0x08000590                __muldf3
                0x080007e4                __aeabi_ddiv
                0x080007e4                __divdf3
 .text          0x080009b4       0xa0 /Users/gerrygeyer/Library/Application Support/stm32cube/bundles/gnu-tools-for-stm32/14.3.1+st.2/bin/../lib/gcc/arm-none-eabi/14.3.1/thumb/v7e-m+fp/hard/libgcc.a(_arm_truncdfsf2.o)
                0x080009b4                __aeabi_d2f
                0x080009b4                __truncdfsf2
 .text          0x08000a54       0x30 /Users/gerrygeyer/Library/Application Support/stm32cube/bundles/gnu-tools-for-stm32/14.3.1+st.2/bin/../lib/gcc/arm-none-eabi/14.3.1/thumb/v7e-m+fp/hard/libgcc.a(_aeabi_uldivmod.o)
                0x08000a54                __aeabi_uldivmod
 .text          0x08000a84      0x2f8 /Users/gerrygeyer/Library/Application Support/stm32cube/bundles/gnu-tools-for-stm32/14.3.1+st.2/bin/../lib/gcc/arm-none-eabi/14.3.1/thumb/v7e-m+fp/hard/libgcc.a(_udivmoddi4.o)
                0x08000a84                __udivmoddi4
 .text          0x08000d7c        0x4 /Users/gerrygeyer/Library/Application Support/stm32cube/bundles/gnu-tools-for-stm32/14.3.1+st.2/bin/../lib/gcc/arm-none-eabi/14.3.1/thumb/v7e-m+fp/hard/libgcc.a(_dvmd_tls.o)
                0x08000d7c                __aeabi_ldiv0
                0x08000d7c                __aeabi_idiv0
 *(.text*)
 .text.init_communication
                0x08000d80       0xbc ./Core/Src/communication.o
                0x08000d80                init_communication
 .text.HAL_UART_RxCpltCallback
                0x08000e3c      0x10c ./Core/Src/communication.o
                0x08000e3c                HAL_UART_RxCpltCallback
 .text.get_information
                0x08000f48       0x38 ./Core/Src/communication.o
                0x08000f48                get_information
 .text.automatic_switch_off
                0x08000f80       0x20 ./Core/Src/communication.o
                0x08000f80                automatic_switch_off
 .text.data_log_speed_current_500Hz
                0x08000fa0       0xf0 ./Core/Src/communication.o
                0x08000fa0                data_log_speed_current_500Hz
 .text.init_control_functions
                0x08001090      0x1a0 ./Core/Src/control.o
                0x08001090                init_control_functions
 .text.clear_control_parameter
                0x08001230       0xa0 ./Core/Src/control.o
                0x08001230                clear_control_parameter
 .text.update_PI_parameter
                0x080012d0       0xfc ./Core/Src/control.o
                0x080012d0                update_PI_parameter
 .text.reset_pi_integrator
                0x080013cc       0x50 ./Core/Src/control.o
                0x080013cc                reset_pi_integrator
 .text.PI_id_iq_Q15
                0x0800141c      0x1c4 ./Core/Src/control.o
                0x0800141c                PI_id_iq_Q15
 .text.multiplicate_two_q15
                0x080015e0       0x54 ./Core/Src/control.o
 .text.pi_speed_q15
                0x08001634      0x168 ./Core/Src/control.o
                0x08001634                pi_speed_q15
 .text.init_current_measurement
                0x0800179c       0x78 ./Core/Src/current_measurement.o
                0x0800179c                init_current_measurement
 .text.execute_current_measurement
                0x08001814      0x2b4 ./Core/Src/current_measurement.o
                0x08001814                execute_current_measurement
 .text.get_realCurrentQ15
                0x08001ac8       0x78 ./Core/Src/current_measurement.o
                0x08001ac8                get_realCurrentQ15
 .text.execute_voltage_measurement
                0x08001b40       0x1c ./Core/Src/current_measurement.o
                0x08001b40                execute_voltage_measurement
 .text.get_voltage_value
                0x08001b5c       0x18 ./Core/Src/current_measurement.o
                0x08001b5c                get_voltage_value
 .text.HAL_ADC_ConvCpltCallback
                0x08001b74       0x58 ./Core/Src/current_measurement.o
                0x08001b74                HAL_ADC_ConvCpltCallback
 .text.init_encoder
                0x08001bcc       0x58 ./Core/Src/encoder.o
                0x08001bcc                init_encoder
 .text.set_encoder_to_zero
                0x08001c24       0x24 ./Core/Src/encoder.o
                0x08001c24                set_encoder_to_zero
 .text.calc_speed_and_position
                0x08001c48       0xb4 ./Core/Src/encoder.o
                0x08001c48                calc_speed_and_position
 .text.get_el_angle
                0x08001cfc       0x28 ./Core/Src/encoder.o
                0x08001cfc                get_el_angle
 .text.speed_calculation
                0x08001d24       0xc8 ./Core/Src/encoder.o
                0x08001d24                speed_calculation
 .text.iir_lp_speed_q15
                0x08001dec       0x84 ./Core/Src/encoder.o
 .text.init_foc
                0x08001e70       0xac ./Core/Src/foc.o
                0x08001e70                init_foc
 .text.clear_foc
                0x08001f1c       0x78 ./Core/Src/foc.o
                0x08001f1c                clear_foc
 .text.execute_FOC
                0x08001f94      0x208 ./Core/Src/foc.o
                0x08001f94                execute_FOC
 .text.goto_position
                0x0800219c       0x4a ./Core/Src/foc.o
                0x0800219c                goto_position
 *fill*         0x080021e6        0x2 
 .text.clark_transformation_q15
                0x080021e8       0x80 ./Core/Src/foc.o
 .text.park_transformation_q15
                0x08002268       0xb4 ./Core/Src/foc.o
 .text.inverse_park_transformation_q15
                0x0800231c       0xb0 ./Core/Src/foc.o
 .text.inverse_clark_transformation_q15
                0x080023cc       0xa8 ./Core/Src/foc.o
 .text.generate_openloop
                0x08002474       0x90 ./Core/Src/foc.o
                0x08002474                generate_openloop
 .text.error_fct
                0x08002504       0x88 ./Core/Src/foc.o
 .text.sort_int16
                0x0800258c       0x90 ./Core/Src/foc.o
 .text.median_filter_d_t
                0x0800261c       0xac ./Core/Src/foc.o
 .text.median_filter_q_t
                0x080026c8       0xac ./Core/Src/foc.o
 .text.init_math
                0x08002774       0xc4 ./Core/Src/foc_math.o
                0x08002774                init_math
 .text.sin_t    0x08002838       0x98 ./Core/Src/foc_math.o
                0x08002838                sin_t
 .text.cos_t    0x080028d0       0x26 ./Core/Src/foc_math.o
                0x080028d0                cos_t
 .text.sqrt_fast_uint
                0x080028f6       0xa6 ./Core/Src/foc_math.o
                0x080028f6                sqrt_fast_uint
 .text.circle_limitation_Q15
                0x0800299c      0x2f0 ./Core/Src/foc_math.o
                0x0800299c                circle_limitation_Q15
 .text.main     0x08002c8c      0x1ac ./Core/Src/main.o
                0x08002c8c                main
 .text.SystemClock_Config
                0x08002e38       0x92 ./Core/Src/main.o
                0x08002e38                SystemClock_Config
 *fill*         0x08002eca        0x2 
 .text.MX_ADC1_Init
                0x08002ecc      0x108 ./Core/Src/main.o
 .text.MX_ADC2_Init
                0x08002fd4      0x130 ./Core/Src/main.o
 .text.MX_COMP1_Init
                0x08003104       0x4c ./Core/Src/main.o
 .text.MX_COMP2_Init
                0x08003150       0x4c ./Core/Src/main.o
 .text.MX_COMP4_Init
                0x0800319c       0x4c ./Core/Src/main.o
 .text.MX_DAC1_Init
                0x080031e8       0x88 ./Core/Src/main.o
 .text.MX_DAC3_Init
                0x08003270       0x74 ./Core/Src/main.o
 .text.MX_OPAMP1_Init
                0x080032e4       0x5c ./Core/Src/main.o
 .text.MX_OPAMP2_Init
                0x08003340       0x5c ./Core/Src/main.o
 .text.MX_OPAMP3_Init
                0x0800339c       0x5c ./Core/Src/main.o
 .text.MX_TIM1_Init
                0x080033f8      0x1b0 ./Core/Src/main.o
 .text.MX_TIM2_Init
                0x080035a8       0xe8 ./Core/Src/main.o
 .text.MX_TIM4_Init
                0x08003690       0xac ./Core/Src/main.o
 .text.MX_USART2_UART_Init
                0x0800373c       0x9c ./Core/Src/main.o
 .text.MX_DMA_Init
                0x080037d8       0x8c ./Core/Src/main.o
 .text.MX_GPIO_Init
                0x08003864       0xe0 ./Core/Src/main.o
 .text.Error_Handler
                0x08003944        0xc ./Core/Src/main.o
                0x08003944                Error_Handler
 .text.HAL_MspInit
                0x08003950       0x48 ./Core/Src/stm32g4xx_hal_msp.o
                0x08003950                HAL_MspInit
 .text.HAL_ADC_MspInit
                0x08003998      0x1fc ./Core/Src/stm32g4xx_hal_msp.o
                0x08003998                HAL_ADC_MspInit
 .text.HAL_COMP_MspInit
                0x08003b94      0x11c ./Core/Src/stm32g4xx_hal_msp.o
                0x08003b94                HAL_COMP_MspInit
 .text.HAL_DAC_MspInit
                0x08003cb0       0x84 ./Core/Src/stm32g4xx_hal_msp.o
                0x08003cb0                HAL_DAC_MspInit
 .text.HAL_OPAMP_MspInit
                0x08003d34       0xec ./Core/Src/stm32g4xx_hal_msp.o
                0x08003d34                HAL_OPAMP_MspInit
 .text.HAL_TIM_Base_MspInit
                0x08003e20       0x64 ./Core/Src/stm32g4xx_hal_msp.o
                0x08003e20                HAL_TIM_Base_MspInit
 .text.HAL_TIM_Encoder_MspInit
                0x08003e84       0x98 ./Core/Src/stm32g4xx_hal_msp.o
                0x08003e84                HAL_TIM_Encoder_MspInit
 .text.HAL_TIM_MspPostInit
                0x08003f1c       0xec ./Core/Src/stm32g4xx_hal_msp.o
                0x08003f1c                HAL_TIM_MspPostInit
 .text.HAL_UART_MspInit
                0x08004008      0x178 ./Core/Src/stm32g4xx_hal_msp.o
                0x08004008                HAL_UART_MspInit
 .text.NMI_Handler
                0x08004180        0x8 ./Core/Src/stm32g4xx_it.o
                0x08004180                NMI_Handler
 .text.HardFault_Handler
                0x08004188        0x8 ./Core/Src/stm32g4xx_it.o
                0x08004188                HardFault_Handler
 .text.MemManage_Handler
                0x08004190        0x8 ./Core/Src/stm32g4xx_it.o
                0x08004190                MemManage_Handler
 .text.BusFault_Handler
                0x08004198        0x8 ./Core/Src/stm32g4xx_it.o
                0x08004198                BusFault_Handler
 .text.UsageFault_Handler
                0x080041a0        0x8 ./Core/Src/stm32g4xx_it.o
                0x080041a0                UsageFault_Handler
 .text.SVC_Handler
                0x080041a8        0xe ./Core/Src/stm32g4xx_it.o
                0x080041a8                SVC_Handler
 .text.DebugMon_Handler
                0x080041b6        0xe ./Core/Src/stm32g4xx_it.o
                0x080041b6                DebugMon_Handler
 .text.PendSV_Handler
                0x080041c4        0xe ./Core/Src/stm32g4xx_it.o
                0x080041c4                PendSV_Handler
 .text.SysTick_Handler
                0x080041d2        0xc ./Core/Src/stm32g4xx_it.o
                0x080041d2                SysTick_Handler
 *fill*         0x080041de        0x2 
 .text.DMA1_Channel1_IRQHandler
                0x080041e0       0x14 ./Core/Src/stm32g4xx_it.o
                0x080041e0                DMA1_Channel1_IRQHandler
 .text.DMA1_Channel2_IRQHandler
                0x080041f4       0x14 ./Core/Src/stm32g4xx_it.o
                0x080041f4                DMA1_Channel2_IRQHandler
 .text.ADC1_2_IRQHandler
                0x08004208       0x80 ./Core/Src/stm32g4xx_it.o
                0x08004208                ADC1_2_IRQHandler
 .text.EXTI9_5_IRQHandler
                0x08004288       0x10 ./Core/Src/stm32g4xx_it.o
                0x08004288                EXTI9_5_IRQHandler
 .text.TIM4_IRQHandler
                0x08004298       0x14 ./Core/Src/stm32g4xx_it.o
                0x08004298                TIM4_IRQHandler
 .text.USART2_IRQHandler
                0x080042ac       0x14 ./Core/Src/stm32g4xx_it.o
                0x080042ac                USART2_IRQHandler
 .text.TIM6_DAC_IRQHandler
                0x080042c0       0x1c ./Core/Src/stm32g4xx_it.o
                0x080042c0                TIM6_DAC_IRQHandler
 .text.DMA2_Channel1_IRQHandler
                0x080042dc       0x14 ./Core/Src/stm32g4xx_it.o
                0x080042dc                DMA2_Channel1_IRQHandler
 .text.COMP1_2_3_IRQHandler
                0x080042f0       0x24 ./Core/Src/stm32g4xx_it.o
                0x080042f0                COMP1_2_3_IRQHandler
 .text.COMP4_IRQHandler
                0x08004314       0x1c ./Core/Src/stm32g4xx_it.o
                0x08004314                COMP4_IRQHandler
 .text.init_SVM
                0x08004330       0x24 ./Core/Src/svm.o
                0x08004330                init_SVM
 .text.execute_SVM_matlab
                0x08004354      0x2ac ./Core/Src/svm.o
                0x08004354                execute_SVM_matlab
 .text.SVM_input_Va_Vb_Vc
                0x08004600      0x1c8 ./Core/Src/svm.o
                0x08004600                SVM_input_Va_Vb_Vc
 .text.set_output_to_zero
                0x080047c8       0x24 ./Core/Src/svm.o
                0x080047c8                set_output_to_zero
 .text.SVM_Q15  0x080047ec      0x118 ./Core/Src/svm.o
                0x080047ec                SVM_Q15
 .text.get_PWM_OUTPUT_Q15
                0x08004904       0xaa ./Core/Src/svm.o
                0x08004904                get_PWM_OUTPUT_Q15
 *fill*         0x080049ae        0x2 
 .text.SystemInit
                0x080049b0       0x24 ./Core/Src/system_stm32g4xx.o
                0x080049b0                SystemInit
 .text.init_task
                0x080049d4       0xf0 ./Core/Src/task.o
                0x080049d4                init_task
 .text.time_management
                0x08004ac4       0x40 ./Core/Src/task.o
                0x08004ac4                time_management
 .text.engine_mode_observer
                0x08004b04       0x34 ./Core/Src/task.o
                0x08004b04                engine_mode_observer
 .text.switch_state_observer
                0x08004b38       0x40 ./Core/Src/task.o
                0x08004b38                switch_state_observer
 .text.engine_start_function
                0x08004b78       0x18 ./Core/Src/task.o
                0x08004b78                engine_start_function
 .text.engine_stopp_function
                0x08004b90       0x18 ./Core/Src/task.o
                0x08004b90                engine_stopp_function
 .text.highspeed_task
                0x08004ba8      0x414 ./Core/Src/task.o
                0x08004ba8                highspeed_task
 .text.middlespeed_task
                0x08004fbc       0x80 ./Core/Src/task.o
                0x08004fbc                middlespeed_task
 .text.lowspeed_task
                0x0800503c       0x44 ./Core/Src/task.o
                0x0800503c                lowspeed_task
 .text.PWM_All_Stop
                0x08005080        0xe ./Core/Src/task.o
 .text.PWM_All_Start
                0x0800508e        0xe ./Core/Src/task.o
 .text.SAFETY_system_state_observer
                0x0800509c       0x48 ./Core/Src/task.o
 .text.Reset_Handler
                0x080050e4       0x50 ./Core/Startup/startup_stm32g431cbux.o
                0x080050e4                Reset_Handler
 .text.Default_Handler
                0x08005134        0x2 ./Core/Startup/startup_stm32g431cbux.o
                0x08005134                TIM1_BRK_TIM15_IRQHandler
                0x08005134                EXTI2_IRQHandler
                0x08005134                TIM8_TRG_COM_IRQHandler
                0x08005134                TIM8_CC_IRQHandler
                0x08005134                TIM1_CC_IRQHandler
                0x08005134                USB_HP_IRQHandler
                0x08005134                CORDIC_IRQHandler
                0x08005134                EXTI3_IRQHandler
                0x08005134                I2C3_ER_IRQHandler
                0x08005134                EXTI0_IRQHandler
                0x08005134                I2C2_EV_IRQHandler
                0x08005134                FPU_IRQHandler
                0x08005134                FDCAN1_IT1_IRQHandler
                0x08005134                TIM1_UP_TIM16_IRQHandler
                0x08005134                SPI1_IRQHandler
                0x08005134                TIM8_UP_IRQHandler
                0x08005134                DMA2_Channel2_IRQHandler
                0x08005134                DMA1_Channel4_IRQHandler
                0x08005134                USART3_IRQHandler
                0x08005134                I2C1_EV_IRQHandler
                0x08005134                DMA1_Channel6_IRQHandler
                0x08005134                UART4_IRQHandler
                0x08005134                DMA2_Channel4_IRQHandler
                0x08005134                TIM3_IRQHandler
                0x08005134                RCC_IRQHandler
                0x08005134                Default_Handler
                0x08005134                RTC_TAMP_LSECSS_IRQHandler
                0x08005134                FMAC_IRQHandler
                0x08005134                EXTI15_10_IRQHandler
                0x08005134                TIM7_IRQHandler
                0x08005134                UCPD1_IRQHandler
                0x08005134                I2C3_EV_IRQHandler
                0x08005134                RTC_WKUP_IRQHandler
                0x08005134                PVD_PVM_IRQHandler
                0x08005134                SPI2_IRQHandler
                0x08005134                DMA2_Channel5_IRQHandler
                0x08005134                CRS_IRQHandler
                0x08005134                DMA1_Channel5_IRQHandler
                0x08005134                USB_LP_IRQHandler
                0x08005134                EXTI4_IRQHandler
                0x08005134                RNG_IRQHandler
                0x08005134                TIM1_TRG_COM_TIM17_IRQHandler
                0x08005134                DMA1_Channel3_IRQHandler
                0x08005134                WWDG_IRQHandler
                0x08005134                LPUART1_IRQHandler
                0x08005134                DMA2_Channel6_IRQHandler
                0x08005134                FDCAN1_IT0_IRQHandler
                0x08005134                TIM2_IRQHandler
                0x08005134                EXTI1_IRQHandler
                0x08005134                I2C2_ER_IRQHandler
                0x08005134                TIM8_BRK_IRQHandler
                0x08005134                FLASH_IRQHandler
                0x08005134                USART1_IRQHandler
                0x08005134                SPI3_IRQHandler
                0x08005134                I2C1_ER_IRQHandler
                0x08005134                LPTIM1_IRQHandler
                0x08005134                DMAMUX_OVR_IRQHandler
                0x08005134                USBWakeUp_IRQHandler
                0x08005134                SAI1_IRQHandler
                0x08005134                DMA2_Channel3_IRQHandler
                0x08005134                RTC_Alarm_IRQHandler
 .text.HAL_Init
                0x08005136       0x30 ./Drivers/STM32G4xx_HAL_Driver/Src/stm32g4xx_hal.o
                0x08005136                HAL_Init
 *fill*         0x08005166        0x2 
 .text.HAL_InitTick
                0x08005168       0x74 ./Drivers/STM32G4xx_HAL_Driver/Src/stm32g4xx_hal.o
                0x08005168                HAL_InitTick
 .text.HAL_IncTick
                0x080051dc       0x24 ./Drivers/STM32G4xx_HAL_Driver/Src/stm32g4xx_hal.o
                0x080051dc                HAL_IncTick
 .text.HAL_GetTick
                0x08005200       0x18 ./Drivers/STM32G4xx_HAL_Driver/Src/stm32g4xx_hal.o
                0x08005200                HAL_GetTick
 .text.HAL_Delay
                0x08005218       0x44 ./Drivers/STM32G4xx_HAL_Driver/Src/stm32g4xx_hal.o
                0x08005218                HAL_Delay
 .text.LL_ADC_SetCommonClock
                0x0800525c       0x26 ./Drivers/STM32G4xx_HAL_Driver/Src/stm32g4xx_hal_adc.o
 .text.LL_ADC_SetCommonPathInternalCh
                0x08005282       0x26 ./Drivers/STM32G4xx_HAL_Driver/Src/stm32g4xx_hal_adc.o
 .text.LL_ADC_GetCommonPathInternalCh
                0x080052a8       0x1c ./Drivers/STM32G4xx_HAL_Driver/Src/stm32g4xx_hal_adc.o
 .text.LL_ADC_SetOffset
                0x080052c4       0x48 ./Drivers/STM32G4xx_HAL_Driver/Src/stm32g4xx_hal_adc.o
 .text.LL_ADC_GetOffsetChannel
                0x0800530c       0x2c ./Drivers/STM32G4xx_HAL_Driver/Src/stm32g4xx_hal_adc.o
 .text.LL_ADC_SetOffsetState
                0x08005338       0x36 ./Drivers/STM32G4xx_HAL_Driver/Src/stm32g4xx_hal_adc.o
 .text.LL_ADC_SetOffsetSign
                0x0800536e       0x36 ./Drivers/STM32G4xx_HAL_Driver/Src/stm32g4xx_hal_adc.o
 .text.LL_ADC_SetOffsetSaturation
                0x080053a4       0x36 ./Drivers/STM32G4xx_HAL_Driver/Src/stm32g4xx_hal_adc.o
 .text.LL_ADC_SetSamplingTimeCommonConfig
                0x080053da       0x26 ./Drivers/STM32G4xx_HAL_Driver/Src/stm32g4xx_hal_adc.o
 .text.LL_ADC_REG_IsTriggerSourceSWStart
                0x08005400       0x26 ./Drivers/STM32G4xx_HAL_Driver/Src/stm32g4xx_hal_adc.o
 .text.LL_ADC_REG_SetSequencerRanks
                0x08005426       0x58 ./Drivers/STM32G4xx_HAL_Driver/Src/stm32g4xx_hal_adc.o
 .text.LL_ADC_INJ_IsTriggerSourceSWStart
                0x0800547e       0x26 ./Drivers/STM32G4xx_HAL_Driver/Src/stm32g4xx_hal_adc.o
 .text.LL_ADC_SetChannelSamplingTime
                0x080054a4       0x56 ./Drivers/STM32G4xx_HAL_Driver/Src/stm32g4xx_hal_adc.o
 *fill*         0x080054fa        0x2 
 .text.LL_ADC_SetChannelSingleDiff
                0x080054fc       0x48 ./Drivers/STM32G4xx_HAL_Driver/Src/stm32g4xx_hal_adc.o
 .text.LL_ADC_GetMultimode
                0x08005544       0x1c ./Drivers/STM32G4xx_HAL_Driver/Src/stm32g4xx_hal_adc.o
 .text.LL_ADC_GetMultiDMATransfer
                0x08005560       0x1c ./Drivers/STM32G4xx_HAL_Driver/Src/stm32g4xx_hal_adc.o
 .text.LL_ADC_DisableDeepPowerDown
                0x0800557c       0x24 ./Drivers/STM32G4xx_HAL_Driver/Src/stm32g4xx_hal_adc.o
 .text.LL_ADC_IsDeepPowerDownEnabled
                0x080055a0       0x28 ./Drivers/STM32G4xx_HAL_Driver/Src/stm32g4xx_hal_adc.o
 .text.LL_ADC_EnableInternalRegulator
                0x080055c8       0x28 ./Drivers/STM32G4xx_HAL_Driver/Src/stm32g4xx_hal_adc.o
 .text.LL_ADC_IsInternalRegulatorEnabled
                0x080055f0       0x28 ./Drivers/STM32G4xx_HAL_Driver/Src/stm32g4xx_hal_adc.o
 .text.LL_ADC_Enable
                0x08005618       0x28 ./Drivers/STM32G4xx_HAL_Driver/Src/stm32g4xx_hal_adc.o
 .text.LL_ADC_Disable
                0x08005640       0x28 ./Drivers/STM32G4xx_HAL_Driver/Src/stm32g4xx_hal_adc.o
 .text.LL_ADC_IsEnabled
                0x08005668       0x26 ./Drivers/STM32G4xx_HAL_Driver/Src/stm32g4xx_hal_adc.o
 .text.LL_ADC_IsDisableOngoing
                0x0800568e       0x26 ./Drivers/STM32G4xx_HAL_Driver/Src/stm32g4xx_hal_adc.o
 .text.LL_ADC_REG_StartConversion
                0x080056b4       0x28 ./Drivers/STM32G4xx_HAL_Driver/Src/stm32g4xx_hal_adc.o
 .text.LL_ADC_REG_IsConversionOngoing
                0x080056dc       0x26 ./Drivers/STM32G4xx_HAL_Driver/Src/stm32g4xx_hal_adc.o
 .text.LL_ADC_INJ_IsConversionOngoing
                0x08005702       0x26 ./Drivers/STM32G4xx_HAL_Driver/Src/stm32g4xx_hal_adc.o
 .text.HAL_ADC_Init
                0x08005728      0x308 ./Drivers/STM32G4xx_HAL_Driver/Src/stm32g4xx_hal_adc.o
                0x08005728                HAL_ADC_Init
 .text.HAL_ADC_Start_DMA
                0x08005a30      0x168 ./Drivers/STM32G4xx_HAL_Driver/Src/stm32g4xx_hal_adc.o
                0x08005a30                HAL_ADC_Start_DMA
 .text.HAL_ADC_IRQHandler
                0x08005b98      0x434 ./Drivers/STM32G4xx_HAL_Driver/Src/stm32g4xx_hal_adc.o
                0x08005b98                HAL_ADC_IRQHandler
 .text.HAL_ADC_ConvHalfCpltCallback
                0x08005fcc       0x14 ./Drivers/STM32G4xx_HAL_Driver/Src/stm32g4xx_hal_adc.o
                0x08005fcc                HAL_ADC_ConvHalfCpltCallback
 .text.HAL_ADC_LevelOutOfWindowCallback
                0x08005fe0       0x14 ./Drivers/STM32G4xx_HAL_Driver/Src/stm32g4xx_hal_adc.o
                0x08005fe0                HAL_ADC_LevelOutOfWindowCallback
 .text.HAL_ADC_ErrorCallback
                0x08005ff4       0x14 ./Drivers/STM32G4xx_HAL_Driver/Src/stm32g4xx_hal_adc.o
                0x08005ff4                HAL_ADC_ErrorCallback
 .text.HAL_ADC_ConfigChannel
                0x08006008      0x7e0 ./Drivers/STM32G4xx_HAL_Driver/Src/stm32g4xx_hal_adc.o
                0x08006008                HAL_ADC_ConfigChannel
 .text.ADC_Enable
                0x080067e8      0x10c ./Drivers/STM32G4xx_HAL_Driver/Src/stm32g4xx_hal_adc.o
                0x080067e8                ADC_Enable
 .text.ADC_Disable
                0x080068f4       0xbe ./Drivers/STM32G4xx_HAL_Driver/Src/stm32g4xx_hal_adc.o
                0x080068f4                ADC_Disable
 .text.ADC_DMAConvCplt
                0x080069b2       0xd8 ./Drivers/STM32G4xx_HAL_Driver/Src/stm32g4xx_hal_adc.o
                0x080069b2                ADC_DMAConvCplt
 .text.ADC_DMAHalfConvCplt
                0x08006a8a       0x1c ./Drivers/STM32G4xx_HAL_Driver/Src/stm32g4xx_hal_adc.o
                0x08006a8a                ADC_DMAHalfConvCplt
 .text.ADC_DMAError
                0x08006aa6       0x34 ./Drivers/STM32G4xx_HAL_Driver/Src/stm32g4xx_hal_adc.o
                0x08006aa6                ADC_DMAError
 .text.LL_ADC_SetCommonPathInternalCh
                0x08006ada       0x26 ./Drivers/STM32G4xx_HAL_Driver/Src/stm32g4xx_hal_adc_ex.o
 .text.LL_ADC_GetCommonPathInternalCh
                0x08006b00       0x1c ./Drivers/STM32G4xx_HAL_Driver/Src/stm32g4xx_hal_adc_ex.o
 .text.LL_ADC_SetOffset
                0x08006b1c       0x48 ./Drivers/STM32G4xx_HAL_Driver/Src/stm32g4xx_hal_adc_ex.o
 .text.LL_ADC_GetOffsetChannel
                0x08006b64       0x2c ./Drivers/STM32G4xx_HAL_Driver/Src/stm32g4xx_hal_adc_ex.o
 .text.LL_ADC_SetOffsetState
                0x08006b90       0x36 ./Drivers/STM32G4xx_HAL_Driver/Src/stm32g4xx_hal_adc_ex.o
 .text.LL_ADC_SetOffsetSign
                0x08006bc6       0x36 ./Drivers/STM32G4xx_HAL_Driver/Src/stm32g4xx_hal_adc_ex.o
 .text.LL_ADC_SetOffsetSaturation
                0x08006bfc       0x36 ./Drivers/STM32G4xx_HAL_Driver/Src/stm32g4xx_hal_adc_ex.o
 .text.LL_ADC_SetSamplingTimeCommonConfig
                0x08006c32       0x26 ./Drivers/STM32G4xx_HAL_Driver/Src/stm32g4xx_hal_adc_ex.o
 .text.LL_ADC_INJ_GetTrigAuto
                0x08006c58       0x1c ./Drivers/STM32G4xx_HAL_Driver/Src/stm32g4xx_hal_adc_ex.o
 .text.LL_ADC_SetChannelSamplingTime
                0x08006c74       0x56 ./Drivers/STM32G4xx_HAL_Driver/Src/stm32g4xx_hal_adc_ex.o
 *fill*         0x08006cca        0x2 
 .text.LL_ADC_SetChannelSingleDiff
                0x08006ccc       0x48 ./Drivers/STM32G4xx_HAL_Driver/Src/stm32g4xx_hal_adc_ex.o
 .text.LL_ADC_GetMultimode
                0x08006d14       0x1c ./Drivers/STM32G4xx_HAL_Driver/Src/stm32g4xx_hal_adc_ex.o
 .text.LL_ADC_IsEnabled
                0x08006d30       0x26 ./Drivers/STM32G4xx_HAL_Driver/Src/stm32g4xx_hal_adc_ex.o
 .text.LL_ADC_StartCalibration
                0x08006d56       0x32 ./Drivers/STM32G4xx_HAL_Driver/Src/stm32g4xx_hal_adc_ex.o
 .text.LL_ADC_IsCalibrationOnGoing
                0x08006d88       0x28 ./Drivers/STM32G4xx_HAL_Driver/Src/stm32g4xx_hal_adc_ex.o
 .text.LL_ADC_REG_IsConversionOngoing
                0x08006db0       0x26 ./Drivers/STM32G4xx_HAL_Driver/Src/stm32g4xx_hal_adc_ex.o
 .text.LL_ADC_INJ_StartConversion
                0x08006dd6       0x28 ./Drivers/STM32G4xx_HAL_Driver/Src/stm32g4xx_hal_adc_ex.o
 .text.LL_ADC_INJ_IsConversionOngoing
                0x08006dfe       0x26 ./Drivers/STM32G4xx_HAL_Driver/Src/stm32g4xx_hal_adc_ex.o
 .text.HAL_ADCEx_Calibration_Start
                0x08006e24       0xc4 ./Drivers/STM32G4xx_HAL_Driver/Src/stm32g4xx_hal_adc_ex.o
                0x08006e24                HAL_ADCEx_Calibration_Start
 .text.HAL_ADCEx_InjectedStart_IT
                0x08006ee8      0x1cc ./Drivers/STM32G4xx_HAL_Driver/Src/stm32g4xx_hal_adc_ex.o
                0x08006ee8                HAL_ADCEx_InjectedStart_IT
 .text.HAL_ADCEx_InjectedGetValue
                0x080070b4       0x70 ./Drivers/STM32G4xx_HAL_Driver/Src/stm32g4xx_hal_adc_ex.o
                0x080070b4                HAL_ADCEx_InjectedGetValue
 .text.HAL_ADCEx_InjectedConvCpltCallback
                0x08007124       0x14 ./Drivers/STM32G4xx_HAL_Driver/Src/stm32g4xx_hal_adc_ex.o
                0x08007124                HAL_ADCEx_InjectedConvCpltCallback
 .text.HAL_ADCEx_InjectedQueueOverflowCallback
                0x08007138       0x14 ./Drivers/STM32G4xx_HAL_Driver/Src/stm32g4xx_hal_adc_ex.o
                0x08007138                HAL_ADCEx_InjectedQueueOverflowCallback
 .text.HAL_ADCEx_LevelOutOfWindow2Callback
                0x0800714c       0x14 ./Drivers/STM32G4xx_HAL_Driver/Src/stm32g4xx_hal_adc_ex.o
                0x0800714c                HAL_ADCEx_LevelOutOfWindow2Callback
 .text.HAL_ADCEx_LevelOutOfWindow3Callback
                0x08007160       0x14 ./Drivers/STM32G4xx_HAL_Driver/Src/stm32g4xx_hal_adc_ex.o
                0x08007160                HAL_ADCEx_LevelOutOfWindow3Callback
 .text.HAL_ADCEx_EndOfSamplingCallback
                0x08007174       0x14 ./Drivers/STM32G4xx_HAL_Driver/Src/stm32g4xx_hal_adc_ex.o
                0x08007174                HAL_ADCEx_EndOfSamplingCallback
 .text.HAL_ADCEx_InjectedConfigChannel
                0x08007188      0x9c0 ./Drivers/STM32G4xx_HAL_Driver/Src/stm32g4xx_hal_adc_ex.o
                0x08007188                HAL_ADCEx_InjectedConfigChannel
 .text.HAL_ADCEx_MultiModeConfigChannel
                0x08007b48      0x148 ./Drivers/STM32G4xx_HAL_Driver/Src/stm32g4xx_hal_adc_ex.o
                0x08007b48                HAL_ADCEx_MultiModeConfigChannel
 .text.LL_EXTI_EnableIT_0_31
                0x08007c90       0x24 ./Drivers/STM32G4xx_HAL_Driver/Src/stm32g4xx_hal_comp.o
 .text.LL_EXTI_DisableIT_0_31
                0x08007cb4       0x28 ./Drivers/STM32G4xx_HAL_Driver/Src/stm32g4xx_hal_comp.o
 .text.LL_EXTI_EnableEvent_0_31
                0x08007cdc       0x24 ./Drivers/STM32G4xx_HAL_Driver/Src/stm32g4xx_hal_comp.o
 .text.LL_EXTI_DisableEvent_0_31
                0x08007d00       0x28 ./Drivers/STM32G4xx_HAL_Driver/Src/stm32g4xx_hal_comp.o
 .text.LL_EXTI_EnableRisingTrig_0_31
                0x08007d28       0x24 ./Drivers/STM32G4xx_HAL_Driver/Src/stm32g4xx_hal_comp.o
 .text.LL_EXTI_DisableRisingTrig_0_31
                0x08007d4c       0x28 ./Drivers/STM32G4xx_HAL_Driver/Src/stm32g4xx_hal_comp.o
 .text.LL_EXTI_EnableFallingTrig_0_31
                0x08007d74       0x24 ./Drivers/STM32G4xx_HAL_Driver/Src/stm32g4xx_hal_comp.o
 .text.LL_EXTI_DisableFallingTrig_0_31
                0x08007d98       0x28 ./Drivers/STM32G4xx_HAL_Driver/Src/stm32g4xx_hal_comp.o
 .text.LL_EXTI_IsActiveFlag_0_31
                0x08007dc0       0x2c ./Drivers/STM32G4xx_HAL_Driver/Src/stm32g4xx_hal_comp.o
 .text.LL_EXTI_ClearFlag_0_31
                0x08007dec       0x20 ./Drivers/STM32G4xx_HAL_Driver/Src/stm32g4xx_hal_comp.o
 .text.HAL_COMP_Init
                0x08007e0c      0x1b8 ./Drivers/STM32G4xx_HAL_Driver/Src/stm32g4xx_hal_comp.o
                0x08007e0c                HAL_COMP_Init
 .text.HAL_COMP_Start
                0x08007fc4       0x90 ./Drivers/STM32G4xx_HAL_Driver/Src/stm32g4xx_hal_comp.o
                0x08007fc4                HAL_COMP_Start
 .text.HAL_COMP_IRQHandler
                0x08008054       0x78 ./Drivers/STM32G4xx_HAL_Driver/Src/stm32g4xx_hal_comp.o
                0x08008054                HAL_COMP_IRQHandler
 .text.HAL_COMP_TriggerCallback
                0x080080cc       0x14 ./Drivers/STM32G4xx_HAL_Driver/Src/stm32g4xx_hal_comp.o
                0x080080cc                HAL_COMP_TriggerCallback
 .text.__NVIC_SetPriorityGrouping
                0x080080e0       0x48 ./Drivers/STM32G4xx_HAL_Driver/Src/stm32g4xx_hal_cortex.o
 .text.__NVIC_GetPriorityGrouping
                0x08008128       0x1c ./Drivers/STM32G4xx_HAL_Driver/Src/stm32g4xx_hal_cortex.o
 .text.__NVIC_EnableIRQ
                0x08008144       0x3c ./Drivers/STM32G4xx_HAL_Driver/Src/stm32g4xx_hal_cortex.o
 .text.__NVIC_SetPriority
                0x08008180       0x54 ./Drivers/STM32G4xx_HAL_Driver/Src/stm32g4xx_hal_cortex.o
 .text.NVIC_EncodePriority
                0x080081d4       0x66 ./Drivers/STM32G4xx_HAL_Driver/Src/stm32g4xx_hal_cortex.o
 *fill*         0x0800823a        0x2 
 .text.SysTick_Config
                0x0800823c       0x44 ./Drivers/STM32G4xx_HAL_Driver/Src/stm32g4xx_hal_cortex.o
 .text.HAL_NVIC_SetPriorityGrouping
                0x08008280       0x16 ./Drivers/STM32G4xx_HAL_Driver/Src/stm32g4xx_hal_cortex.o
                0x08008280                HAL_NVIC_SetPriorityGrouping
 .text.HAL_NVIC_SetPriority
                0x08008296       0x34 ./Drivers/STM32G4xx_HAL_Driver/Src/stm32g4xx_hal_cortex.o
                0x08008296                HAL_NVIC_SetPriority
 .text.HAL_NVIC_EnableIRQ
                0x080082ca       0x1c ./Drivers/STM32G4xx_HAL_Driver/Src/stm32g4xx_hal_cortex.o
                0x080082ca                HAL_NVIC_EnableIRQ
 .text.HAL_SYSTICK_Config
                0x080082e6       0x18 ./Drivers/STM32G4xx_HAL_Driver/Src/stm32g4xx_hal_cortex.o
                0x080082e6                HAL_SYSTICK_Config
 .text.HAL_DAC_Init
                0x080082fe       0x44 ./Drivers/STM32G4xx_HAL_Driver/Src/stm32g4xx_hal_dac.o
                0x080082fe                HAL_DAC_Init
 *fill*         0x08008342        0x2 
 .text.HAL_DAC_Start
                0x08008344       0xd8 ./Drivers/STM32G4xx_HAL_Driver/Src/stm32g4xx_hal_dac.o
                0x08008344                HAL_DAC_Start
 .text.HAL_DAC_IRQHandler
                0x0800841c       0xac ./Drivers/STM32G4xx_HAL_Driver/Src/stm32g4xx_hal_dac.o
                0x0800841c                HAL_DAC_IRQHandler
 .text.HAL_DAC_SetValue
                0x080084c8       0x5a ./Drivers/STM32G4xx_HAL_Driver/Src/stm32g4xx_hal_dac.o
                0x080084c8                HAL_DAC_SetValue
 .text.HAL_DAC_DMAUnderrunCallbackCh1
                0x08008522       0x14 ./Drivers/STM32G4xx_HAL_Driver/Src/stm32g4xx_hal_dac.o
                0x08008522                HAL_DAC_DMAUnderrunCallbackCh1
 *fill*         0x08008536        0x2 
 .text.HAL_DAC_ConfigChannel
                0x08008538      0x374 ./Drivers/STM32G4xx_HAL_Driver/Src/stm32g4xx_hal_dac.o
                0x08008538                HAL_DAC_ConfigChannel
 .text.HAL_DACEx_DMAUnderrunCallbackCh2
                0x080088ac       0x14 ./Drivers/STM32G4xx_HAL_Driver/Src/stm32g4xx_hal_dac_ex.o
                0x080088ac                HAL_DACEx_DMAUnderrunCallbackCh2
 .text.HAL_DMA_Init
                0x080088c0      0x150 ./Drivers/STM32G4xx_HAL_Driver/Src/stm32g4xx_hal_dma.o
                0x080088c0                HAL_DMA_Init
 .text.HAL_DMA_Start_IT
                0x08008a10       0xf6 ./Drivers/STM32G4xx_HAL_Driver/Src/stm32g4xx_hal_dma.o
                0x08008a10                HAL_DMA_Start_IT
 .text.HAL_DMA_Abort
                0x08008b06       0xb2 ./Drivers/STM32G4xx_HAL_Driver/Src/stm32g4xx_hal_dma.o
                0x08008b06                HAL_DMA_Abort
 .text.HAL_DMA_Abort_IT
                0x08008bb8       0xce ./Drivers/STM32G4xx_HAL_Driver/Src/stm32g4xx_hal_dma.o
                0x08008bb8                HAL_DMA_Abort_IT
 .text.HAL_DMA_IRQHandler
                0x08008c86      0x15e ./Drivers/STM32G4xx_HAL_Driver/Src/stm32g4xx_hal_dma.o
                0x08008c86                HAL_DMA_IRQHandler
 .text.DMA_SetConfig
                0x08008de4       0x7c ./Drivers/STM32G4xx_HAL_Driver/Src/stm32g4xx_hal_dma.o
 .text.DMA_CalcDMAMUXChannelBaseAndMask
                0x08008e60       0x7c ./Drivers/STM32G4xx_HAL_Driver/Src/stm32g4xx_hal_dma.o
 .text.DMA_CalcDMAMUXRequestGenBaseAndMask
                0x08008edc       0x48 ./Drivers/STM32G4xx_HAL_Driver/Src/stm32g4xx_hal_dma.o
 .text.HAL_GPIO_Init
                0x08008f24      0x304 ./Drivers/STM32G4xx_HAL_Driver/Src/stm32g4xx_hal_gpio.o
                0x08008f24                HAL_GPIO_Init
 .text.HAL_GPIO_WritePin
                0x08009228       0x30 ./Drivers/STM32G4xx_HAL_Driver/Src/stm32g4xx_hal_gpio.o
                0x08009228                HAL_GPIO_WritePin
 .text.HAL_GPIO_EXTI_IRQHandler
                0x08009258       0x30 ./Drivers/STM32G4xx_HAL_Driver/Src/stm32g4xx_hal_gpio.o
                0x08009258                HAL_GPIO_EXTI_IRQHandler
 .text.HAL_GPIO_EXTI_Callback
                0x08009288       0x16 ./Drivers/STM32G4xx_HAL_Driver/Src/stm32g4xx_hal_gpio.o
                0x08009288                HAL_GPIO_EXTI_Callback
 *fill*         0x0800929e        0x2 
 .text.HAL_OPAMP_Init
                0x080092a0      0x1a0 ./Drivers/STM32G4xx_HAL_Driver/Src/stm32g4xx_hal_opamp.o
                0x080092a0                HAL_OPAMP_Init
 .text.HAL_OPAMP_Start
                0x08009440       0x62 ./Drivers/STM32G4xx_HAL_Driver/Src/stm32g4xx_hal_opamp.o
                0x08009440                HAL_OPAMP_Start
 *fill*         0x080094a2        0x2 
 .text.HAL_PWREx_ControlVoltageScaling
                0x080094a4      0x148 ./Drivers/STM32G4xx_HAL_Driver/Src/stm32g4xx_hal_pwr_ex.o
                0x080094a4                HAL_PWREx_ControlVoltageScaling
 .text.HAL_PWREx_DisableUCPDDeadBattery
                0x080095ec       0x20 ./Drivers/STM32G4xx_HAL_Driver/Src/stm32g4xx_hal_pwr_ex.o
                0x080095ec                HAL_PWREx_DisableUCPDDeadBattery
 .text.HAL_RCC_OscConfig
                0x0800960c      0x624 ./Drivers/STM32G4xx_HAL_Driver/Src/stm32g4xx_hal_rcc.o
                0x0800960c                HAL_RCC_OscConfig
 .text.HAL_RCC_ClockConfig
                0x08009c30      0x278 ./Drivers/STM32G4xx_HAL_Driver/Src/stm32g4xx_hal_rcc.o
                0x08009c30                HAL_RCC_ClockConfig
 .text.HAL_RCC_GetSysClockFreq
                0x08009ea8       0xc4 ./Drivers/STM32G4xx_HAL_Driver/Src/stm32g4xx_hal_rcc.o
                0x08009ea8                HAL_RCC_GetSysClockFreq
 .text.HAL_RCC_GetHCLKFreq
                0x08009f6c       0x18 ./Drivers/STM32G4xx_HAL_Driver/Src/stm32g4xx_hal_rcc.o
                0x08009f6c                HAL_RCC_GetHCLKFreq
 .text.HAL_RCC_GetPCLK1Freq
                0x08009f84       0x2c ./Drivers/STM32G4xx_HAL_Driver/Src/stm32g4xx_hal_rcc.o
                0x08009f84                HAL_RCC_GetPCLK1Freq
 .text.HAL_RCC_GetPCLK2Freq
                0x08009fb0       0x2c ./Drivers/STM32G4xx_HAL_Driver/Src/stm32g4xx_hal_rcc.o
                0x08009fb0                HAL_RCC_GetPCLK2Freq
 .text.RCC_GetSysClockFreqFromPLLSource
                0x08009fdc       0x8c ./Drivers/STM32G4xx_HAL_Driver/Src/stm32g4xx_hal_rcc.o
 .text.HAL_RCCEx_PeriphCLKConfig
                0x0800a068      0x3e0 ./Drivers/STM32G4xx_HAL_Driver/Src/stm32g4xx_hal_rcc_ex.o
                0x0800a068                HAL_RCCEx_PeriphCLKConfig
 .text.HAL_TIM_Base_Init
                0x0800a448       0xae ./Drivers/STM32G4xx_HAL_Driver/Src/stm32g4xx_hal_tim.o
                0x0800a448                HAL_TIM_Base_Init
 *fill*         0x0800a4f6        0x2 
 .text.HAL_TIM_Base_Start
                0x0800a4f8       0xc4 ./Drivers/STM32G4xx_HAL_Driver/Src/stm32g4xx_hal_tim.o
                0x0800a4f8                HAL_TIM_Base_Start
 .text.HAL_TIM_Base_Start_IT
                0x0800a5bc       0xd4 ./Drivers/STM32G4xx_HAL_Driver/Src/stm32g4xx_hal_tim.o
                0x0800a5bc                HAL_TIM_Base_Start_IT
 .text.HAL_TIM_OC_Start
                0x0800a690      0x200 ./Drivers/STM32G4xx_HAL_Driver/Src/stm32g4xx_hal_tim.o
                0x0800a690                HAL_TIM_OC_Start
 .text.HAL_TIM_PWM_Init
                0x0800a890       0xae ./Drivers/STM32G4xx_HAL_Driver/Src/stm32g4xx_hal_tim.o
                0x0800a890                HAL_TIM_PWM_Init
 .text.HAL_TIM_PWM_MspInit
                0x0800a93e       0x14 ./Drivers/STM32G4xx_HAL_Driver/Src/stm32g4xx_hal_tim.o
                0x0800a93e                HAL_TIM_PWM_MspInit
 *fill*         0x0800a952        0x2 
 .text.HAL_TIM_PWM_Start
                0x0800a954      0x200 ./Drivers/STM32G4xx_HAL_Driver/Src/stm32g4xx_hal_tim.o
                0x0800a954                HAL_TIM_PWM_Start
 .text.HAL_TIM_Encoder_Init
                0x0800ab54      0x14c ./Drivers/STM32G4xx_HAL_Driver/Src/stm32g4xx_hal_tim.o
                0x0800ab54                HAL_TIM_Encoder_Init
 .text.HAL_TIM_Encoder_Start
                0x0800aca0      0x11c ./Drivers/STM32G4xx_HAL_Driver/Src/stm32g4xx_hal_tim.o
                0x0800aca0                HAL_TIM_Encoder_Start
 .text.HAL_TIM_IRQHandler
                0x0800adbc      0x29e ./Drivers/STM32G4xx_HAL_Driver/Src/stm32g4xx_hal_tim.o
                0x0800adbc                HAL_TIM_IRQHandler
 *fill*         0x0800b05a        0x2 
 .text.HAL_TIM_PWM_ConfigChannel
                0x0800b05c      0x228 ./Drivers/STM32G4xx_HAL_Driver/Src/stm32g4xx_hal_tim.o
                0x0800b05c                HAL_TIM_PWM_ConfigChannel
 .text.HAL_TIM_ConfigClockSource
                0x0800b284      0x1f4 ./Drivers/STM32G4xx_HAL_Driver/Src/stm32g4xx_hal_tim.o
                0x0800b284                HAL_TIM_ConfigClockSource
 .text.HAL_TIM_PeriodElapsedCallback
                0x0800b478       0x14 ./Drivers/STM32G4xx_HAL_Driver/Src/stm32g4xx_hal_tim.o
                0x0800b478                HAL_TIM_PeriodElapsedCallback
 .text.HAL_TIM_OC_DelayElapsedCallback
                0x0800b48c       0x14 ./Drivers/STM32G4xx_HAL_Driver/Src/stm32g4xx_hal_tim.o
                0x0800b48c                HAL_TIM_OC_DelayElapsedCallback
 .text.HAL_TIM_IC_CaptureCallback
                0x0800b4a0       0x14 ./Drivers/STM32G4xx_HAL_Driver/Src/stm32g4xx_hal_tim.o
                0x0800b4a0                HAL_TIM_IC_CaptureCallback
 .text.HAL_TIM_PWM_PulseFinishedCallback
                0x0800b4b4       0x14 ./Drivers/STM32G4xx_HAL_Driver/Src/stm32g4xx_hal_tim.o
                0x0800b4b4                HAL_TIM_PWM_PulseFinishedCallback
 .text.HAL_TIM_TriggerCallback
                0x0800b4c8       0x14 ./Drivers/STM32G4xx_HAL_Driver/Src/stm32g4xx_hal_tim.o
                0x0800b4c8                HAL_TIM_TriggerCallback
 .text.TIM_Base_SetConfig
                0x0800b4dc      0x138 ./Drivers/STM32G4xx_HAL_Driver/Src/stm32g4xx_hal_tim.o
                0x0800b4dc                TIM_Base_SetConfig
 .text.TIM_OC1_SetConfig
                0x0800b614      0x120 ./Drivers/STM32G4xx_HAL_Driver/Src/stm32g4xx_hal_tim.o
 .text.TIM_OC2_SetConfig
                0x0800b734      0x114 ./Drivers/STM32G4xx_HAL_Driver/Src/stm32g4xx_hal_tim.o
                0x0800b734                TIM_OC2_SetConfig
 .text.TIM_OC3_SetConfig
                0x0800b848      0x110 ./Drivers/STM32G4xx_HAL_Driver/Src/stm32g4xx_hal_tim.o
 .text.TIM_OC4_SetConfig
                0x0800b958      0x114 ./Drivers/STM32G4xx_HAL_Driver/Src/stm32g4xx_hal_tim.o
 .text.TIM_OC5_SetConfig
                0x0800ba6c       0xc8 ./Drivers/STM32G4xx_HAL_Driver/Src/stm32g4xx_hal_tim.o
 .text.TIM_OC6_SetConfig
                0x0800bb34       0xcc ./Drivers/STM32G4xx_HAL_Driver/Src/stm32g4xx_hal_tim.o
 .text.TIM_TI1_ConfigInputStage
                0x0800bc00       0x5e ./Drivers/STM32G4xx_HAL_Driver/Src/stm32g4xx_hal_tim.o
 .text.TIM_TI2_ConfigInputStage
                0x0800bc5e       0x60 ./Drivers/STM32G4xx_HAL_Driver/Src/stm32g4xx_hal_tim.o
 .text.TIM_ITRx_SetConfig
                0x0800bcbe       0x3a ./Drivers/STM32G4xx_HAL_Driver/Src/stm32g4xx_hal_tim.o
 .text.TIM_ETR_SetConfig
                0x0800bcf8       0x40 ./Drivers/STM32G4xx_HAL_Driver/Src/stm32g4xx_hal_tim.o
                0x0800bcf8                TIM_ETR_SetConfig
 .text.TIM_CCxChannelCmd
                0x0800bd38       0x4a ./Drivers/STM32G4xx_HAL_Driver/Src/stm32g4xx_hal_tim.o
                0x0800bd38                TIM_CCxChannelCmd
 *fill*         0x0800bd82        0x2 
 .text.HAL_TIMEx_PWMN_Start
                0x0800bd84      0x168 ./Drivers/STM32G4xx_HAL_Driver/Src/stm32g4xx_hal_tim_ex.o
                0x0800bd84                HAL_TIMEx_PWMN_Start
 .text.HAL_TIMEx_MasterConfigSynchronization
                0x0800beec      0x104 ./Drivers/STM32G4xx_HAL_Driver/Src/stm32g4xx_hal_tim_ex.o
                0x0800beec                HAL_TIMEx_MasterConfigSynchronization
 .text.HAL_TIMEx_ConfigBreakDeadTime
                0x0800bff0      0x118 ./Drivers/STM32G4xx_HAL_Driver/Src/stm32g4xx_hal_tim_ex.o
                0x0800bff0                HAL_TIMEx_ConfigBreakDeadTime
 .text.HAL_TIMEx_CommutCallback
                0x0800c108       0x14 ./Drivers/STM32G4xx_HAL_Driver/Src/stm32g4xx_hal_tim_ex.o
                0x0800c108                HAL_TIMEx_CommutCallback
 .text.HAL_TIMEx_BreakCallback
                0x0800c11c       0x14 ./Drivers/STM32G4xx_HAL_Driver/Src/stm32g4xx_hal_tim_ex.o
                0x0800c11c                HAL_TIMEx_BreakCallback
 .text.HAL_TIMEx_Break2Callback
                0x0800c130       0x14 ./Drivers/STM32G4xx_HAL_Driver/Src/stm32g4xx_hal_tim_ex.o
                0x0800c130                HAL_TIMEx_Break2Callback
 .text.HAL_TIMEx_EncoderIndexCallback
                0x0800c144       0x14 ./Drivers/STM32G4xx_HAL_Driver/Src/stm32g4xx_hal_tim_ex.o
                0x0800c144                HAL_TIMEx_EncoderIndexCallback
 .text.HAL_TIMEx_DirectionChangeCallback
                0x0800c158       0x14 ./Drivers/STM32G4xx_HAL_Driver/Src/stm32g4xx_hal_tim_ex.o
                0x0800c158                HAL_TIMEx_DirectionChangeCallback
 .text.HAL_TIMEx_IndexErrorCallback
                0x0800c16c       0x14 ./Drivers/STM32G4xx_HAL_Driver/Src/stm32g4xx_hal_tim_ex.o
                0x0800c16c                HAL_TIMEx_IndexErrorCallback
 .text.HAL_TIMEx_TransitionErrorCallback
                0x0800c180       0x14 ./Drivers/STM32G4xx_HAL_Driver/Src/stm32g4xx_hal_tim_ex.o
                0x0800c180                HAL_TIMEx_TransitionErrorCallback
 .text.TIM_CCxNChannelCmd
                0x0800c194       0x4a ./Drivers/STM32G4xx_HAL_Driver/Src/stm32g4xx_hal_tim_ex.o
 .text.HAL_UART_Init
                0x0800c1de       0xa0 ./Drivers/STM32G4xx_HAL_Driver/Src/stm32g4xx_hal_uart.o
                0x0800c1de                HAL_UART_Init
 *fill*         0x0800c27e        0x2 
 .text.HAL_UART_Transmit_DMA
                0x0800c280      0x100 ./Drivers/STM32G4xx_HAL_Driver/Src/stm32g4xx_hal_uart.o
                0x0800c280                HAL_UART_Transmit_DMA
 .text.HAL_UART_Receive_DMA
                0x0800c380       0x98 ./Drivers/STM32G4xx_HAL_Driver/Src/stm32g4xx_hal_uart.o
                0x0800c380                HAL_UART_Receive_DMA
 .text.HAL_UART_IRQHandler
                0x0800c418      0x684 ./Drivers/STM32G4xx_HAL_Driver/Src/stm32g4xx_hal_uart.o
                0x0800c418                HAL_UART_IRQHandler
 .text.HAL_UART_TxCpltCallback
                0x0800ca9c       0x14 ./Drivers/STM32G4xx_HAL_Driver/Src/stm32g4xx_hal_uart.o
                0x0800ca9c                HAL_UART_TxCpltCallback
 .text.HAL_UART_TxHalfCpltCallback
                0x0800cab0       0x14 ./Drivers/STM32G4xx_HAL_Driver/Src/stm32g4xx_hal_uart.o
                0x0800cab0                HAL_UART_TxHalfCpltCallback
 .text.HAL_UART_RxHalfCpltCallback
                0x0800cac4       0x14 ./Drivers/STM32G4xx_HAL_Driver/Src/stm32g4xx_hal_uart.o
                0x0800cac4                HAL_UART_RxHalfCpltCallback
 .text.HAL_UART_ErrorCallback
                0x0800cad8       0x14 ./Drivers/STM32G4xx_HAL_Driver/Src/stm32g4xx_hal_uart.o
                0x0800cad8                HAL_UART_ErrorCallback
 .text.HAL_UARTEx_RxEventCallback
                0x0800caec       0x18 ./Drivers/STM32G4xx_HAL_Driver/Src/stm32g4xx_hal_uart.o
                0x0800caec                HAL_UARTEx_RxEventCallback
 .text.UART_SetConfig
                0x0800cb04      0x598 ./Drivers/STM32G4xx_HAL_Driver/Src/stm32g4xx_hal_uart.o
                0x0800cb04                UART_SetConfig
 .text.UART_AdvFeatureConfig
                0x0800d09c      0x144 ./Drivers/STM32G4xx_HAL_Driver/Src/stm32g4xx_hal_uart.o
                0x0800d09c                UART_AdvFeatureConfig
 .text.UART_CheckIdleState
                0x0800d1e0      0x154 ./Drivers/STM32G4xx_HAL_Driver/Src/stm32g4xx_hal_uart.o
                0x0800d1e0                UART_CheckIdleState
 .text.UART_WaitOnFlagUntilTimeout
                0x0800d334       0xda ./Drivers/STM32G4xx_HAL_Driver/Src/stm32g4xx_hal_uart.o
                0x0800d334                UART_WaitOnFlagUntilTimeout
 *fill*         0x0800d40e        0x2 
 .text.UART_Start_Receive_DMA
                0x0800d410      0x14c ./Drivers/STM32G4xx_HAL_Driver/Src/stm32g4xx_hal_uart.o
                0x0800d410                UART_Start_Receive_DMA
 .text.UART_EndTxTransfer
                0x0800d55c       0x82 ./Drivers/STM32G4xx_HAL_Driver/Src/stm32g4xx_hal_uart.o
 .text.UART_EndRxTransfer
                0x0800d5de       0xcc ./Drivers/STM32G4xx_HAL_Driver/Src/stm32g4xx_hal_uart.o
 .text.UART_DMATransmitCplt
                0x0800d6aa       0x9a ./Drivers/STM32G4xx_HAL_Driver/Src/stm32g4xx_hal_uart.o
 .text.UART_DMATxHalfCplt
                0x0800d744       0x1c ./Drivers/STM32G4xx_HAL_Driver/Src/stm32g4xx_hal_uart.o
 .text.UART_DMAReceiveCplt
                0x0800d760      0x12c ./Drivers/STM32G4xx_HAL_Driver/Src/stm32g4xx_hal_uart.o
 .text.UART_DMARxHalfCplt
                0x0800d88c       0x3e ./Drivers/STM32G4xx_HAL_Driver/Src/stm32g4xx_hal_uart.o
 .text.UART_DMAError
                0x0800d8ca       0x80 ./Drivers/STM32G4xx_HAL_Driver/Src/stm32g4xx_hal_uart.o
 .text.UART_DMAAbortOnError
                0x0800d94a       0x24 ./Drivers/STM32G4xx_HAL_Driver/Src/stm32g4xx_hal_uart.o
 .text.UART_EndTransmit_IT
                0x0800d96e       0x56 ./Drivers/STM32G4xx_HAL_Driver/Src/stm32g4xx_hal_uart.o
 .text.HAL_UARTEx_WakeupCallback
                0x0800d9c4       0x14 ./Drivers/STM32G4xx_HAL_Driver/Src/stm32g4xx_hal_uart_ex.o
                0x0800d9c4                HAL_UARTEx_WakeupCallback
 .text.HAL_UARTEx_RxFifoFullCallback
                0x0800d9d8       0x14 ./Drivers/STM32G4xx_HAL_Driver/Src/stm32g4xx_hal_uart_ex.o
                0x0800d9d8                HAL_UARTEx_RxFifoFullCallback
 .text.HAL_UARTEx_TxFifoEmptyCallback
                0x0800d9ec       0x14 ./Drivers/STM32G4xx_HAL_Driver/Src/stm32g4xx_hal_uart_ex.o
                0x0800d9ec                HAL_UARTEx_TxFifoEmptyCallback
 .text.HAL_UARTEx_DisableFifoMode
                0x0800da00       0x72 ./Drivers/STM32G4xx_HAL_Driver/Src/stm32g4xx_hal_uart_ex.o
                0x0800da00                HAL_UARTEx_DisableFifoMode
 .text.HAL_UARTEx_SetTxFifoThreshold
                0x0800da72       0x7c ./Drivers/STM32G4xx_HAL_Driver/Src/stm32g4xx_hal_uart_ex.o
                0x0800da72                HAL_UARTEx_SetTxFifoThreshold
 .text.HAL_UARTEx_SetRxFifoThreshold
                0x0800daee       0x7c ./Drivers/STM32G4xx_HAL_Driver/Src/stm32g4xx_hal_uart_ex.o
                0x0800daee                HAL_UARTEx_SetRxFifoThreshold
 *fill*         0x0800db6a        0x2 
 .text.UARTEx_SetNbDataToProcess
                0x0800db6c       0x9c ./Drivers/STM32G4xx_HAL_Driver/Src/stm32g4xx_hal_uart_ex.o
 .text.memset   0x0800dc08       0x10 /Users/gerrygeyer/Library/Application Support/stm32cube/bundles/gnu-tools-for-stm32/14.3.1+st.2/bin/../lib/gcc/arm-none-eabi/14.3.1/../../../../arm-none-eabi/lib/thumb/v7e-m+fp/hard/libc_nano.a(libc_a-memset.o)
                0x0800dc08                memset
 .text.__libc_init_array
                0x0800dc18       0x48 /Users/gerrygeyer/Library/Application Support/stm32cube/bundles/gnu-tools-for-stm32/14.3.1+st.2/bin/../lib/gcc/arm-none-eabi/14.3.1/../../../../arm-none-eabi/lib/thumb/v7e-m+fp/hard/libc_nano.a(libc_a-init.o)
                0x0800dc18                __libc_init_array
 *(.glue_7)
 .glue_7        0x0800dc60        0x0 linker stubs
 *(.glue_7t)
 .glue_7t       0x0800dc60        0x0 linker stubs
 *(.eh_frame)
 .eh_frame      0x0800dc60        0x0 /Users/gerrygeyer/Library/Application Support/stm32cube/bundles/gnu-tools-for-stm32/14.3.1+st.2/bin/../lib/gcc/arm-none-eabi/14.3.1/thumb/v7e-m+fp/hard/crtbegin.o
 *(.init)
 .init          0x0800dc60        0x4 /Users/gerrygeyer/Library/Application Support/stm32cube/bundles/gnu-tools-for-stm32/14.3.1+st.2/bin/../lib/gcc/arm-none-eabi/14.3.1/thumb/v7e-m+fp/hard/crti.o
                0x0800dc60                _init
 .init          0x0800dc64        0x8 /Users/gerrygeyer/Library/Application Support/stm32cube/bundles/gnu-tools-for-stm32/14.3.1+st.2/bin/../lib/gcc/arm-none-eabi/14.3.1/thumb/v7e-m+fp/hard/crtn.o
 *(.fini)
 .fini          0x0800dc6c        0x4 /Users/gerrygeyer/Library/Application Support/stm32cube/bundles/gnu-tools-for-stm32/14.3.1+st.2/bin/../lib/gcc/arm-none-eabi/14.3.1/thumb/v7e-m+fp/hard/crti.o
                0x0800dc6c                _fini
 .fini          0x0800dc70        0x8 /Users/gerrygeyer/Library/Application Support/stm32cube/bundles/gnu-tools-for-stm32/14.3.1+st.2/bin/../lib/gcc/arm-none-eabi/14.3.1/thumb/v7e-m+fp/hard/crtn.o
                0x0800dc78                        . = ALIGN (0x4)
                0x0800dc78                        _etext = .

.vfp11_veneer   0x0800dc78        0x0
 .vfp11_veneer  0x0800dc78        0x0 linker stubs

.v4_bx          0x0800dc78        0x0
 .v4_bx         0x0800dc78        0x0 linker stubs

.iplt           0x0800dc78        0x0
 .iplt          0x0800dc78        0x0 /Users/gerrygeyer/Library/Application Support/stm32cube/bundles/gnu-tools-for-stm32/14.3.1+st.2/bin/../lib/gcc/arm-none-eabi/14.3.1/thumb/v7e-m+fp/hard/crtbegin.o

.rodata         0x0800dc78      0x840
                0x0800dc78                        . = ALIGN (0x4)
 *(.rodata)
 *(.rodata*)
 .rodata.sineLookupTable90
                0x0800dc78      0x800 ./Core/Src/foc_math.o
                0x0800dc78                sineLookupTable90
 .rodata.AHBPrescTable
                0x0800e478       0x10 ./Core/Src/system_stm32g4xx.o
                0x0800e478                AHBPrescTable
 .rodata.APBPrescTable
                0x0800e488        0x8 ./Core/Src/system_stm32g4xx.o
                0x0800e488                APBPrescTable
 .rodata.UARTPrescTable
                0x0800e490       0x18 ./Drivers/STM32G4xx_HAL_Driver/Src/stm32g4xx_hal_uart.o
                0x0800e490                UARTPrescTable
 .rodata.numerator.1
                0x0800e4a8        0x8 ./Drivers/STM32G4xx_HAL_Driver/Src/stm32g4xx_hal_uart_ex.o
 .rodata.denominator.0
                0x0800e4b0        0x8 ./Drivers/STM32G4xx_HAL_Driver/Src/stm32g4xx_hal_uart_ex.o
                0x0800e4b8                        . = ALIGN (0x4)

.ARM.extab      0x0800e4b8        0x0
                0x0800e4b8                        . = ALIGN (0x4)
 *(.ARM.extab* .gnu.linkonce.armextab.*)
                0x0800e4b8                        . = ALIGN (0x4)

.ARM            0x0800e4b8        0x8
                0x0800e4b8                        . = ALIGN (0x4)
                0x0800e4b8                        __exidx_start = .
 *(.ARM.exidx*)
 .ARM.exidx     0x0800e4b8        0x8 /Users/gerrygeyer/Library/Application Support/stm32cube/bundles/gnu-tools-for-stm32/14.3.1+st.2/bin/../lib/gcc/arm-none-eabi/14.3.1/thumb/v7e-m+fp/hard/libgcc.a(_udivmoddi4.o)
                0x0800e4c0                        __exidx_end = .
                0x0800e4c0                        . = ALIGN (0x4)

.preinit_array  0x0800e4c0        0x0
                0x0800e4c0                        . = ALIGN (0x4)
                0x0800e4c0                        PROVIDE (__preinit_array_start = .)
 *(.preinit_array*)
                0x0800e4c0                        PROVIDE (__preinit_array_end = .)
                0x0800e4c0                        . = ALIGN (0x4)

.init_array     0x0800e4c0        0x4
                0x0800e4c0                        . = ALIGN (0x4)
                0x0800e4c0                        PROVIDE (__init_array_start = .)
 *(SORT_BY_NAME(.init_array.*))
 *(.init_array*)
 .init_array    0x0800e4c0        0x4 /Users/gerrygeyer/Library/Application Support/stm32cube/bundles/gnu-tools-for-stm32/14.3.1+st.2/bin/../lib/gcc/arm-none-eabi/14.3.1/thumb/v7e-m+fp/hard/crtbegin.o
                0x0800e4c4                        PROVIDE (__init_array_end = .)
                0x0800e4c4                        . = ALIGN (0x4)

.fini_array     0x0800e4c4        0x4
                0x0800e4c4                        . = ALIGN (0x4)
                [!provide]                        PROVIDE (__fini_array_start = .)
 *(SORT_BY_NAME(.fini_array.*))
 *(.fini_array*)
 .fini_array    0x0800e4c4        0x4 /Users/gerrygeyer/Library/Application Support/stm32cube/bundles/gnu-tools-for-stm32/14.3.1+st.2/bin/../lib/gcc/arm-none-eabi/14.3.1/thumb/v7e-m+fp/hard/crtbegin.o
                [!provide]                        PROVIDE (__fini_array_end = .)
                0x0800e4c8                        . = ALIGN (0x4)
                0x0800e4c8                        _sidata = LOADADDR (.data)

.rel.dyn        0x0800e4c8        0x0
 .rel.iplt      0x0800e4c8        0x0 /Users/gerrygeyer/Library/Application Support/stm32cube/bundles/gnu-tools-for-stm32/14.3.1+st.2/bin/../lib/gcc/arm-none-eabi/14.3.1/thumb/v7e-m+fp/hard/crtbegin.o

.data           0x20000000       0x10 load address 0x0800e4c8
                0x20000000                        . = ALIGN (0x4)
                0x20000000                        _sdata = .
 *(.data)
 *(.data*)
 .data.a_iir.1  0x20000000        0x2 ./Core/Src/encoder.o
 *fill*         0x20000002        0x2 
 .data.SystemCoreClock
                0x20000004        0x4 ./Core/Src/system_stm32g4xx.o
                0x20000004                SystemCoreClock
 .data.uwTickPrio
                0x20000008        0x4 ./Drivers/STM32G4xx_HAL_Driver/Src/stm32g4xx_hal.o
                0x20000008                uwTickPrio
 .data.uwTickFreq
                0x2000000c        0x4 ./Drivers/STM32G4xx_HAL_Driver/Src/stm32g4xx_hal.o
                0x2000000c                uwTickFreq
 *(.RamFunc)
 *(.RamFunc*)
                0x20000010                        . = ALIGN (0x4)
                0x20000010                        _edata = .

.igot.plt       0x20000010        0x0 load address 0x0800e4d8
 .igot.plt      0x20000010        0x0 /Users/gerrygeyer/Library/Application Support/stm32cube/bundles/gnu-tools-for-stm32/14.3.1+st.2/bin/../lib/gcc/arm-none-eabi/14.3.1/thumb/v7e-m+fp/hard/crtbegin.o
                0x20000010                        . = ALIGN (0x4)

.bss            0x20000010      0x7c4 load address 0x0800e4d8
                0x20000010                        _sbss = .
                0x20000010                        __bss_start__ = _sbss
 *(.bss)
 .bss           0x20000010       0x1c /Users/gerrygeyer/Library/Application Support/stm32cube/bundles/gnu-tools-for-stm32/14.3.1+st.2/bin/../lib/gcc/arm-none-eabi/14.3.1/thumb/v7e-m+fp/hard/crtbegin.o
 *(.bss*)
 .bss.status_send
                0x2000002c        0x1 ./Core/Src/communication.o
                0x2000002c                status_send
 *fill*         0x2000002d        0x3 
 .bss.communication
                0x20000030        0x4 ./Core/Src/communication.o
                0x20000030                communication
 .bss.RxData    0x20000034        0x4 ./Core/Src/communication.o
                0x20000034                RxData
 .bss.com_counter
                0x20000038        0x2 ./Core/Src/communication.o
                0x20000038                com_counter
 .bss.cap_counter
                0x2000003a        0x2 ./Core/Src/communication.o
                0x2000003a                cap_counter
 .bss.hundert_counter
                0x2000003c        0x1 ./Core/Src/communication.o
                0x2000003c                hundert_counter
 *fill*         0x2000003d        0x1 
 .bss.fivehundert_counter
                0x2000003e        0x2 ./Core/Src/communication.o
                0x2000003e                fivehundert_counter
 .bss.cap_flag  0x20000040        0x1 ./Core/Src/communication.o
                0x20000040                cap_flag
 .bss.half_speed_flag
                0x20000041        0x1 ./Core/Src/communication.o
                0x20000041                half_speed_flag
 .bss.half_speed_counter
                0x20000042        0x1 ./Core/Src/communication.o
                0x20000042                half_speed_counter
 .bss.buffer_flag
                0x20000043        0x1 ./Core/Src/communication.o
                0x20000043                buffer_flag
 .bss.transmit_recive_data
                0x20000044        0x1 ./Core/Src/communication.o
                0x20000044                transmit_recive_data
 .bss.recive_finish
                0x20000045        0x1 ./Core/Src/communication.o
                0x20000045                recive_finish
 *fill*         0x20000046        0x2 
 .bss.send_value_buffer.1
                0x20000048        0xa ./Core/Src/communication.o
 .bss.send_fault_counter.0
                0x20000052        0x2 ./Core/Src/communication.o
 .bss.Pi_d_buffer
                0x20000054        0x4 ./Core/Src/control.o
                0x20000054                Pi_d_buffer
 .bss.Pi_q_buffer
                0x20000058        0x4 ./Core/Src/control.o
                0x20000058                Pi_q_buffer
 .bss.Pi_speed_buffer
                0x2000005c        0x4 ./Core/Src/control.o
                0x2000005c                Pi_speed_buffer
 .bss.Pi_pos_buffer
                0x20000060        0x4 ./Core/Src/control.o
                0x20000060                Pi_pos_buffer
 .bss.Kp        0x20000064        0x4 ./Core/Src/control.o
                0x20000064                Kp
 .bss.Ki        0x20000068        0x4 ./Core/Src/control.o
                0x20000068                Ki
 .bss.Ki_speed  0x2000006c        0x4 ./Core/Src/control.o
                0x2000006c                Ki_speed
 .bss.Kp_speed  0x20000070        0x4 ./Core/Src/control.o
                0x20000070                Kp_speed
 .bss.Kd_speed  0x20000074        0x4 ./Core/Src/control.o
                0x20000074                Kd_speed
 .bss.alpha_speed
                0x20000078        0x4 ./Core/Src/control.o
                0x20000078                alpha_speed
 .bss.max_torque
                0x2000007c        0x4 ./Core/Src/control.o
                0x2000007c                max_torque
 .bss.cutoff_freq_div
                0x20000080        0x4 ./Core/Src/control.o
                0x20000080                cutoff_freq_div
 .bss.bandwidth_speed
                0x20000084        0x2 ./Core/Src/control.o
                0x20000084                bandwidth_speed
 .bss.bandwidth_current
                0x20000086        0x2 ./Core/Src/control.o
                0x20000086                bandwidth_current
 .bss.Kp_Q14    0x20000088        0x2 ./Core/Src/control.o
                0x20000088                Kp_Q14
 .bss.Ki_Q15    0x2000008a        0x2 ./Core/Src/control.o
                0x2000008a                Ki_Q15
 .bss.Kp_s_Q10  0x2000008c        0x2 ./Core/Src/control.o
                0x2000008c                Kp_s_Q10
 .bss.Ki_s_Q13  0x2000008e        0x2 ./Core/Src/control.o
                0x2000008e                Ki_s_Q13
 .bss.I_speed_buffer_q20
                0x20000090        0x4 ./Core/Src/control.o
                0x20000090                I_speed_buffer_q20
 .bss.I_current_buffer_q20
                0x20000094        0x8 ./Core/Src/control.o
                0x20000094                I_current_buffer_q20
 .bss.winduptQ15
                0x2000009c        0x4 ./Core/Src/control.o
                0x2000009c                winduptQ15
 .bss.alpha_t   0x200000a0        0x2 ./Core/Src/control.o
                0x200000a0                alpha_t
 .bss.debug_error_speed
                0x200000a2        0x2 ./Core/Src/control.o
                0x200000a2                debug_error_speed
 .bss.adc_buffer_voltage
                0x200000a4        0x4 ./Core/Src/current_measurement.o
                0x200000a4                adc_buffer_voltage
 .bss.adc_value
                0x200000a8        0x2 ./Core/Src/current_measurement.o
                0x200000a8                adc_value
 *fill*         0x200000aa        0x2 
 .bss.current_value_t
                0x200000ac        0x8 ./Core/Src/current_measurement.o
                0x200000ac                current_value_t
 .bss.debug_current_after_dc
                0x200000b4        0x8 ./Core/Src/current_measurement.o
                0x200000b4                debug_current_after_dc
 .bss.dc_value  0x200000bc        0x8 ./Core/Src/current_measurement.o
                0x200000bc                dc_value
 .bss.lp_z_memory
                0x200000c4        0x8 ./Core/Src/current_measurement.o
                0x200000c4                lp_z_memory
 .bss.cur_val_dc
                0x200000cc        0x8 ./Core/Src/current_measurement.o
                0x200000cc                cur_val_dc
 .bss.I_buffer  0x200000d4        0x4 ./Core/Src/current_measurement.o
                0x200000d4                I_buffer
 .bss.offset_counter
                0x200000d8        0x2 ./Core/Src/current_measurement.o
                0x200000d8                offset_counter
 *fill*         0x200000da        0x2 
 .bss.debug_current
                0x200000dc        0x8 ./Core/Src/current_measurement.o
                0x200000dc                debug_current
 .bss.debug_current_raw
                0x200000e4        0x8 ./Core/Src/current_measurement.o
                0x200000e4                debug_current_raw
 .bss.IIR_DC_FILTER_A
                0x200000ec        0x2 ./Core/Src/current_measurement.o
                0x200000ec                IIR_DC_FILTER_A
 *fill*         0x200000ee        0x2 
 .bss.IIR_DC_Filter_f
                0x200000f0        0x4 ./Core/Src/current_measurement.o
                0x200000f0                IIR_DC_Filter_f
 .bss.ONE_MINUS_IIR_DC_Filter_f
                0x200000f4        0x4 ./Core/Src/current_measurement.o
                0x200000f4                ONE_MINUS_IIR_DC_Filter_f
 .bss.cur_last_val.0
                0x200000f8        0x8 ./Core/Src/current_measurement.o
 .bss.encoder_count
                0x20000100        0x2 ./Core/Src/encoder.o
                0x20000100                encoder_count
 .bss.init_angle_encoder
                0x20000102        0x2 ./Core/Src/encoder.o
                0x20000102                init_angle_encoder
 .bss.count_to_angle
                0x20000104        0x4 ./Core/Src/encoder.o
                0x20000104                count_to_angle
 .bss.encoder_count_large
                0x20000108        0x4 ./Core/Src/encoder.o
                0x20000108                encoder_count_large
 .bss.encoder_speed_last_value
                0x2000010c        0x2 ./Core/Src/encoder.o
                0x2000010c                encoder_speed_last_value
 .bss.iir_a_speed
                0x2000010e        0x2 ./Core/Src/encoder.o
                0x2000010e                iir_a_speed
 .bss.encoder_count_large_lv
                0x20000110        0x2 ./Core/Src/encoder.o
                0x20000110                encoder_count_large_lv
 .bss.counter   0x20000112        0x1 ./Core/Src/encoder.o
                0x20000112                counter
 *fill*         0x20000113        0x1 
 .bss.speed_rad_memory
                0x20000114        0x4 ./Core/Src/encoder.o
                0x20000114                speed_rad_memory
 .bss.speed_t_large
                0x20000118        0x4 ./Core/Src/encoder.o
                0x20000118                speed_t_large
 .bss.encoder_count_uint
                0x2000011c        0x2 ./Core/Src/encoder.o
                0x2000011c                encoder_count_uint
 .bss.encoder_debug
                0x2000011e        0x2 ./Core/Src/encoder.o
                0x2000011e                encoder_debug
 .bss.rotor_position
                0x20000120        0x4 ./Core/Src/encoder.o
                0x20000120                rotor_position
 .bss.encoder_last_value_q15.2
                0x20000124        0x2 ./Core/Src/encoder.o
 *fill*         0x20000126        0x2 
 .bss.filter_val.0
                0x20000128        0x4 ./Core/Src/encoder.o
 .bss.Vdq       0x2000012c        0x8 ./Core/Src/foc.o
                0x2000012c                Vdq
 .bss.pll       0x20000134        0x8 ./Core/Src/foc.o
                0x20000134                pll
 .bss.angle_old
                0x2000013c        0x2 ./Core/Src/foc.o
                0x2000013c                angle_old
 *fill*         0x2000013e        0x2 
 .bss.Vdq_openloop
                0x20000140        0x8 ./Core/Src/foc.o
                0x20000140                Vdq_openloop
 .bss.switch_to_observer
                0x20000148        0x1 ./Core/Src/foc.o
                0x20000148                switch_to_observer
 *fill*         0x20000149        0x3 
 .bss.V_abc_q15
                0x2000014c        0x6 ./Core/Src/foc.o
                0x2000014c                V_abc_q15
 *fill*         0x20000152        0x2 
 .bss.I_alph_bet_q15
                0x20000154        0x4 ./Core/Src/foc.o
                0x20000154                I_alph_bet_q15
 .bss.V_alph_bet_q15
                0x20000158        0x4 ./Core/Src/foc.o
                0x20000158                V_alph_bet_q15
 .bss.el_theta_q15
                0x2000015c        0x4 ./Core/Src/foc.o
                0x2000015c                el_theta_q15
 .bss.Idq_q15   0x20000160        0x4 ./Core/Src/foc.o
                0x20000160                Idq_q15
 .bss.Vdq_q15   0x20000164        0x4 ./Core/Src/foc.o
                0x20000164                Vdq_q15
 .bss.Idq_set_q15
                0x20000168        0x4 ./Core/Src/foc.o
                0x20000168                Idq_set_q15
 .bss.Iab_q15   0x2000016c        0x4 ./Core/Src/foc.o
                0x2000016c                Iab_q15
 .bss.Idq_q15_scope
                0x20000170        0x4 ./Core/Src/foc.o
                0x20000170                Idq_q15_scope
 .bss.Idq_set_q15_scope
                0x20000174        0x4 ./Core/Src/foc.o
                0x20000174                Idq_set_q15_scope
 .bss.debug_PWM_OUT
                0x20000178        0xc ./Core/Src/foc.o
                0x20000178                debug_PWM_OUT
 .bss.idx.3     0x20000184        0x1 ./Core/Src/foc.o
 *fill*         0x20000185        0x3 
 .bss.buffer.2  0x20000188       0x20 ./Core/Src/foc.o
 .bss.idx.1     0x200001a8        0x1 ./Core/Src/foc.o
 *fill*         0x200001a9        0x3 
 .bss.buffer.0  0x200001ac       0x20 ./Core/Src/foc.o
 .bss.IIR_LP    0x200001cc       0x10 ./Core/Src/foc_math.o
                0x200001cc                IIR_LP
 .bss.IIR_LP_t  0x200001dc       0x10 ./Core/Src/foc_math.o
                0x200001dc                IIR_LP_t
 .bss.IIR_vLP   0x200001ec       0x10 ./Core/Src/foc_math.o
                0x200001ec                IIR_vLP
 .bss.IIR_sLP   0x200001fc       0x10 ./Core/Src/foc_math.o
                0x200001fc                IIR_sLP
 .bss.memory_iq
                0x2000020c        0x4 ./Core/Src/foc_math.o
                0x2000020c                memory_iq
 .bss.IIR_LP_a_t
                0x20000210        0x4 ./Core/Src/foc_math.o
                0x20000210                IIR_LP_a_t
 .bss.IIR_LP_speed_a
                0x20000214        0x4 ./Core/Src/foc_math.o
                0x20000214                IIR_LP_speed_a
 .bss.IIR_LP_speed_a_f
                0x20000218        0x4 ./Core/Src/foc_math.o
                0x20000218                IIR_LP_speed_a_f
 .bss.hadc1     0x2000021c       0x6c ./Core/Src/main.o
                0x2000021c                hadc1
 .bss.hadc2     0x20000288       0x6c ./Core/Src/main.o
                0x20000288                hadc2
 .bss.hdma_adc2
                0x200002f4       0x60 ./Core/Src/main.o
                0x200002f4                hdma_adc2
 .bss.hcomp1    0x20000354       0x24 ./Core/Src/main.o
                0x20000354                hcomp1
 .bss.hcomp2    0x20000378       0x24 ./Core/Src/main.o
                0x20000378                hcomp2
 .bss.hcomp4    0x2000039c       0x24 ./Core/Src/main.o
                0x2000039c                hcomp4
 .bss.hdac1     0x200003c0       0x14 ./Core/Src/main.o
                0x200003c0                hdac1
 .bss.hdac3     0x200003d4       0x14 ./Core/Src/main.o
                0x200003d4                hdac3
 .bss.hopamp1   0x200003e8       0x3c ./Core/Src/main.o
                0x200003e8                hopamp1
 .bss.hopamp2   0x20000424       0x3c ./Core/Src/main.o
                0x20000424                hopamp2
 .bss.hopamp3   0x20000460       0x3c ./Core/Src/main.o
                0x20000460                hopamp3
 .bss.htim1     0x2000049c       0x4c ./Core/Src/main.o
                0x2000049c                htim1
 .bss.htim2     0x200004e8       0x4c ./Core/Src/main.o
                0x200004e8                htim2
 .bss.htim4     0x20000534       0x4c ./Core/Src/main.o
                0x20000534                htim4
 .bss.huart2    0x20000580       0x94 ./Core/Src/main.o
                0x20000580                huart2
 .bss.hdma_usart2_rx
                0x20000614       0x60 ./Core/Src/main.o
                0x20000614                hdma_usart2_rx
 .bss.hdma_usart2_tx
                0x20000674       0x60 ./Core/Src/main.o
                0x20000674                hdma_usart2_tx
 .bss.HAL_RCC_ADC12_CLK_ENABLED
                0x200006d4        0x4 ./Core/Src/stm32g4xx_hal_msp.o
 .bss.adc1_ready
                0x200006d8        0x1 ./Core/Src/stm32g4xx_it.o
                0x200006d8                adc1_ready
 .bss.adc2_ready
                0x200006d9        0x1 ./Core/Src/stm32g4xx_it.o
                0x200006d9                adc2_ready
 *fill*         0x200006da        0x2 
 .bss.pwm_output
                0x200006dc        0xc ./Core/Src/svm.o
                0x200006dc                pwm_output
 .bss.voltage   0x200006e8        0xc ./Core/Src/svm.o
                0x200006e8                voltage
 .bss.ENGINE_MODE
                0x200006f4        0x1 ./Core/Src/task.o
                0x200006f4                ENGINE_MODE
 *fill*         0x200006f5        0x3 
 .bss.speed_reference
                0x200006f8        0x4 ./Core/Src/task.o
                0x200006f8                speed_reference
 .bss.position_reference
                0x200006fc        0x4 ./Core/Src/task.o
                0x200006fc                position_reference
 .bss.middlespeed_task_counter
                0x20000700        0x1 ./Core/Src/task.o
                0x20000700                middlespeed_task_counter
 *fill*         0x20000701        0x1 
 .bss.lowspeed_task_counter
                0x20000702        0x2 ./Core/Src/task.o
                0x20000702                lowspeed_task_counter
 .bss.foc_values
                0x20000704       0x6c ./Core/Src/task.o
                0x20000704                foc_values
 .bss.observer_values
                0x20000770       0x2c ./Core/Src/task.o
                0x20000770                observer_values
 .bss.master_command
                0x2000079c        0x4 ./Core/Src/task.o
                0x2000079c                master_command
 .bss.observer_counter
                0x200007a0        0x2 ./Core/Src/task.o
                0x200007a0                observer_counter
 .bss.wait_counter
                0x200007a2        0x2 ./Core/Src/task.o
                0x200007a2                wait_counter
 .bss.automatic_counter
                0x200007a4        0x2 ./Core/Src/task.o
                0x200007a4                automatic_counter
 .bss.openloop_counter
                0x200007a6        0x2 ./Core/Src/task.o
                0x200007a6                openloop_counter
 .bss.safety_counter
                0x200007a8        0x2 ./Core/Src/task.o
                0x200007a8                safety_counter
 *fill*         0x200007aa        0x2 
 .bss.test_function_counter
                0x200007ac        0x4 ./Core/Src/task.o
                0x200007ac                test_function_counter
 .bss.test_function_flag
                0x200007b0        0x1 ./Core/Src/task.o
                0x200007b0                test_function_flag
 *fill*         0x200007b1        0x3 
 .bss.speed_rate_memory
                0x200007b4        0x4 ./Core/Src/task.o
                0x200007b4                speed_rate_memory
 .bss.system_state
                0x200007b8        0x1 ./Core/Src/task.o
                0x200007b8                system_state
 .bss.old_system_state
                0x200007b9        0x1 ./Core/Src/task.o
                0x200007b9                old_system_state
 *fill*         0x200007ba        0x2 
 .bss.open_loop_speed_rpm
                0x200007bc        0x4 ./Core/Src/task.o
                0x200007bc                open_loop_speed_rpm
 .bss.state_encoder
                0x200007c0        0x1 ./Core/Src/task.o
                0x200007c0                state_encoder
 *fill*         0x200007c1        0x3 
 .bss.Iq_set    0x200007c4        0x4 ./Core/Src/task.o
                0x200007c4                Iq_set
 .bss.closed_loop_token
                0x200007c8        0x1 ./Core/Src/task.o
                0x200007c8                closed_loop_token
 .bss.init_safty_flag
                0x200007c9        0x1 ./Core/Src/task.o
                0x200007c9                init_safty_flag
 .bss.timer_state
                0x200007ca        0x1 ./Core/Src/task.o
                0x200007ca                timer_state
 *fill*         0x200007cb        0x1 
 .bss.safty_counter.0
                0x200007cc        0x2 ./Core/Src/task.o
 *fill*         0x200007ce        0x2 
 .bss.uwTick    0x200007d0        0x4 ./Drivers/STM32G4xx_HAL_Driver/Src/stm32g4xx_hal.o
                0x200007d0                uwTick
 *(COMMON)
                0x200007d4                        . = ALIGN (0x4)
                0x200007d4                        _ebss = .
                0x200007d4                        __bss_end__ = _ebss

._user_heap_stack
                0x200007d4      0x604 load address 0x0800e4d8
                0x200007d8                        . = ALIGN (0x8)
 *fill*         0x200007d4        0x4 
                [!provide]                        PROVIDE (end = .)
                0x200007d8                        PROVIDE (_end = .)
                0x200009d8                        . = (. + _Min_Heap_Size)
 *fill*         0x200007d8      0x200 
                0x20000dd8                        . = (. + _Min_Stack_Size)
 *fill*         0x200009d8      0x400 
                0x20000dd8                        . = ALIGN (0x8)

/DISCARD/
 libc.a(*)
 libm.a(*)
 libgcc.a(*)

.ARM.attributes
                0x00000000       0x30
 *(.ARM.attributes)
 .ARM.attributes
                0x00000000       0x22 /Users/gerrygeyer/Library/Application Support/stm32cube/bundles/gnu-tools-for-stm32/14.3.1+st.2/bin/../lib/gcc/arm-none-eabi/14.3.1/thumb/v7e-m+fp/hard/crti.o
 .ARM.attributes
                0x00000022       0x34 /Users/gerrygeyer/Library/Application Support/stm32cube/bundles/gnu-tools-for-stm32/14.3.1+st.2/bin/../lib/gcc/arm-none-eabi/14.3.1/thumb/v7e-m+fp/hard/crtbegin.o
 .ARM.attributes
                0x00000056       0x34 ./Core/Src/communication.o
 .ARM.attributes
                0x0000008a       0x34 ./Core/Src/control.o
 .ARM.attributes
                0x000000be       0x34 ./Core/Src/current_measurement.o
 .ARM.attributes
                0x000000f2       0x34 ./Core/Src/encoder.o
 .ARM.attributes
                0x00000126       0x34 ./Core/Src/foc.o
 .ARM.attributes
                0x0000015a       0x34 ./Core/Src/foc_math.o
 .ARM.attributes
                0x0000018e       0x34 ./Core/Src/main.o
 .ARM.attributes
                0x000001c2       0x34 ./Core/Src/stm32g4xx_hal_msp.o
 .ARM.attributes
                0x000001f6       0x34 ./Core/Src/stm32g4xx_it.o
 .ARM.attributes
                0x0000022a       0x34 ./Core/Src/svm.o
 .ARM.attributes
                0x0000025e       0x34 ./Core/Src/system_stm32g4xx.o
 .ARM.attributes
                0x00000292       0x34 ./Core/Src/task.o
 .ARM.attributes
                0x000002c6       0x21 ./Core/Startup/startup_stm32g431cbux.o
 .ARM.attributes
                0x000002e7       0x34 ./Drivers/STM32G4xx_HAL_Driver/Src/stm32g4xx_hal.o
 .ARM.attributes
                0x0000031b       0x34 ./Drivers/STM32G4xx_HAL_Driver/Src/stm32g4xx_hal_adc.o
 .ARM.attributes
                0x0000034f       0x34 ./Drivers/STM32G4xx_HAL_Driver/Src/stm32g4xx_hal_adc_ex.o
 .ARM.attributes
                0x00000383       0x34 ./Drivers/STM32G4xx_HAL_Driver/Src/stm32g4xx_hal_comp.o
 .ARM.attributes
                0x000003b7       0x34 ./Drivers/STM32G4xx_HAL_Driver/Src/stm32g4xx_hal_cortex.o
 .ARM.attributes
                0x000003eb       0x34 ./Drivers/STM32G4xx_HAL_Driver/Src/stm32g4xx_hal_dac.o
 .ARM.attributes
                0x0000041f       0x34 ./Drivers/STM32G4xx_HAL_Driver/Src/stm32g4xx_hal_dac_ex.o
 .ARM.attributes
                0x00000453       0x34 ./Drivers/STM32G4xx_HAL_Driver/Src/stm32g4xx_hal_dma.o
 .ARM.attributes
                0x00000487       0x34 ./Drivers/STM32G4xx_HAL_Driver/Src/stm32g4xx_hal_gpio.o
 .ARM.attributes
                0x000004bb       0x34 ./Drivers/STM32G4xx_HAL_Driver/Src/stm32g4xx_hal_opamp.o
 .ARM.attributes
                0x000004ef       0x34 ./Drivers/STM32G4xx_HAL_Driver/Src/stm32g4xx_hal_pwr_ex.o
 .ARM.attributes
                0x00000523       0x34 ./Drivers/STM32G4xx_HAL_Driver/Src/stm32g4xx_hal_rcc.o
 .ARM.attributes
                0x00000557       0x34 ./Drivers/STM32G4xx_HAL_Driver/Src/stm32g4xx_hal_rcc_ex.o
 .ARM.attributes
                0x0000058b       0x34 ./Drivers/STM32G4xx_HAL_Driver/Src/stm32g4xx_hal_tim.o
 .ARM.attributes
                0x000005bf       0x34 ./Drivers/STM32G4xx_HAL_Driver/Src/stm32g4xx_hal_tim_ex.o
 .ARM.attributes
                0x000005f3       0x34 ./Drivers/STM32G4xx_HAL_Driver/Src/stm32g4xx_hal_uart.o
 .ARM.attributes
                0x00000627       0x34 ./Drivers/STM32G4xx_HAL_Driver/Src/stm32g4xx_hal_uart_ex.o
 .ARM.attributes
                0x0000065b       0x34 /Users/gerrygeyer/Library/Application Support/stm32cube/bundles/gnu-tools-for-stm32/14.3.1+st.2/bin/../lib/gcc/arm-none-eabi/14.3.1/../../../../arm-none-eabi/lib/thumb/v7e-m+fp/hard/libc_nano.a(libc_a-memset.o)
 .ARM.attributes
                0x0000068f       0x34 /Users/gerrygeyer/Library/Application Support/stm32cube/bundles/gnu-tools-for-stm32/14.3.1+st.2/bin/../lib/gcc/arm-none-eabi/14.3.1/../../../../arm-none-eabi/lib/thumb/v7e-m+fp/hard/libc_nano.a(libc_a-init.o)
 .ARM.attributes
                0x000006c3       0x22 /Users/gerrygeyer/Library/Application Support/stm32cube/bundles/gnu-tools-for-stm32/14.3.1+st.2/bin/../lib/gcc/arm-none-eabi/14.3.1/thumb/v7e-m+fp/hard/libgcc.a(_arm_addsubdf3.o)
 .ARM.attributes
                0x000006e5       0x22 /Users/gerrygeyer/Library/Application Support/stm32cube/bundles/gnu-tools-for-stm32/14.3.1+st.2/bin/../lib/gcc/arm-none-eabi/14.3.1/thumb/v7e-m+fp/hard/libgcc.a(_arm_muldivdf3.o)
 .ARM.attributes
                0x00000707       0x22 /Users/gerrygeyer/Library/Application Support/stm32cube/bundles/gnu-tools-for-stm32/14.3.1+st.2/bin/../lib/gcc/arm-none-eabi/14.3.1/thumb/v7e-m+fp/hard/libgcc.a(_arm_truncdfsf2.o)
 .ARM.attributes
                0x00000729       0x22 /Users/gerrygeyer/Library/Application Support/stm32cube/bundles/gnu-tools-for-stm32/14.3.1+st.2/bin/../lib/gcc/arm-none-eabi/14.3.1/thumb/v7e-m+fp/hard/libgcc.a(_aeabi_uldivmod.o)
 .ARM.attributes
                0x0000074b       0x34 /Users/gerrygeyer/Library/Application Support/stm32cube/bundles/gnu-tools-for-stm32/14.3.1+st.2/bin/../lib/gcc/arm-none-eabi/14.3.1/thumb/v7e-m+fp/hard/libgcc.a(_udivmoddi4.o)
 .ARM.attributes
                0x0000077f       0x22 /Users/gerrygeyer/Library/Application Support/stm32cube/bundles/gnu-tools-for-stm32/14.3.1+st.2/bin/../lib/gcc/arm-none-eabi/14.3.1/thumb/v7e-m+fp/hard/libgcc.a(_dvmd_tls.o)
 .ARM.attributes
                0x000007a1       0x22 /Users/gerrygeyer/Library/Application Support/stm32cube/bundles/gnu-tools-for-stm32/14.3.1+st.2/bin/../lib/gcc/arm-none-eabi/14.3.1/thumb/v7e-m+fp/hard/crtn.o
OUTPUT(DRONE_B-G431B-ESC1.elf elf32-littlearm)
LOAD linker stubs
LOAD /Users/gerrygeyer/Library/Application Support/stm32cube/bundles/gnu-tools-for-stm32/14.3.1+st.2/bin/../lib/gcc/arm-none-eabi/14.3.1/../../../../arm-none-eabi/lib/thumb/v7e-m+fp/hard/libc.a
LOAD /Users/gerrygeyer/Library/Application Support/stm32cube/bundles/gnu-tools-for-stm32/14.3.1+st.2/bin/../lib/gcc/arm-none-eabi/14.3.1/../../../../arm-none-eabi/lib/thumb/v7e-m+fp/hard/libm.a
LOAD /Users/gerrygeyer/Library/Application Support/stm32cube/bundles/gnu-tools-for-stm32/14.3.1+st.2/bin/../lib/gcc/arm-none-eabi/14.3.1/thumb/v7e-m+fp/hard/libgcc.a

.debug_info     0x00000000    0x20fd6
 .debug_info    0x00000000      0xe7f ./Core/Src/communication.o
 .debug_info    0x00000e7f      0x979 ./Core/Src/control.o
 .debug_info    0x000017f8      0xc6c ./Core/Src/current_measurement.o
 .debug_info    0x00002464      0xd2c ./Core/Src/encoder.o
 .debug_info    0x00003190      0xc7c ./Core/Src/foc.o
 .debug_info    0x00003e0c      0x8e8 ./Core/Src/foc_math.o
 .debug_info    0x000046f4     0x29dc ./Core/Src/main.o
 .debug_info    0x000070d0     0x214e ./Core/Src/stm32g4xx_hal_msp.o
 .debug_info    0x0000921e     0x15be ./Core/Src/stm32g4xx_it.o
 .debug_info    0x0000a7dc      0x554 ./Core/Src/svm.o
 .debug_info    0x0000ad30      0x58e ./Core/Src/system_stm32g4xx.o
 .debug_info    0x0000b2be      0xbe4 ./Core/Src/task.o
 .debug_info    0x0000bea2       0x30 ./Core/Startup/startup_stm32g431cbux.o
 .debug_info    0x0000bed2      0xadb ./Drivers/STM32G4xx_HAL_Driver/Src/stm32g4xx_hal.o
 .debug_info    0x0000c9ad     0x2063 ./Drivers/STM32G4xx_HAL_Driver/Src/stm32g4xx_hal_adc.o
 .debug_info    0x0000ea10     0x1d80 ./Drivers/STM32G4xx_HAL_Driver/Src/stm32g4xx_hal_adc_ex.o
 .debug_info    0x00010790      0x6f3 ./Drivers/STM32G4xx_HAL_Driver/Src/stm32g4xx_hal_comp.o
 .debug_info    0x00010e83      0xd3f ./Drivers/STM32G4xx_HAL_Driver/Src/stm32g4xx_hal_cortex.o
 .debug_info    0x00011bc2      0xcbc ./Drivers/STM32G4xx_HAL_Driver/Src/stm32g4xx_hal_dac.o
 .debug_info    0x0001287e      0xd74 ./Drivers/STM32G4xx_HAL_Driver/Src/stm32g4xx_hal_dac_ex.o
 .debug_info    0x000135f2      0x85f ./Drivers/STM32G4xx_HAL_Driver/Src/stm32g4xx_hal_dma.o
 .debug_info    0x00013e51      0x763 ./Drivers/STM32G4xx_HAL_Driver/Src/stm32g4xx_hal_gpio.o
 .debug_info    0x000145b4      0x76a ./Drivers/STM32G4xx_HAL_Driver/Src/stm32g4xx_hal_opamp.o
 .debug_info    0x00014d1e      0x93f ./Drivers/STM32G4xx_HAL_Driver/Src/stm32g4xx_hal_pwr_ex.o
 .debug_info    0x0001565d      0xb82 ./Drivers/STM32G4xx_HAL_Driver/Src/stm32g4xx_hal_rcc.o
 .debug_info    0x000161df      0xc15 ./Drivers/STM32G4xx_HAL_Driver/Src/stm32g4xx_hal_rcc_ex.o