../Core/Src/main.c:112:5:main	16	static
../Core/Src/main.c:286:6:SystemClock_Config	88	static
../Core/Src/main.c:332:13:MX_ADC1_Init	80	static
../Core/Src/main.c:405:13:MX_ADC2_Init	104	static
../Core/Src/main.c:485:13:MX_COMP1_Init	8	static
../Core/Src/main.c:517:13:MX_COMP2_Init	8	static
../Core/Src/main.c:549:13:MX_COMP4_Init	8	static
../Core/Src/main.c:581:13:MX_DAC1_Init	56	static
../Core/Src/main.c:635:13:MX_DAC3_Init	56	static
../Core/Src/main.c:682:13:MX_OPAMP1_Init	8	static
../Core/Src/main.c:716:13:MX_OPAMP2_Init	8	static
../Core/Src/main.c:750:13:MX_OPAMP3_Init	8	static
../Core/Src/main.c:784:13:MX_TIM1_Init	120	static
../Core/Src/main.c:880:13:MX_TIM2_Init	64	static
../Core/Src/main.c:938:13:MX_TIM4_Init	56	static
../Core/Src/main.c:987:13:MX_USART2_UART_Init	8	static
../Core/Src/main.c:1033:13:MX_DMA_Init	24	static
../Core/Src/main.c:1059:13:MX_GPIO_Init	48	static
../Core/Src/main.c:1103:6:Error_Handler	4	static,ignoring_inline_asm
