../Core/Src/stm32g4xx_it.c:90:6:NMI_Handler	4	static
../Core/Src/stm32g4xx_it.c:105:6:HardFault_Handler	4	static
../Core/Src/stm32g4xx_it.c:120:6:MemManage_Handler	4	static
../Core/Src/stm32g4xx_it.c:135:6:BusFault_Handler	4	static
../Core/Src/stm32g4xx_it.c:150:6:UsageFault_Handler	4	static
../Core/Src/stm32g4xx_it.c:165:6:SVC_Handler	4	static
../Core/Src/stm32g4xx_it.c:178:6:DebugMon_Handler	4	static
../Core/Src/stm32g4xx_it.c:191:6:PendSV_Handler	4	static
../Core/Src/stm32g4xx_it.c:204:6:SysTick_Handler	8	static
../Core/Src/stm32g4xx_it.c:225:6:DMA1_Channel1_IRQHandler	8	static
../Core/Src/stm32g4xx_it.c:239:6:DMA1_Channel2_IRQHandler	8	static
../Core/Src/stm32g4xx_it.c:253:6:ADC1_2_IRQHandler	8	static
../Core/Src/stm32g4xx_it.c:286:6:EXTI9_5_IRQHandler	8	static
../Core/Src/stm32g4xx_it.c:299:6:TIM4_IRQHandler	8	static
../Core/Src/stm32g4xx_it.c:313:6:USART2_IRQHandler	8	static
../Core/Src/stm32g4xx_it.c:327:6:TIM6_DAC_IRQHandler	8	static
../Core/Src/stm32g4xx_it.c:342:6:DMA2_Channel1_IRQHandler	8	static
../Core/Src/stm32g4xx_it.c:356:6:COMP1_2_3_IRQHandler	8	static
../Core/Src/stm32g4xx_it.c:372:6:COMP4_IRQHandler	8	static
